Archive member included to satisfy reference by file (symbol)

C:/Program Files/SEGGER/SEGGER Embedded Studio for ARM 7.10/lib/libc_v7em_fpv4_sp_d16_hard_t_le_eabi_balanced.a(fileops.o)
                              Output/Debug/Obj/nfc_spk_pca10100/main.o (puts)
C:/Program Files/SEGGER/SEGGER Embedded Studio for ARM 7.10/lib/libc_v7em_fpv4_sp_d16_hard_t_le_eabi_balanced.a(intasmops_arm.o)
                              Output/Debug/Obj/nfc_spk_pca10100/bsp.o (__aeabi_uldivmod)
C:/Program Files/SEGGER/SEGGER Embedded Studio for ARM 7.10/lib/libc_v7em_fpv4_sp_d16_hard_t_le_eabi_balanced.a(mbops.o)
                              Output/Debug/Obj/nfc_spk_pca10100/nrf_log_str_formatter.o (isprint)
C:/Program Files/SEGGER/SEGGER Embedded Studio for ARM 7.10/lib/libc_v7em_fpv4_sp_d16_hard_t_le_eabi_balanced.a(sortops.o)
                              C:/Program Files/SEGGER/SEGGER Embedded Studio for ARM 7.10/lib/libc_v7em_fpv4_sp_d16_hard_t_le_eabi_balanced.a(mbops.o) (bsearch)
C:/Program Files/SEGGER/SEGGER Embedded Studio for ARM 7.10/lib/libc_v7em_fpv4_sp_d16_hard_t_le_eabi_balanced.a(strasmops_arm.o)
                              Output/Debug/Obj/nfc_spk_pca10100/adafruit_pn532.o (strlen)
C:/Program Files/SEGGER/SEGGER Embedded Studio for ARM 7.10/lib/libc_v7em_fpv4_sp_d16_hard_t_le_eabi_balanced.a(strops.o)
                              Output/Debug/Obj/nfc_spk_pca10100/adafruit_pn532.o (memcmp)
C:/Program Files/SEGGER/SEGGER Embedded Studio for ARM 7.10/lib/libc_v7em_fpv4_sp_d16_hard_t_le_eabi_balanced.a(timeops.o)
                              C:/Program Files/SEGGER/SEGGER Embedded Studio for ARM 7.10/lib/libc_v7em_fpv4_sp_d16_hard_t_le_eabi_balanced.a(mbops.o) (__SEGGER_RTL_string_list_encode)
C:/Program Files/SEGGER/SEGGER Embedded Studio for ARM 7.10/lib/libc_v7em_fpv4_sp_d16_hard_t_le_eabi_balanced.a(prinops.o)
                              Output/Debug/Obj/nfc_spk_pca10100/main.o (snprintf)
C:/Program Files/SEGGER/SEGGER Embedded Studio for ARM 7.10/lib/libc_v7em_fpv4_sp_d16_hard_t_le_eabi_balanced.a(__SEGGER_RTL_vfprintf_long.o)
                              (__SEGGER_RTL_vfprintf_long)
C:/Program Files/SEGGER/SEGGER Embedded Studio for ARM 7.10/lib/libc_v7em_fpv4_sp_d16_hard_t_le_eabi_balanced.a(__SEGGER_RTL_vfscanf_long.o)
                              (__SEGGER_RTL_vfscanf_long)
C:/Program Files/SEGGER/SEGGER Embedded Studio for ARM 7.10/lib/libc_v7em_fpv4_sp_d16_hard_t_le_eabi_balanced.a(errno.o)
                              C:/Program Files/SEGGER/SEGGER Embedded Studio for ARM 7.10/lib/libc_v7em_fpv4_sp_d16_hard_t_le_eabi_balanced.a(fileops.o) (__aeabi_errno_addr)
C:/Program Files/SEGGER/SEGGER Embedded Studio for ARM 7.10/lib/libc_v7em_fpv4_sp_d16_hard_t_le_eabi_balanced.a(execops.o)
                              C:/Program Files/SEGGER/SEGGER Embedded Studio for ARM 7.10/lib/libc_v7em_fpv4_sp_d16_hard_t_le_eabi_balanced.a(strops.o) (__SEGGER_RTL_constraint_violation)
C:/Program Files/SEGGER/SEGGER Embedded Studio for ARM 7.10/lib/libc_v7em_fpv4_sp_d16_hard_t_le_eabi_balanced.a(execops_arm.o)
                              C:/Program Files/SEGGER/SEGGER Embedded Studio for ARM 7.10/lib/libc_v7em_fpv4_sp_d16_hard_t_le_eabi_balanced.a(execops.o) (__aeabi_SIGABRT)
C:/Program Files/SEGGER/SEGGER Embedded Studio for ARM 7.10/lib/libc_v7em_fpv4_sp_d16_hard_t_le_eabi_balanced.a(floatasmops_arm.o)
                              C:/Program Files/SEGGER/SEGGER Embedded Studio for ARM 7.10/lib/libc_v7em_fpv4_sp_d16_hard_t_le_eabi_balanced.a(timeops.o) (__aeabi_i2d)
C:/Program Files/SEGGER/SEGGER Embedded Studio for ARM 7.10/lib/libc_v7em_fpv4_sp_d16_hard_t_le_eabi_balanced.a(intops.o)
                              C:/Program Files/SEGGER/SEGGER Embedded Studio for ARM 7.10/lib/libc_v7em_fpv4_sp_d16_hard_t_le_eabi_balanced.a(timeops.o) (div)
C:/Program Files/SEGGER/SEGGER Embedded Studio for ARM 7.10/lib/libc_v7em_fpv4_sp_d16_hard_t_le_eabi_balanced.a(utilops.o)
                              C:/Program Files/SEGGER/SEGGER Embedded Studio for ARM 7.10/lib/libc_v7em_fpv4_sp_d16_hard_t_le_eabi_balanced.a(__SEGGER_RTL_vfscanf_long.o) (__SEGGER_RTL_digit)
C:/Program Files/SEGGER/SEGGER Embedded Studio for ARM 7.10/lib/libc_v7em_fpv4_sp_d16_hard_t_le_eabi_balanced.a(convops.o)
                              C:/Program Files/SEGGER/SEGGER Embedded Studio for ARM 7.10/lib/libc_v7em_fpv4_sp_d16_hard_t_le_eabi_balanced.a(execops.o) (itoa)
C:/Program Files/SEGGER/SEGGER Embedded Studio for ARM 7.10/lib/libc_v7em_fpv4_sp_d16_hard_t_le_eabi_balanced.a(floatops.o)
                              C:/Program Files/SEGGER/SEGGER Embedded Studio for ARM 7.10/lib/libc_v7em_fpv4_sp_d16_hard_t_le_eabi_balanced.a(convops.o) (__SEGGER_RTL_float32_isinf)
C:/Program Files/SEGGER/SEGGER Embedded Studio for ARM 7.10/lib/heapops_basic_v7em_fpv4_sp_d16_hard_t_le_eabi_balanced.a(heapops_basic.o)
                              Output/Debug/Obj/nfc_spk_pca10100/thumb_crt0.o (__SEGGER_RTL_init_heap)
[...]
Memory Configuration

Name             Origin             Length             Attributes
UNPLACED_SECTIONS 0x0000000100000000 0x0000000000000000 xw
RAM1             0x0000000020000000 0x0000000000010000 xw
FLASH1           0x0000000000000000 0x0000000000080000 xw
*default*        0x0000000000000000 0xffffffffffffffff

Linker script and memory map

                0x000000000000df40                __SEGGER_RTL_vfprintf = __SEGGER_RTL_vfprintf_long
                0x0000000000000000                __SEGGER_RTL_vfscanf = __SEGGER_RTL_vfscanf_long
                0x0000000020000000                __RAM1_segment_start__ = 0x20000000
                0x0000000020010000                __RAM1_segment_end__ = 0x20010000
                0x0000000000010000                __RAM1_segment_size__ = 0x10000
                0x0000000000000000                __FLASH1_segment_start__ = 0x0
                0x0000000000080000                __FLASH1_segment_end__ = 0x80000
                0x0000000000080000                __FLASH1_segment_size__ = 0x80000
                0x0000000000002000                __HEAPSIZE__ = 0x2000
                0x0000000000000000                __STACKSIZE_PROCESS__ = 0x0
                0x0000000000002000                __STACKSIZE__ = 0x2000
                0x0000000020000000                __vectors_ram_load_start__ = 0x20000000

.vectors_ram    0x0000000020000000        0x0
                0x0000000020000000                __vectors_ram_start__ = .
                0x0000000020000000                __app_ram_start__ = __vectors_ram_start__
 *(.vectors_ram .vectors_ram.*)
                0x0000000020000000                __vectors_ram_end__ = (__vectors_ram_start__ + SIZEOF (.vectors_ram))
                0x0000000000000000                __vectors_ram_size__ = SIZEOF (.vectors_ram)
                0x0000000020000000                __vectors_ram_load_end__ = __vectors_ram_end__
                0x0000000000000001                . = ASSERT (((__vectors_ram_start__ == __vectors_ram_end__) || ((__vectors_ram_end__ - __RAM1_segment_start__) <= __RAM1_segment_size__)), error: .vectors_ram is too large to fit in RAM1 memory segment)
                0x0000000020000000                __nrf_sections_run_load_start__ = ALIGN (__vectors_ram_end__, 0x4)

.nrf_sections_run
                0x0000000020000000        0x0
                0x0000000020000000                __nrf_sections_run_start__ = .
                0x0000000020000000                __start_nrf_sections_run = __nrf_sections_run_start__
 *(.nrf_sections_run .nrf_sections_run.*)
                0x0000000020000000                __nrf_sections_run_end__ = (__nrf_sections_run_start__ + SIZEOF (.nrf_sections_run))
                0x0000000000000000                __nrf_sections_run_size__ = SIZEOF (.nrf_sections_run)
                0x0000000020000000                __nrf_sections_run_load_end__ = __nrf_sections_run_end__
                0x0000000000000001                . = ASSERT (((__nrf_sections_run_start__ == __nrf_sections_run_end__) || ((__nrf_sections_run_end__ - __RAM1_segment_start__) <= __RAM1_segment_size__)), error: .nrf_sections_run is too large to fit in RAM1 memory segment)
                0x0000000000000000                __vectors_load_start__ = 0x0

.vectors        0x0000000000000000      0x200
                0x0000000000000000                __vectors_start__ = .
 *(.vectors .vectors.*)
 .vectors       0x0000000000000000      0x200 Output/Debug/Obj/nfc_spk_pca10100/ses_startup_nrf52.o
                0x0000000000000000                _vectors
                0x0000000000000200                __vectors_end__ = (__vectors_start__ + SIZEOF (.vectors))
                0x0000000000000200                __vectors_size__ = SIZEOF (.vectors)
                0x0000000000000200                __vectors_load_end__ = __vectors_end__
                0x0000000000000001                . = ASSERT (((__vectors_start__ == __vectors_end__) || ((__vectors_end__ - __FLASH1_segment_start__) <= __FLASH1_segment_size__)), error: .vectors is too large to fit in FLASH1 memory segment)
                0x0000000000000200                __init_load_start__ = ALIGN (__vectors_end__, 0x4)

.init           0x0000000000000200      0x1cc
                0x0000000000000200                __init_start__ = .
 *(.init .init.*)
 .init          0x0000000000000200       0x18 Output/Debug/Obj/nfc_spk_pca10100/ses_startup_nrf52.o
                0x0000000000000200                NMI_Handler
                0x0000000000000204                MemoryManagement_Handler
                0x0000000000000206                BusFault_Handler
                0x0000000000000208                UsageFault_Handler
                0x000000000000020a                SVC_Handler
                0x000000000000020c                DebugMon_Handler
                0x000000000000020e                PendSV_Handler
                0x0000000000000210                SysTick_Handler
                0x0000000000000212                PWM1_IRQHandler
                0x0000000000000212                SWI0_EGU0_IRQHandler
                0x0000000000000212                POWER_CLOCK_IRQHandler
                0x0000000000000212                RADIO_IRQHandler
                0x0000000000000212                PDM_IRQHandler
                0x0000000000000212                TEMP_IRQHandler
                0x0000000000000212                QDEC_IRQHandler
                0x0000000000000212                RTC0_IRQHandler
                0x0000000000000212                FPU_IRQHandler
                0x0000000000000212                SWI2_EGU2_IRQHandler
                0x0000000000000212                TIMER4_IRQHandler
                0x0000000000000212                I2S_IRQHandler
                0x0000000000000212                SWI4_EGU4_IRQHandler
                0x0000000000000212                TIMER0_IRQHandler
                0x0000000000000212                Dummy_Handler
                0x0000000000000212                TIMER1_IRQHandler
                0x0000000000000212                PWM2_IRQHandler
                0x0000000000000212                ECB_IRQHandler
                0x0000000000000212                SPIM1_SPIS1_TWIM1_TWIS1_SPI1_TWI1_IRQHandler
                0x0000000000000212                SAADC_IRQHandler
                0x0000000000000212                CCM_AAR_IRQHandler
                0x0000000000000212                WDT_IRQHandler
                0x0000000000000212                TIMER3_IRQHandler
                0x0000000000000212                SWI5_EGU5_IRQHandler
                0x0000000000000212                RNG_IRQHandler
                0x0000000000000212                RTC2_IRQHandler
                0x0000000000000212                PWM0_IRQHandler
                0x0000000000000212                SWI3_EGU3_IRQHandler
                0x0000000000000212                SWI1_EGU1_IRQHandler
                0x0000000000000212                SPIM2_SPIS2_SPI2_IRQHandler
                0x0000000000000212                NFCT_IRQHandler
                0x0000000000000212                TIMER2_IRQHandler
                0x0000000000000212                MWU_IRQHandler
                0x0000000000000212                COMP_LPCOMP_IRQHandler
                0x0000000000000214                nRFInitialize
 .init          0x0000000000000218       0x5c Output/Debug/Obj/nfc_spk_pca10100/ses_startup_nrf_common.o
                0x0000000000000218                Reset_Handler
                0x000000000000021c                afterInitialize
                0x0000000000000240                InitializeUserMemorySections
 .init          0x0000000000000274      0x158 Output/Debug/Obj/nfc_spk_pca10100/thumb_crt0.o
                0x0000000000000274                _start
                0x0000000000000322                exit
                0x00000000000003cc                __init_end__ = (__init_start__ + SIZEOF (.init))
                0x00000000000001cc                __init_size__ = SIZEOF (.init)
                0x00000000000003cc                __init_load_end__ = __init_end__
                0x0000000000000001                . = ASSERT (((__init_start__ == __init_end__) || ((__init_end__ - __FLASH1_segment_start__) <= __FLASH1_segment_size__)), error: .init is too large to fit in FLASH1 memory segment)
                0x00000000000003cc                __init_rodata_load_start__ = ALIGN (__init_end__, 0x4)

.init_rodata    0x00000000000003cc        0x0
                0x00000000000003cc                __init_rodata_start__ = .
 *(.init_rodata .init_rodata.*)
                0x00000000000003cc                __init_rodata_end__ = (__init_rodata_start__ + SIZEOF (.init_rodata))
                0x0000000000000000                __init_rodata_size__ = SIZEOF (.init_rodata)
                0x00000000000003cc                __init_rodata_load_end__ = __init_rodata_end__
                0x0000000000000001                . = ASSERT (((__init_rodata_start__ == __init_rodata_end__) || ((__init_rodata_end__ - __FLASH1_segment_start__) <= __FLASH1_segment_size__)), error: .init_rodata is too large to fit in FLASH1 memory segment)
                0x00000000000003cc                __text_load_start__ = ALIGN (__init_rodata_end__, 0x4)

.text           0x00000000000003cc     0xe0cc
                0x00000000000003cc                __text_start__ = .
 *(.text .text.* .gnu.linkonce.t.* .glue_7t .glue_7 .gcc_except_table .ARM.extab* .gnu.linkonce.armextab.*)
 .glue_7        0x00000000000003cc        0x0 linker stubs
 .glue_7t       0x00000000000003cc        0x0 linker stubs
 .text.nrfx_coredep_delay_us
                0x00000000000003cc       0x30 Output/Debug/Obj/nfc_spk_pca10100/main.o
 .text.nrf_drv_twi_enable
                0x00000000000003fc       0x18 Output/Debug/Obj/nfc_spk_pca10100/main.o
 .text.nrf_gpio_pin_port_decode
                0x0000000000000414       0x4c Output/Debug/Obj/nfc_spk_pca10100/main.o
 .text.nrf_gpio_cfg
                0x0000000000000460       0x62 Output/Debug/Obj/nfc_spk_pca10100/main.o
 .text.nrf_gpio_cfg_output
                0x00000000000004c2       0x22 Output/Debug/Obj/nfc_spk_pca10100/main.o
 .text.nrf_gpio_pin_set
                0x00000000000004e4       0x28 Output/Debug/Obj/nfc_spk_pca10100/main.o
 .text.nrf_gpio_pin_clear
                0x000000000000050c       0x28 Output/Debug/Obj/nfc_spk_pca10100/main.o
 .text.nrf_gpio_port_out_set
                0x0000000000000534       0x14 Output/Debug/Obj/nfc_spk_pca10100/main.o
 .text.nrf_gpio_port_out_clear
                0x0000000000000548       0x14 Output/Debug/Obj/nfc_spk_pca10100/main.o
 .text.nrf_gpio_pin_present_check
                0x000000000000055c       0x50 Output/Debug/Obj/nfc_spk_pca10100/main.o
 .text.nrf_delay_ms
                0x00000000000005ac       0x2a Output/Debug/Obj/nfc_spk_pca10100/main.o
 *fill*         0x00000000000005d6        0x2 
 .text.utils_setup
                0x00000000000005d8       0xb0 Output/Debug/Obj/nfc_spk_pca10100/main.o
                0x00000000000005d8                utils_setup
 .text.ndef_data_analyze
                0x0000000000000688       0x6c Output/Debug/Obj/nfc_spk_pca10100/main.o
                0x0000000000000688                ndef_data_analyze
 .text.t2t_data_read
                0x00000000000006f4      0x108 Output/Debug/Obj/nfc_spk_pca10100/main.o
                0x00000000000006f4                t2t_data_read
 .text.t2t_data_analyze
                0x00000000000007fc       0xb0 Output/Debug/Obj/nfc_spk_pca10100/main.o
                0x00000000000007fc                t2t_data_analyze
 .text.t2t_data_read_and_analyze
                0x00000000000008ac       0x38 Output/Debug/Obj/nfc_spk_pca10100/main.o
                0x00000000000008ac                t2t_data_read_and_analyze
 .text.t4t_data_read_and_analyze
                0x00000000000008e4      0x19c Output/Debug/Obj/nfc_spk_pca10100/main.o
                0x00000000000008e4                t4t_data_read_and_analyze
 .text.tag_type_identify
                0x0000000000000a80       0x3e Output/Debug/Obj/nfc_spk_pca10100/main.o
                0x0000000000000a80                tag_type_identify
 *fill*         0x0000000000000abe        0x2 
 .text.i2c_init
                0x0000000000000ac0       0x5c Output/Debug/Obj/nfc_spk_pca10100/main.o
                0x0000000000000ac0                i2c_init
 .text.pn532_init
                0x0000000000000b1c       0x1c Output/Debug/Obj/nfc_spk_pca10100/main.o
                0x0000000000000b1c                pn532_init
 .text.tag_detect_and_read
                0x0000000000000b38       0xb0 Output/Debug/Obj/nfc_spk_pca10100/main.o
                0x0000000000000b38                tag_detect_and_read
 .text.after_read_delay
                0x0000000000000be8       0x34 Output/Debug/Obj/nfc_spk_pca10100/main.o
                0x0000000000000be8                after_read_delay
 .text.addr_eeprom_spk_with_counter
                0x0000000000000c1c       0x1a Output/Debug/Obj/nfc_spk_pca10100/main.o
 *fill*         0x0000000000000c36        0x2 
 .text.button_event_handler
                0x0000000000000c38      0x6c8 Output/Debug/Obj/nfc_spk_pca10100/main.o
 .text.button_init
                0x0000000000001300       0xe0 Output/Debug/Obj/nfc_spk_pca10100/main.o
 .text.after_found
                0x00000000000013e0      0x16c Output/Debug/Obj/nfc_spk_pca10100/main.o
 .text.timer_handler
                0x000000000000154c       0x40 Output/Debug/Obj/nfc_spk_pca10100/main.o
 .text.timer_button_handler
                0x000000000000158c       0x68 Output/Debug/Obj/nfc_spk_pca10100/main.o
 .text.display_idle
                0x00000000000015f4       0x64 Output/Debug/Obj/nfc_spk_pca10100/main.o
 .text.display_start
                0x0000000000001658       0x78 Output/Debug/Obj/nfc_spk_pca10100/main.o
 .text.update_display_counter
                0x00000000000016d0      0x114 Output/Debug/Obj/nfc_spk_pca10100/main.o
 .text.update_display_choose_spk
                0x00000000000017e4       0xb0 Output/Debug/Obj/nfc_spk_pca10100/main.o
 .text.display_counting_done
                0x0000000000001894       0x64 Output/Debug/Obj/nfc_spk_pca10100/main.o
 .text.update_display_state
                0x00000000000018f8       0x74 Output/Debug/Obj/nfc_spk_pca10100/main.o
 .text.startup_spk_counter_eeprom
                0x000000000000196c      0x164 Output/Debug/Obj/nfc_spk_pca10100/main.o
 .text.save_current_counter
                0x0000000000001ad0       0xa4 Output/Debug/Obj/nfc_spk_pca10100/main.o
 .text.main     0x0000000000001b74      0x250 Output/Debug/Obj/nfc_spk_pca10100/main.o
                0x0000000000001b74                main
 .text.__NVIC_SystemReset
                0x0000000000001dc4       0x28 Output/Debug/Obj/nfc_spk_pca10100/system_nrf52.o
 .text.nrf52_errata_36
                0x0000000000001dec       0x50 Output/Debug/Obj/nfc_spk_pca10100/system_nrf52.o
 .text.nrf52_errata_66
                0x0000000000001e3c       0x50 Output/Debug/Obj/nfc_spk_pca10100/system_nrf52.o
 .text.nrf52_errata_136
                0x0000000000001e8c       0x50 Output/Debug/Obj/nfc_spk_pca10100/system_nrf52.o
 .text.nrf52_errata_249
                0x0000000000001edc       0x50 Output/Debug/Obj/nfc_spk_pca10100/system_nrf52.o
 .text.nrf52_handle_approtect
                0x0000000000001f2c       0x20 Output/Debug/Obj/nfc_spk_pca10100/system_nrf52.o
 .text.nvmc_wait
                0x0000000000001f4c       0x18 Output/Debug/Obj/nfc_spk_pca10100/system_nrf52.o
                0x0000000000001f4c                nvmc_wait
 .text.nvmc_config
                0x0000000000001f64       0x20 Output/Debug/Obj/nfc_spk_pca10100/system_nrf52.o
                0x0000000000001f64                nvmc_config
 .text.SystemCoreClockUpdate
                0x0000000000001f84       0x14 Output/Debug/Obj/nfc_spk_pca10100/system_nrf52.o
                0x0000000000001f84                SystemCoreClockUpdate
 .text.SystemInit
                0x0000000000001f98      0x1bc Output/Debug/Obj/nfc_spk_pca10100/system_nrf52.o
                0x0000000000001f98                SystemInit
 .text.uint32_big_decode
                0x0000000000002154       0x2c Output/Debug/Obj/nfc_spk_pca10100/adafruit_pn532.o
 .text.nrfx_coredep_delay_us
                0x0000000000002180       0x30 Output/Debug/Obj/nfc_spk_pca10100/adafruit_pn532.o
 .text.nrf_drv_twi_tx
                0x00000000000021b0       0x40 Output/Debug/Obj/nfc_spk_pca10100/adafruit_pn532.o
 .text.nrf_drv_twi_rx
                0x00000000000021f0       0x38 Output/Debug/Obj/nfc_spk_pca10100/adafruit_pn532.o
 .text.nrf_gpio_pin_port_decode
                0x0000000000002228       0x4c Output/Debug/Obj/nfc_spk_pca10100/adafruit_pn532.o
 .text.nrf_gpio_cfg
                0x0000000000002274       0x62 Output/Debug/Obj/nfc_spk_pca10100/adafruit_pn532.o
 .text.nrf_gpio_cfg_input
                0x00000000000022d6       0x2a Output/Debug/Obj/nfc_spk_pca10100/adafruit_pn532.o
 .text.nrf_gpio_pin_read
                0x0000000000002300       0x2a Output/Debug/Obj/nfc_spk_pca10100/adafruit_pn532.o
 .text.nrf_gpio_port_in_read
                0x000000000000232a       0x10 Output/Debug/Obj/nfc_spk_pca10100/adafruit_pn532.o
 .text.nrf_gpio_pin_present_check
                0x000000000000233a       0x50 Output/Debug/Obj/nfc_spk_pca10100/adafruit_pn532.o
 .text.nrf_delay_ms
                0x000000000000238a       0x2a Output/Debug/Obj/nfc_spk_pca10100/adafruit_pn532.o
 .text.adafruit_pn532_pin_setup
                0x00000000000023b4       0x24 Output/Debug/Obj/nfc_spk_pca10100/adafruit_pn532.o
 .text.adafruit_pn532_cs_complement_calc
                0x00000000000023d8       0x16 Output/Debug/Obj/nfc_spk_pca10100/adafruit_pn532.o
 .text.adafruit_pn532_header_check
                0x00000000000023ee       0x6e Output/Debug/Obj/nfc_spk_pca10100/adafruit_pn532.o
 .text.adafruit_pn532_init
                0x000000000000245c       0xb8 Output/Debug/Obj/nfc_spk_pca10100/adafruit_pn532.o
                0x000000000000245c                adafruit_pn532_init
 .text.adafruit_pn532_tag_info_printout
                0x0000000000002514       0x90 Output/Debug/Obj/nfc_spk_pca10100/adafruit_pn532.o
                0x0000000000002514                adafruit_pn532_tag_info_printout
 .text.adafruit_pn532_firmware_version_get
                0x00000000000025a4       0x98 Output/Debug/Obj/nfc_spk_pca10100/adafruit_pn532.o
                0x00000000000025a4                adafruit_pn532_firmware_version_get
 .text.adafruit_pn532_cmd_send
                0x000000000000263c       0x74 Output/Debug/Obj/nfc_spk_pca10100/adafruit_pn532.o
                0x000000000000263c                adafruit_pn532_cmd_send
 .text.adafruit_pn532_sam_config
                0x00000000000026b0       0x90 Output/Debug/Obj/nfc_spk_pca10100/adafruit_pn532.o
                0x00000000000026b0                adafruit_pn532_sam_config
 .text.adafruit_pn532_passive_activation_retries_set
                0x0000000000002740       0x50 Output/Debug/Obj/nfc_spk_pca10100/adafruit_pn532.o
                0x0000000000002740                adafruit_pn532_passive_activation_retries_set
 .text.adafruit_pn532_nfc_a_target_init
                0x0000000000002790      0x13c Output/Debug/Obj/nfc_spk_pca10100/adafruit_pn532.o
                0x0000000000002790                adafruit_pn532_nfc_a_target_init
 .text.adafruit_pn532_in_data_exchange
                0x00000000000028cc      0x12c Output/Debug/Obj/nfc_spk_pca10100/adafruit_pn532.o
                0x00000000000028cc                adafruit_pn532_in_data_exchange
 .text.adafruit_pn532_tag2_read
                0x00000000000029f8       0x44 Output/Debug/Obj/nfc_spk_pca10100/adafruit_pn532.o
                0x00000000000029f8                adafruit_pn532_tag2_read
 .text.adafruit_pn532_ack_read
                0x0000000000002a3c       0x70 Output/Debug/Obj/nfc_spk_pca10100/adafruit_pn532.o
                0x0000000000002a3c                adafruit_pn532_ack_read
 .text.adafruit_pn532_is_ready
                0x0000000000002aac       0x20 Output/Debug/Obj/nfc_spk_pca10100/adafruit_pn532.o
                0x0000000000002aac                adafruit_pn532_is_ready
 .text.adafruit_pn532_waitready_ms
                0x0000000000002acc       0x62 Output/Debug/Obj/nfc_spk_pca10100/adafruit_pn532.o
                0x0000000000002acc                adafruit_pn532_waitready_ms
 *fill*         0x0000000000002b2e        0x2 
 .text.adafruit_pn532_data_read
                0x0000000000002b30       0x84 Output/Debug/Obj/nfc_spk_pca10100/adafruit_pn532.o
                0x0000000000002b30                adafruit_pn532_data_read
 .text.adafruit_pn532_command_write
                0x0000000000002bb4      0x10c Output/Debug/Obj/nfc_spk_pca10100/adafruit_pn532.o
                0x0000000000002bb4                adafruit_pn532_command_write
 .text.adafruit_pn532_field_switch
                0x0000000000002cc0       0x70 Output/Debug/Obj/nfc_spk_pca10100/adafruit_pn532.o
 .text.adafruit_pn532_field_off
                0x0000000000002d30        0xe Output/Debug/Obj/nfc_spk_pca10100/adafruit_pn532.o
                0x0000000000002d30                adafruit_pn532_field_off
 *fill*         0x0000000000002d3e        0x2 
 .text.nrfx_coredep_delay_us
                0x0000000000002d40       0x30 Output/Debug/Obj/nfc_spk_pca10100/eeprom.o
 .text.nrf_drv_twi_tx
                0x0000000000002d70       0x40 Output/Debug/Obj/nfc_spk_pca10100/eeprom.o
 .text.nrf_drv_twi_rx
                0x0000000000002db0       0x38 Output/Debug/Obj/nfc_spk_pca10100/eeprom.o
 .text.nrf_delay_ms
                0x0000000000002de8       0x2a Output/Debug/Obj/nfc_spk_pca10100/eeprom.o
 *fill*         0x0000000000002e12        0x2 
 .text.eeprom_init
                0x0000000000002e14       0x84 Output/Debug/Obj/nfc_spk_pca10100/eeprom.o
                0x0000000000002e14                eeprom_init
 .text.eeprom_write_data
                0x0000000000002e98      0x1d8 Output/Debug/Obj/nfc_spk_pca10100/eeprom.o
                0x0000000000002e98                eeprom_write_data
 .text.eeprom_read_data
                0x0000000000003070       0xd8 Output/Debug/Obj/nfc_spk_pca10100/eeprom.o
                0x0000000000003070                eeprom_read_data
 .text.delay_after_write
                0x0000000000003148        0xc Output/Debug/Obj/nfc_spk_pca10100/eeprom.o
 .text.nrfx_coredep_delay_us
                0x0000000000003154       0x30 Output/Debug/Obj/nfc_spk_pca10100/ssd1306_oled.o
 .text.nrf_delay_ms
                0x0000000000003184       0x2a Output/Debug/Obj/nfc_spk_pca10100/ssd1306_oled.o
 *fill*         0x00000000000031ae        0x2 
 .text.nrf_gpio_pin_port_decode
                0x00000000000031b0       0x4c Output/Debug/Obj/nfc_spk_pca10100/ssd1306_oled.o
 .text.nrf_gpio_pin_set
                0x00000000000031fc       0x28 Output/Debug/Obj/nfc_spk_pca10100/ssd1306_oled.o
 .text.nrf_gpio_pin_clear
                0x0000000000003224       0x28 Output/Debug/Obj/nfc_spk_pca10100/ssd1306_oled.o
 .text.nrf_gpio_port_out_set
                0x000000000000324c       0x14 Output/Debug/Obj/nfc_spk_pca10100/ssd1306_oled.o
 .text.nrf_gpio_port_out_clear
                0x0000000000003260       0x14 Output/Debug/Obj/nfc_spk_pca10100/ssd1306_oled.o
 .text.nrf_gpio_pin_present_check
                0x0000000000003274       0x50 Output/Debug/Obj/nfc_spk_pca10100/ssd1306_oled.o
 .text.nrf_drv_twi_tx
                0x00000000000032c4       0x40 Output/Debug/Obj/nfc_spk_pca10100/ssd1306_oled.o
 .text.nrf_drv_twi_tx_extended
                0x0000000000003304       0x36 Output/Debug/Obj/nfc_spk_pca10100/ssd1306_oled.o
 *fill*         0x000000000000333a        0x2 
 .text.ssd1306_width
                0x000000000000333c       0x10 Output/Debug/Obj/nfc_spk_pca10100/ssd1306_oled.o
                0x000000000000333c                ssd1306_width
 .text.ssd1306_height
                0x000000000000334c       0x10 Output/Debug/Obj/nfc_spk_pca10100/ssd1306_oled.o
                0x000000000000334c                ssd1306_height
 .text.is_initialized
                0x000000000000335c       0x1c Output/Debug/Obj/nfc_spk_pca10100/ssd1306_oled.o
                0x000000000000335c                is_initialized
 .text.ssd1306_init_i2c_2
                0x0000000000003378       0x40 Output/Debug/Obj/nfc_spk_pca10100/ssd1306_oled.o
                0x0000000000003378                ssd1306_init_i2c_2
 .text.ssd1306_command
                0x00000000000033b8       0x68 Output/Debug/Obj/nfc_spk_pca10100/ssd1306_oled.o
                0x00000000000033b8                ssd1306_command
 .text.ssd1306_begin
                0x0000000000003420      0x1d0 Output/Debug/Obj/nfc_spk_pca10100/ssd1306_oled.o
                0x0000000000003420                ssd1306_begin
 .text.ssd1306_draw_pixel
                0x00000000000035f0      0x1f8 Output/Debug/Obj/nfc_spk_pca10100/ssd1306_oled.o
                0x00000000000035f0                ssd1306_draw_pixel
 .text.ssd1306_display
                0x00000000000037e8       0xb4 Output/Debug/Obj/nfc_spk_pca10100/ssd1306_oled.o
                0x00000000000037e8                ssd1306_display
 .text.ssd1306_clear_display
                0x000000000000389c       0x18 Output/Debug/Obj/nfc_spk_pca10100/ssd1306_oled.o
                0x000000000000389c                ssd1306_clear_display
 .text.ssd1306_draw_fast_hline_internal
                0x00000000000038b4      0x148 Output/Debug/Obj/nfc_spk_pca10100/ssd1306_oled.o
                0x00000000000038b4                ssd1306_draw_fast_hline_internal
 .text.ssd1306_draw_fast_vline
                0x00000000000039fc      0x158 Output/Debug/Obj/nfc_spk_pca10100/ssd1306_oled.o
                0x00000000000039fc                ssd1306_draw_fast_vline
 .text.ssd1306_draw_fast_vline_internal
                0x0000000000003b54      0x1d4 Output/Debug/Obj/nfc_spk_pca10100/ssd1306_oled.o
                0x0000000000003b54                ssd1306_draw_fast_vline_internal
 .text.ssd1306_fill_rect
                0x0000000000003d28       0x6a Output/Debug/Obj/nfc_spk_pca10100/ssd1306_oled.o
                0x0000000000003d28                ssd1306_fill_rect
 *fill*         0x0000000000003d92        0x2 
 .text.ssd1306_draw_char
                0x0000000000003d94      0x240 Output/Debug/Obj/nfc_spk_pca10100/ssd1306_oled.o
                0x0000000000003d94                ssd1306_draw_char
 .text.nrfx_coredep_delay_us
                0x0000000000003fd4       0x30 Output/Debug/Obj/nfc_spk_pca10100/nrf_drv_twi.o
 .text.nrf_gpio_pin_port_decode
                0x0000000000004004       0x4c Output/Debug/Obj/nfc_spk_pca10100/nrf_drv_twi.o
 .text.nrf_gpio_pin_set
                0x0000000000004050       0x28 Output/Debug/Obj/nfc_spk_pca10100/nrf_drv_twi.o
 .text.nrf_gpio_pin_clear
                0x0000000000004078       0x28 Output/Debug/Obj/nfc_spk_pca10100/nrf_drv_twi.o
 .text.nrf_gpio_pin_read
                0x00000000000040a0       0x2a Output/Debug/Obj/nfc_spk_pca10100/nrf_drv_twi.o
 .text.nrf_gpio_port_in_read
                0x00000000000040ca       0x10 Output/Debug/Obj/nfc_spk_pca10100/nrf_drv_twi.o
 .text.nrf_gpio_port_out_set
                0x00000000000040da       0x14 Output/Debug/Obj/nfc_spk_pca10100/nrf_drv_twi.o
 .text.nrf_gpio_port_out_clear
                0x00000000000040ee       0x14 Output/Debug/Obj/nfc_spk_pca10100/nrf_drv_twi.o
 .text.nrf_gpio_pin_present_check
                0x0000000000004102       0x50 Output/Debug/Obj/nfc_spk_pca10100/nrf_drv_twi.o
 .text.twi_clear_bus
                0x0000000000004152       0xde Output/Debug/Obj/nfc_spk_pca10100/nrf_drv_twi.o
 .text.twi_evt_handler
                0x0000000000004230       0x6c Output/Debug/Obj/nfc_spk_pca10100/nrf_drv_twi.o
 .text.nrf_drv_twi_init
                0x000000000000429c       0x68 Output/Debug/Obj/nfc_spk_pca10100/nrf_drv_twi.o
                0x000000000000429c                nrf_drv_twi_init
 .text.uarte_evt_handler
                0x0000000000004304       0x50 Output/Debug/Obj/nfc_spk_pca10100/nrf_drv_uart.o
 .text.uart_evt_handler
                0x0000000000004354       0x50 Output/Debug/Obj/nfc_spk_pca10100/nrf_drv_uart.o
 .text.nrf_drv_uart_init
                0x00000000000043a4       0xc0 Output/Debug/Obj/nfc_spk_pca10100/nrf_drv_uart.o
                0x00000000000043a4                nrf_drv_uart_init
 .text.__NVIC_EnableIRQ
                0x0000000000004464       0x34 Output/Debug/Obj/nfc_spk_pca10100/nrfx_gpiote.o
 .text.__NVIC_SetPriority
                0x0000000000004498       0x50 Output/Debug/Obj/nfc_spk_pca10100/nrfx_gpiote.o
 .text.nrfx_get_irq_number
                0x00000000000044e8       0x10 Output/Debug/Obj/nfc_spk_pca10100/nrfx_gpiote.o
 .text._NRFX_IRQ_PRIORITY_SET
                0x00000000000044f8       0x40 Output/Debug/Obj/nfc_spk_pca10100/nrfx_gpiote.o
 .text._NRFX_IRQ_ENABLE
                0x0000000000004538       0x1c Output/Debug/Obj/nfc_spk_pca10100/nrfx_gpiote.o
 .text.nrf_gpiote_event_is_set
                0x0000000000004554       0x2a Output/Debug/Obj/nfc_spk_pca10100/nrfx_gpiote.o
 .text.nrf_gpiote_event_clear
                0x000000000000457e       0x36 Output/Debug/Obj/nfc_spk_pca10100/nrfx_gpiote.o
 .text.nrf_gpiote_event_addr_get
                0x00000000000045b4       0x1a Output/Debug/Obj/nfc_spk_pca10100/nrfx_gpiote.o
 *fill*         0x00000000000045ce        0x2 
 .text.nrf_gpiote_int_enable
                0x00000000000045d0       0x18 Output/Debug/Obj/nfc_spk_pca10100/nrfx_gpiote.o
 .text.nrf_gpiote_int_is_enabled
                0x00000000000045e8       0x18 Output/Debug/Obj/nfc_spk_pca10100/nrfx_gpiote.o
 .text.nrf_gpiote_event_enable
                0x0000000000004600       0x2c Output/Debug/Obj/nfc_spk_pca10100/nrfx_gpiote.o
 .text.nrf_gpiote_event_configure
                0x000000000000462c       0x64 Output/Debug/Obj/nfc_spk_pca10100/nrfx_gpiote.o
 .text.nrf_gpiote_event_pin_get
                0x0000000000004690       0x20 Output/Debug/Obj/nfc_spk_pca10100/nrfx_gpiote.o
 .text.nrf_gpiote_event_polarity_get
                0x00000000000046b0       0x24 Output/Debug/Obj/nfc_spk_pca10100/nrfx_gpiote.o
 .text.nrf_gpio_pin_port_decode
                0x00000000000046d4       0x4c Output/Debug/Obj/nfc_spk_pca10100/nrfx_gpiote.o
 .text.nrf_gpio_cfg
                0x0000000000004720       0x62 Output/Debug/Obj/nfc_spk_pca10100/nrfx_gpiote.o
 .text.nrf_gpio_cfg_input
                0x0000000000004782       0x2a Output/Debug/Obj/nfc_spk_pca10100/nrfx_gpiote.o
 .text.nrf_gpio_cfg_watcher
                0x00000000000047ac       0x38 Output/Debug/Obj/nfc_spk_pca10100/nrfx_gpiote.o
 .text.nrf_gpio_cfg_sense_set
                0x00000000000047e4       0x5c Output/Debug/Obj/nfc_spk_pca10100/nrfx_gpiote.o
 .text.nrf_gpio_pin_read
                0x0000000000004840       0x2a Output/Debug/Obj/nfc_spk_pca10100/nrfx_gpiote.o
 .text.nrf_gpio_pin_sense_get
                0x000000000000486a       0x2c Output/Debug/Obj/nfc_spk_pca10100/nrfx_gpiote.o
 .text.nrf_gpio_port_in_read
                0x0000000000004896       0x10 Output/Debug/Obj/nfc_spk_pca10100/nrfx_gpiote.o
 *fill*         0x00000000000048a6        0x2 
 .text.nrf_gpio_latches_read_and_clear
                0x00000000000048a8       0x68 Output/Debug/Obj/nfc_spk_pca10100/nrfx_gpiote.o
 .text.nrf_gpio_pin_latch_clear
                0x0000000000004910       0x28 Output/Debug/Obj/nfc_spk_pca10100/nrfx_gpiote.o
 .text.nrf_gpio_pin_present_check
                0x0000000000004938       0x50 Output/Debug/Obj/nfc_spk_pca10100/nrfx_gpiote.o
 .text.nrf_bitmask_bit_is_set
                0x0000000000004988       0x30 Output/Debug/Obj/nfc_spk_pca10100/nrfx_gpiote.o
 .text.nrf_bitmask_bit_set
                0x00000000000049b8       0x40 Output/Debug/Obj/nfc_spk_pca10100/nrfx_gpiote.o
 .text.pin_in_use_by_te
                0x00000000000049f8       0x3c Output/Debug/Obj/nfc_spk_pca10100/nrfx_gpiote.o
 .text.pin_in_use_by_port
                0x0000000000004a34       0x24 Output/Debug/Obj/nfc_spk_pca10100/nrfx_gpiote.o
 .text.pin_in_use_by_gpiote
                0x0000000000004a58       0x24 Output/Debug/Obj/nfc_spk_pca10100/nrfx_gpiote.o
 .text.pin_in_use_by_te_set
                0x0000000000004a7c       0x50 Output/Debug/Obj/nfc_spk_pca10100/nrfx_gpiote.o
 .text.pin_in_use_clear
                0x0000000000004acc       0x1c Output/Debug/Obj/nfc_spk_pca10100/nrfx_gpiote.o
 .text.pin_configured_set
                0x0000000000004ae8       0x1c Output/Debug/Obj/nfc_spk_pca10100/nrfx_gpiote.o
 .text.channel_port_get
                0x0000000000004b04       0x1c Output/Debug/Obj/nfc_spk_pca10100/nrfx_gpiote.o
 .text.channel_handler_get
                0x0000000000004b20       0x18 Output/Debug/Obj/nfc_spk_pca10100/nrfx_gpiote.o
 .text.port_handler_pin_get
                0x0000000000004b38       0x28 Output/Debug/Obj/nfc_spk_pca10100/nrfx_gpiote.o
 .text.port_handler_polarity_get
                0x0000000000004b60       0x28 Output/Debug/Obj/nfc_spk_pca10100/nrfx_gpiote.o
 .text.channel_port_alloc
                0x0000000000004b88       0x7c Output/Debug/Obj/nfc_spk_pca10100/nrfx_gpiote.o
 .text.channel_free
                0x0000000000004c04       0x38 Output/Debug/Obj/nfc_spk_pca10100/nrfx_gpiote.o
 .text.nrfx_gpiote_init
                0x0000000000004c3c       0xc8 Output/Debug/Obj/nfc_spk_pca10100/nrfx_gpiote.o
                0x0000000000004c3c                nrfx_gpiote_init
 .text.nrfx_gpiote_is_init
                0x0000000000004d04       0x18 Output/Debug/Obj/nfc_spk_pca10100/nrfx_gpiote.o
                0x0000000000004d04                nrfx_gpiote_is_init
 .text.nrfx_gpiote_in_init
                0x0000000000004d1c       0xf8 Output/Debug/Obj/nfc_spk_pca10100/nrfx_gpiote.o
                0x0000000000004d1c                nrfx_gpiote_in_init
 .text.nrfx_gpiote_in_event_enable
                0x0000000000004e14      0x108 Output/Debug/Obj/nfc_spk_pca10100/nrfx_gpiote.o
                0x0000000000004e14                nrfx_gpiote_in_event_enable
 .text.nrfx_gpiote_in_is_set
                0x0000000000004f1c       0x3c Output/Debug/Obj/nfc_spk_pca10100/nrfx_gpiote.o
                0x0000000000004f1c                nrfx_gpiote_in_is_set
 .text.latch_pending_read_and_check
                0x0000000000004f58       0x3e Output/Debug/Obj/nfc_spk_pca10100/nrfx_gpiote.o
 *fill*         0x0000000000004f96        0x2 
 .text.port_event_handle
                0x0000000000004f98       0xe4 Output/Debug/Obj/nfc_spk_pca10100/nrfx_gpiote.o
 .text.GPIOTE_IRQHandler
                0x000000000000507c      0x108 Output/Debug/Obj/nfc_spk_pca10100/nrfx_gpiote.o
                0x000000000000507c                GPIOTE_IRQHandler
 .text.UARTE0_UART0_IRQHandler
                0x0000000000005184       0x24 Output/Debug/Obj/nfc_spk_pca10100/nrfx_prs.o
                0x0000000000005184                UARTE0_UART0_IRQHandler
 .text.prs_box_get
                0x00000000000051a8       0x20 Output/Debug/Obj/nfc_spk_pca10100/nrfx_prs.o
 .text.nrfx_prs_acquire
                0x00000000000051c8       0x74 Output/Debug/Obj/nfc_spk_pca10100/nrfx_prs.o
                0x00000000000051c8                nrfx_prs_acquire
 .text.nrfx_prs_release
                0x000000000000523c       0x3c Output/Debug/Obj/nfc_spk_pca10100/nrfx_prs.o
                0x000000000000523c                nrfx_prs_release
 .text.__NVIC_EnableIRQ
                0x0000000000005278       0x34 Output/Debug/Obj/nfc_spk_pca10100/nrfx_twi.o
 .text.__NVIC_SetPriority
                0x00000000000052ac       0x50 Output/Debug/Obj/nfc_spk_pca10100/nrfx_twi.o
 .text.nrfx_get_irq_number
                0x00000000000052fc       0x10 Output/Debug/Obj/nfc_spk_pca10100/nrfx_twi.o
 .text._NRFX_IRQ_PRIORITY_SET
                0x000000000000530c       0x40 Output/Debug/Obj/nfc_spk_pca10100/nrfx_twi.o
 .text._NRFX_IRQ_ENABLE
                0x000000000000534c       0x1c Output/Debug/Obj/nfc_spk_pca10100/nrfx_twi.o
 .text.nrf_twi_task_trigger
                0x0000000000005368       0x1c Output/Debug/Obj/nfc_spk_pca10100/nrfx_twi.o
 .text.nrf_twi_event_clear
                0x0000000000005384       0x2a Output/Debug/Obj/nfc_spk_pca10100/nrfx_twi.o
 .text.nrf_twi_event_check
                0x00000000000053ae       0x24 Output/Debug/Obj/nfc_spk_pca10100/nrfx_twi.o
 .text.nrf_twi_int_enable
                0x00000000000053d2       0x14 Output/Debug/Obj/nfc_spk_pca10100/nrfx_twi.o
 .text.nrf_twi_int_disable
                0x00000000000053e6       0x14 Output/Debug/Obj/nfc_spk_pca10100/nrfx_twi.o
 .text.nrf_twi_enable
                0x00000000000053fa       0x12 Output/Debug/Obj/nfc_spk_pca10100/nrfx_twi.o
 .text.nrf_twi_disable
                0x000000000000540c       0x12 Output/Debug/Obj/nfc_spk_pca10100/nrfx_twi.o
 .text.nrf_twi_pins_set
                0x000000000000541e       0x1e Output/Debug/Obj/nfc_spk_pca10100/nrfx_twi.o
 .text.nrf_twi_frequency_set
                0x000000000000543c       0x14 Output/Debug/Obj/nfc_spk_pca10100/nrfx_twi.o
 .text.nrf_twi_errorsrc_get_and_clear
                0x0000000000005450       0x1c Output/Debug/Obj/nfc_spk_pca10100/nrfx_twi.o
 .text.nrf_twi_address_set
                0x000000000000546c       0x1a Output/Debug/Obj/nfc_spk_pca10100/nrfx_twi.o
 .text.nrf_twi_rxd_get
                0x0000000000005486       0x12 Output/Debug/Obj/nfc_spk_pca10100/nrfx_twi.o
 .text.nrf_twi_txd_set
                0x0000000000005498       0x1a Output/Debug/Obj/nfc_spk_pca10100/nrfx_twi.o
 .text.nrf_twi_shorts_set
                0x00000000000054b2       0x14 Output/Debug/Obj/nfc_spk_pca10100/nrfx_twi.o
 *fill*         0x00000000000054c6        0x2 
 .text.nrf_gpio_pin_port_decode
                0x00000000000054c8       0x4c Output/Debug/Obj/nfc_spk_pca10100/nrfx_twi.o
 .text.nrf_gpio_cfg
                0x0000000000005514       0x62 Output/Debug/Obj/nfc_spk_pca10100/nrfx_twi.o
 .text.nrf_gpio_pin_present_check
                0x0000000000005576       0x50 Output/Debug/Obj/nfc_spk_pca10100/nrfx_twi.o
 .text.twi_process_error
                0x00000000000055c6       0x40 Output/Debug/Obj/nfc_spk_pca10100/nrfx_twi.o
 .text.xfer_completeness_check
                0x0000000000005606       0x2e Output/Debug/Obj/nfc_spk_pca10100/nrfx_twi.o
 .text.nrfx_twi_init
                0x0000000000005634      0x154 Output/Debug/Obj/nfc_spk_pca10100/nrfx_twi.o
                0x0000000000005634                nrfx_twi_init
 .text.nrfx_twi_enable
                0x0000000000005788       0x54 Output/Debug/Obj/nfc_spk_pca10100/nrfx_twi.o
                0x0000000000005788                nrfx_twi_enable
 .text.twi_send_byte
                0x00000000000057dc       0x72 Output/Debug/Obj/nfc_spk_pca10100/nrfx_twi.o
 .text.twi_receive_byte
                0x000000000000584e       0xa6 Output/Debug/Obj/nfc_spk_pca10100/nrfx_twi.o
 .text.twi_transfer
                0x00000000000058f4      0x19e Output/Debug/Obj/nfc_spk_pca10100/nrfx_twi.o
 *fill*         0x0000000000005a92        0x2 
 .text.twi_tx_start_transfer
                0x0000000000005a94       0xf4 Output/Debug/Obj/nfc_spk_pca10100/nrfx_twi.o
 .text.twi_rx_start_transfer
                0x0000000000005b88      0x108 Output/Debug/Obj/nfc_spk_pca10100/nrfx_twi.o
 .text.twi_xfer
                0x0000000000005c90      0x10c Output/Debug/Obj/nfc_spk_pca10100/nrfx_twi.o
 .text.nrfx_twi_xfer
                0x0000000000005d9c       0x78 Output/Debug/Obj/nfc_spk_pca10100/nrfx_twi.o
                0x0000000000005d9c                nrfx_twi_xfer
 .text.nrfx_twi_tx
                0x0000000000005e14       0x50 Output/Debug/Obj/nfc_spk_pca10100/nrfx_twi.o
                0x0000000000005e14                nrfx_twi_tx
 .text.nrfx_twi_rx
                0x0000000000005e64       0x44 Output/Debug/Obj/nfc_spk_pca10100/nrfx_twi.o
                0x0000000000005e64                nrfx_twi_rx
 .text.twi_irq_handler
                0x0000000000005ea8      0x140 Output/Debug/Obj/nfc_spk_pca10100/nrfx_twi.o
 .text.SPIM0_SPIS0_TWIM0_TWIS0_SPI0_TWI0_IRQHandler
                0x0000000000005fe8       0x18 Output/Debug/Obj/nfc_spk_pca10100/nrfx_twi.o
                0x0000000000005fe8                SPIM0_SPIS0_TWIM0_TWIS0_SPI0_TWI0_IRQHandler
 .text.__NVIC_EnableIRQ
                0x0000000000006000       0x34 Output/Debug/Obj/nfc_spk_pca10100/nrfx_uart.o
 .text.__NVIC_DisableIRQ
                0x0000000000006034       0x44 Output/Debug/Obj/nfc_spk_pca10100/nrfx_uart.o
 .text.__NVIC_SetPriority
                0x0000000000006078       0x50 Output/Debug/Obj/nfc_spk_pca10100/nrfx_uart.o
 .text.nrfx_get_irq_number
                0x00000000000060c8       0x10 Output/Debug/Obj/nfc_spk_pca10100/nrfx_uart.o
 .text._NRFX_IRQ_PRIORITY_SET
                0x00000000000060d8       0x40 Output/Debug/Obj/nfc_spk_pca10100/nrfx_uart.o
 .text._NRFX_IRQ_ENABLE
                0x0000000000006118       0x1c Output/Debug/Obj/nfc_spk_pca10100/nrfx_uart.o
 .text._NRFX_IRQ_DISABLE
                0x0000000000006134       0x1c Output/Debug/Obj/nfc_spk_pca10100/nrfx_uart.o
 .text.nrf_uart_event_clear
                0x0000000000006150       0x2a Output/Debug/Obj/nfc_spk_pca10100/nrfx_uart.o
 .text.nrf_uart_event_check
                0x000000000000617a       0x24 Output/Debug/Obj/nfc_spk_pca10100/nrfx_uart.o
 .text.nrf_uart_int_enable
                0x000000000000619e       0x14 Output/Debug/Obj/nfc_spk_pca10100/nrfx_uart.o
 .text.nrf_uart_int_enable_check
                0x00000000000061b2       0x20 Output/Debug/Obj/nfc_spk_pca10100/nrfx_uart.o
 .text.nrf_uart_int_disable
                0x00000000000061d2       0x14 Output/Debug/Obj/nfc_spk_pca10100/nrfx_uart.o
 .text.nrf_uart_errorsrc_get_and_clear
                0x00000000000061e6       0x1c Output/Debug/Obj/nfc_spk_pca10100/nrfx_uart.o
 .text.nrf_uart_enable
                0x0000000000006202       0x12 Output/Debug/Obj/nfc_spk_pca10100/nrfx_uart.o
 .text.nrf_uart_disable
                0x0000000000006214       0x12 Output/Debug/Obj/nfc_spk_pca10100/nrfx_uart.o
 .text.nrf_uart_txrx_pins_set
                0x0000000000006226       0x1e Output/Debug/Obj/nfc_spk_pca10100/nrfx_uart.o
 .text.nrf_uart_txrx_pins_disconnect
                0x0000000000006244       0x1c Output/Debug/Obj/nfc_spk_pca10100/nrfx_uart.o
 .text.nrf_uart_tx_pin_get
                0x0000000000006260       0x10 Output/Debug/Obj/nfc_spk_pca10100/nrfx_uart.o
 .text.nrf_uart_rx_pin_get
                0x0000000000006270       0x10 Output/Debug/Obj/nfc_spk_pca10100/nrfx_uart.o
 .text.nrf_uart_rts_pin_get
                0x0000000000006280       0x10 Output/Debug/Obj/nfc_spk_pca10100/nrfx_uart.o
 .text.nrf_uart_cts_pin_get
                0x0000000000006290       0x10 Output/Debug/Obj/nfc_spk_pca10100/nrfx_uart.o
 .text.nrf_uart_hwfc_pins_set
                0x00000000000062a0       0x1e Output/Debug/Obj/nfc_spk_pca10100/nrfx_uart.o
 .text.nrf_uart_hwfc_pins_disconnect
                0x00000000000062be       0x1c Output/Debug/Obj/nfc_spk_pca10100/nrfx_uart.o
 .text.nrf_uart_rxd_get
                0x00000000000062da       0x12 Output/Debug/Obj/nfc_spk_pca10100/nrfx_uart.o
 .text.nrf_uart_txd_set
                0x00000000000062ec       0x1a Output/Debug/Obj/nfc_spk_pca10100/nrfx_uart.o
 .text.nrf_uart_task_trigger
                0x0000000000006306       0x1c Output/Debug/Obj/nfc_spk_pca10100/nrfx_uart.o
 .text.nrf_uart_configure
                0x0000000000006322       0x2a Output/Debug/Obj/nfc_spk_pca10100/nrfx_uart.o
 .text.nrf_uart_baudrate_set
                0x000000000000634c       0x14 Output/Debug/Obj/nfc_spk_pca10100/nrfx_uart.o
 .text.nrf_gpio_pin_port_decode
                0x0000000000006360       0x4c Output/Debug/Obj/nfc_spk_pca10100/nrfx_uart.o
 .text.nrf_gpio_cfg
                0x00000000000063ac       0x62 Output/Debug/Obj/nfc_spk_pca10100/nrfx_uart.o
 .text.nrf_gpio_cfg_output
                0x000000000000640e       0x22 Output/Debug/Obj/nfc_spk_pca10100/nrfx_uart.o
 .text.nrf_gpio_cfg_input
                0x0000000000006430       0x2a Output/Debug/Obj/nfc_spk_pca10100/nrfx_uart.o
 .text.nrf_gpio_cfg_default
                0x000000000000645a       0x22 Output/Debug/Obj/nfc_spk_pca10100/nrfx_uart.o
 .text.nrf_gpio_pin_set
                0x000000000000647c       0x28 Output/Debug/Obj/nfc_spk_pca10100/nrfx_uart.o
 .text.nrf_gpio_port_out_set
                0x00000000000064a4       0x14 Output/Debug/Obj/nfc_spk_pca10100/nrfx_uart.o
 .text.nrf_gpio_pin_present_check
                0x00000000000064b8       0x50 Output/Debug/Obj/nfc_spk_pca10100/nrfx_uart.o
 .text.apply_config
                0x0000000000006508       0xc6 Output/Debug/Obj/nfc_spk_pca10100/nrfx_uart.o
 *fill*         0x00000000000065ce        0x2 
 .text.interrupts_enable
                0x00000000000065d0       0x6c Output/Debug/Obj/nfc_spk_pca10100/nrfx_uart.o
 .text.interrupts_disable
                0x000000000000663c       0x30 Output/Debug/Obj/nfc_spk_pca10100/nrfx_uart.o
 .text.pins_to_default
                0x000000000000666c       0x8a Output/Debug/Obj/nfc_spk_pca10100/nrfx_uart.o
 *fill*         0x00000000000066f6        0x2 
 .text.nrfx_uart_init
                0x00000000000066f8       0xd4 Output/Debug/Obj/nfc_spk_pca10100/nrfx_uart.o
                0x00000000000066f8                nrfx_uart_init
 .text.nrfx_uart_uninit
                0x00000000000067cc       0x5c Output/Debug/Obj/nfc_spk_pca10100/nrfx_uart.o
                0x00000000000067cc                nrfx_uart_uninit
 .text.tx_byte  0x0000000000006828       0x40 Output/Debug/Obj/nfc_spk_pca10100/nrfx_uart.o
 .text.tx_blocking
                0x0000000000006868       0x52 Output/Debug/Obj/nfc_spk_pca10100/nrfx_uart.o
 *fill*         0x00000000000068ba        0x2 
 .text.nrfx_uart_tx
                0x00000000000068bc      0x110 Output/Debug/Obj/nfc_spk_pca10100/nrfx_uart.o
                0x00000000000068bc                nrfx_uart_tx
 .text.nrfx_uart_tx_in_progress
                0x00000000000069cc       0x2c Output/Debug/Obj/nfc_spk_pca10100/nrfx_uart.o
                0x00000000000069cc                nrfx_uart_tx_in_progress
 .text.rx_byte  0x00000000000069f8       0x4e Output/Debug/Obj/nfc_spk_pca10100/nrfx_uart.o
 .text.rx_done_event
                0x0000000000006a46       0x2e Output/Debug/Obj/nfc_spk_pca10100/nrfx_uart.o
 .text.tx_done_event
                0x0000000000006a74       0x34 Output/Debug/Obj/nfc_spk_pca10100/nrfx_uart.o
 .text.uart_irq_handler
                0x0000000000006aa8      0x1de Output/Debug/Obj/nfc_spk_pca10100/nrfx_uart.o
 *fill*         0x0000000000006c86        0x2 
 .text.nrfx_uart_0_irq_handler
                0x0000000000006c88       0x18 Output/Debug/Obj/nfc_spk_pca10100/nrfx_uart.o
                0x0000000000006c88                nrfx_uart_0_irq_handler
 .text.__NVIC_EnableIRQ
                0x0000000000006ca0       0x34 Output/Debug/Obj/nfc_spk_pca10100/nrfx_uarte.o
 .text.__NVIC_DisableIRQ
                0x0000000000006cd4       0x44 Output/Debug/Obj/nfc_spk_pca10100/nrfx_uarte.o
 .text.__NVIC_SetPriority
                0x0000000000006d18       0x50 Output/Debug/Obj/nfc_spk_pca10100/nrfx_uarte.o
 .text.nrfx_is_in_ram
                0x0000000000006d68       0x1c Output/Debug/Obj/nfc_spk_pca10100/nrfx_uarte.o
 .text.nrfx_get_irq_number
                0x0000000000006d84       0x10 Output/Debug/Obj/nfc_spk_pca10100/nrfx_uarte.o
 .text._NRFX_IRQ_PRIORITY_SET
                0x0000000000006d94       0x40 Output/Debug/Obj/nfc_spk_pca10100/nrfx_uarte.o
 .text._NRFX_IRQ_ENABLE
                0x0000000000006dd4       0x1c Output/Debug/Obj/nfc_spk_pca10100/nrfx_uarte.o
 .text._NRFX_IRQ_DISABLE
                0x0000000000006df0       0x1c Output/Debug/Obj/nfc_spk_pca10100/nrfx_uarte.o
 .text.nrf_uarte_event_clear
                0x0000000000006e0c       0x2a Output/Debug/Obj/nfc_spk_pca10100/nrfx_uarte.o
 .text.nrf_uarte_event_check
                0x0000000000006e36       0x24 Output/Debug/Obj/nfc_spk_pca10100/nrfx_uarte.o
 .text.nrf_uarte_shorts_disable
                0x0000000000006e5a       0x1e Output/Debug/Obj/nfc_spk_pca10100/nrfx_uarte.o
 .text.nrf_uarte_int_enable
                0x0000000000006e78       0x14 Output/Debug/Obj/nfc_spk_pca10100/nrfx_uarte.o
 .text.nrf_uarte_int_disable
                0x0000000000006e8c       0x14 Output/Debug/Obj/nfc_spk_pca10100/nrfx_uarte.o
 .text.nrf_uarte_errorsrc_get_and_clear
                0x0000000000006ea0       0x1c Output/Debug/Obj/nfc_spk_pca10100/nrfx_uarte.o
 .text.nrf_uarte_enable
                0x0000000000006ebc       0x12 Output/Debug/Obj/nfc_spk_pca10100/nrfx_uarte.o
 .text.nrf_uarte_disable
                0x0000000000006ece       0x12 Output/Debug/Obj/nfc_spk_pca10100/nrfx_uarte.o
 .text.nrf_uarte_txrx_pins_set
                0x0000000000006ee0       0x1e Output/Debug/Obj/nfc_spk_pca10100/nrfx_uarte.o
 .text.nrf_uarte_txrx_pins_disconnect
                0x0000000000006efe       0x1c Output/Debug/Obj/nfc_spk_pca10100/nrfx_uarte.o
 .text.nrf_uarte_tx_pin_get
                0x0000000000006f1a       0x10 Output/Debug/Obj/nfc_spk_pca10100/nrfx_uarte.o
 .text.nrf_uarte_rx_pin_get
                0x0000000000006f2a       0x10 Output/Debug/Obj/nfc_spk_pca10100/nrfx_uarte.o
 .text.nrf_uarte_rts_pin_get
                0x0000000000006f3a       0x10 Output/Debug/Obj/nfc_spk_pca10100/nrfx_uarte.o
 .text.nrf_uarte_cts_pin_get
                0x0000000000006f4a       0x10 Output/Debug/Obj/nfc_spk_pca10100/nrfx_uarte.o
 .text.nrf_uarte_hwfc_pins_set
                0x0000000000006f5a       0x1e Output/Debug/Obj/nfc_spk_pca10100/nrfx_uarte.o
 .text.nrf_uarte_hwfc_pins_disconnect
                0x0000000000006f78       0x1c Output/Debug/Obj/nfc_spk_pca10100/nrfx_uarte.o
 .text.nrf_uarte_task_trigger
                0x0000000000006f94       0x1c Output/Debug/Obj/nfc_spk_pca10100/nrfx_uarte.o
 .text.nrf_uarte_configure
                0x0000000000006fb0       0x2a Output/Debug/Obj/nfc_spk_pca10100/nrfx_uarte.o
 .text.nrf_uarte_baudrate_set
                0x0000000000006fda       0x14 Output/Debug/Obj/nfc_spk_pca10100/nrfx_uarte.o
 .text.nrf_uarte_tx_buffer_set
                0x0000000000006fee       0x1e Output/Debug/Obj/nfc_spk_pca10100/nrfx_uarte.o
 .text.nrf_uarte_tx_amount_get
                0x000000000000700c       0x10 Output/Debug/Obj/nfc_spk_pca10100/nrfx_uarte.o
 .text.nrf_uarte_rx_amount_get
                0x000000000000701c       0x10 Output/Debug/Obj/nfc_spk_pca10100/nrfx_uarte.o
 .text.nrf_gpio_pin_port_decode
                0x000000000000702c       0x4c Output/Debug/Obj/nfc_spk_pca10100/nrfx_uarte.o
 .text.nrf_gpio_cfg
                0x0000000000007078       0x62 Output/Debug/Obj/nfc_spk_pca10100/nrfx_uarte.o
 .text.nrf_gpio_cfg_output
                0x00000000000070da       0x22 Output/Debug/Obj/nfc_spk_pca10100/nrfx_uarte.o
 .text.nrf_gpio_cfg_input
                0x00000000000070fc       0x2a Output/Debug/Obj/nfc_spk_pca10100/nrfx_uarte.o
 .text.nrf_gpio_cfg_default
                0x0000000000007126       0x22 Output/Debug/Obj/nfc_spk_pca10100/nrfx_uarte.o
 .text.nrf_gpio_pin_set
                0x0000000000007148       0x28 Output/Debug/Obj/nfc_spk_pca10100/nrfx_uarte.o
 .text.nrf_gpio_port_out_set
                0x0000000000007170       0x14 Output/Debug/Obj/nfc_spk_pca10100/nrfx_uarte.o
 .text.nrf_gpio_pin_present_check
                0x0000000000007184       0x50 Output/Debug/Obj/nfc_spk_pca10100/nrfx_uarte.o
 .text.apply_config
                0x00000000000071d4       0xc6 Output/Debug/Obj/nfc_spk_pca10100/nrfx_uarte.o
 *fill*         0x000000000000729a        0x2 
 .text.interrupts_enable
                0x000000000000729c       0x98 Output/Debug/Obj/nfc_spk_pca10100/nrfx_uarte.o
 .text.interrupts_disable
                0x0000000000007334       0x30 Output/Debug/Obj/nfc_spk_pca10100/nrfx_uarte.o
 .text.pins_to_default
                0x0000000000007364       0x8a Output/Debug/Obj/nfc_spk_pca10100/nrfx_uarte.o
 *fill*         0x00000000000073ee        0x2 
 .text.nrfx_uarte_init
                0x00000000000073f0       0xcc Output/Debug/Obj/nfc_spk_pca10100/nrfx_uarte.o
                0x00000000000073f0                nrfx_uarte_init
 .text.nrfx_uarte_uninit
                0x00000000000074bc       0xc4 Output/Debug/Obj/nfc_spk_pca10100/nrfx_uarte.o
                0x00000000000074bc                nrfx_uarte_uninit
 .text.nrfx_uarte_tx
                0x0000000000007580      0x180 Output/Debug/Obj/nfc_spk_pca10100/nrfx_uarte.o
                0x0000000000007580                nrfx_uarte_tx
 .text.nrfx_uarte_tx_in_progress
                0x0000000000007700       0x30 Output/Debug/Obj/nfc_spk_pca10100/nrfx_uarte.o
                0x0000000000007700                nrfx_uarte_tx_in_progress
 .text.rx_done_event
                0x0000000000007730       0x2e Output/Debug/Obj/nfc_spk_pca10100/nrfx_uarte.o
 .text.tx_done_event
                0x000000000000775e       0x34 Output/Debug/Obj/nfc_spk_pca10100/nrfx_uarte.o
 .text.uarte_irq_handler
                0x0000000000007792      0x18c Output/Debug/Obj/nfc_spk_pca10100/nrfx_uarte.o
 *fill*         0x000000000000791e        0x2 
 .text.nrfx_uarte_0_irq_handler
                0x0000000000007920       0x18 Output/Debug/Obj/nfc_spk_pca10100/nrfx_uarte.o
                0x0000000000007920                nrfx_uarte_0_irq_handler
 .text.state_get
                0x0000000000007938       0x4c Output/Debug/Obj/nfc_spk_pca10100/app_button.o
 .text.state_set
                0x0000000000007984       0x98 Output/Debug/Obj/nfc_spk_pca10100/app_button.o
 .text.button_get
                0x0000000000007a1c       0x5c Output/Debug/Obj/nfc_spk_pca10100/app_button.o
 .text.usr_event
                0x0000000000007a78       0x44 Output/Debug/Obj/nfc_spk_pca10100/app_button.o
 .text.evt_handle
                0x0000000000007abc      0x19c Output/Debug/Obj/nfc_spk_pca10100/app_button.o
                0x0000000000007abc                evt_handle
 .text.timer_start
                0x0000000000007c58       0x28 Output/Debug/Obj/nfc_spk_pca10100/app_button.o
 .text.detection_delay_timeout_handler
                0x0000000000007c80       0x8c Output/Debug/Obj/nfc_spk_pca10100/app_button.o
 .text.gpiote_event_handler
                0x0000000000007d0c       0x6c Output/Debug/Obj/nfc_spk_pca10100/app_button.o
 .text.app_button_init
                0x0000000000007d78      0x110 Output/Debug/Obj/nfc_spk_pca10100/app_button.o
                0x0000000000007d78                app_button_init
 .text.app_button_enable
                0x0000000000007e88       0x58 Output/Debug/Obj/nfc_spk_pca10100/app_button.o
                0x0000000000007e88                app_button_enable
 .text.app_error_save_and_stop
                0x0000000000007ee0       0x98 Output/Debug/Obj/nfc_spk_pca10100/app_error.o
                0x0000000000007ee0                app_error_save_and_stop
 .text.app_error_handler
                0x0000000000007f78       0x1c Output/Debug/Obj/nfc_spk_pca10100/app_error_handler_gcc.o
                0x0000000000007f78                app_error_handler
 .text.app_error_fault_handler
                0x0000000000007f94      0x104 Output/Debug/Obj/nfc_spk_pca10100/app_error_weak.o
                0x0000000000007f94                app_error_fault_handler
 .text.get_now  0x0000000000008098       0x64 Output/Debug/Obj/nfc_spk_pca10100/app_timer2.o
 .text.compare_func
                0x00000000000080fc       0x3e Output/Debug/Obj/nfc_spk_pca10100/app_timer2.o
 *fill*         0x000000000000813a        0x2 
 .text.timer_expire
                0x000000000000813c      0x10c Output/Debug/Obj/nfc_spk_pca10100/app_timer2.o
 .text.rtc_schedule
                0x0000000000008248       0xa8 Output/Debug/Obj/nfc_spk_pca10100/app_timer2.o
 .text.sortlist_pop
                0x00000000000082f0       0x1c Output/Debug/Obj/nfc_spk_pca10100/app_timer2.o
 .text.sortlist_peek
                0x000000000000830c       0x1c Output/Debug/Obj/nfc_spk_pca10100/app_timer2.o
 .text.sorted_list_stop_all
                0x0000000000008328       0x2e Output/Debug/Obj/nfc_spk_pca10100/app_timer2.o
 *fill*         0x0000000000008356        0x2 
 .text.on_overflow_evt
                0x0000000000008358       0x1c Output/Debug/Obj/nfc_spk_pca10100/app_timer2.o
 .text.on_compare_evt
                0x0000000000008374       0x58 Output/Debug/Obj/nfc_spk_pca10100/app_timer2.o
 .text.on_compare1_evt
                0x00000000000083cc       0x20 Output/Debug/Obj/nfc_spk_pca10100/app_timer2.o
 .text.rtc_update
                0x00000000000083ec       0xf4 Output/Debug/Obj/nfc_spk_pca10100/app_timer2.o
 .text.timer_req_process
                0x00000000000084e0       0xc4 Output/Debug/Obj/nfc_spk_pca10100/app_timer2.o
 .text.rtc_irq  0x00000000000085a4       0x52 Output/Debug/Obj/nfc_spk_pca10100/app_timer2.o
 *fill*         0x00000000000085f6        0x2 
 .text.timer_request_proc_trigger
                0x00000000000085f8       0x10 Output/Debug/Obj/nfc_spk_pca10100/app_timer2.o
 .text.timer_req_schedule
                0x0000000000008608       0x58 Output/Debug/Obj/nfc_spk_pca10100/app_timer2.o
 .text.app_timer_init
                0x0000000000008660       0x7c Output/Debug/Obj/nfc_spk_pca10100/app_timer2.o
                0x0000000000008660                app_timer_init
 .text.app_timer_create
                0x00000000000086dc       0x74 Output/Debug/Obj/nfc_spk_pca10100/app_timer2.o
                0x00000000000086dc                app_timer_create
 .text.app_timer_start
                0x0000000000008750       0xa0 Output/Debug/Obj/nfc_spk_pca10100/app_timer2.o
                0x0000000000008750                app_timer_start
 .text.app_timer_stop
                0x00000000000087f0       0x7c Output/Debug/Obj/nfc_spk_pca10100/app_timer2.o
                0x00000000000087f0                app_timer_stop
 .text.app_timer_cnt_diff_compute
                0x000000000000886c       0x16 Output/Debug/Obj/nfc_spk_pca10100/app_timer2.o
                0x000000000000886c                app_timer_cnt_diff_compute
 *fill*         0x0000000000008882        0x2 
 .text.app_timer_cnt_get
                0x0000000000008884       0x14 Output/Debug/Obj/nfc_spk_pca10100/app_timer2.o
                0x0000000000008884                app_timer_cnt_get
 .text.app_util_disable_irq
                0x0000000000008898       0x18 Output/Debug/Obj/nfc_spk_pca10100/app_util_platform.o
                0x0000000000008898                app_util_disable_irq
 .text.app_util_enable_irq
                0x00000000000088b0       0x20 Output/Debug/Obj/nfc_spk_pca10100/app_util_platform.o
                0x00000000000088b0                app_util_enable_irq
 .text.app_util_critical_region_enter
                0x00000000000088d0       0x28 Output/Debug/Obj/nfc_spk_pca10100/app_util_platform.o
                0x00000000000088d0                app_util_critical_region_enter
 .text.app_util_critical_region_exit
                0x00000000000088f8       0x2c Output/Debug/Obj/nfc_spk_pca10100/app_util_platform.o
                0x00000000000088f8                app_util_critical_region_exit
 .text.privilege_level_get
                0x0000000000008924       0x3a Output/Debug/Obj/nfc_spk_pca10100/app_util_platform.o
                0x0000000000008924                privilege_level_get
 *fill*         0x000000000000895e        0x2 
 .text.__NVIC_EnableIRQ
                0x0000000000008960       0x34 Output/Debug/Obj/nfc_spk_pca10100/drv_rtc.o
 .text.__NVIC_SetPendingIRQ
                0x0000000000008994       0x38 Output/Debug/Obj/nfc_spk_pca10100/drv_rtc.o
 .text.__NVIC_SetPriority
                0x00000000000089cc       0x50 Output/Debug/Obj/nfc_spk_pca10100/drv_rtc.o
 .text._NRFX_IRQ_PRIORITY_SET
                0x0000000000008a1c       0x40 Output/Debug/Obj/nfc_spk_pca10100/drv_rtc.o
 .text._NRFX_IRQ_ENABLE
                0x0000000000008a5c       0x1c Output/Debug/Obj/nfc_spk_pca10100/drv_rtc.o
 .text.nrfx_coredep_delay_us
                0x0000000000008a78       0x30 Output/Debug/Obj/nfc_spk_pca10100/drv_rtc.o
 .text.nrf_rtc_cc_set
                0x0000000000008aa8       0x1c Output/Debug/Obj/nfc_spk_pca10100/drv_rtc.o
 .text.nrf_rtc_cc_get
                0x0000000000008ac4       0x18 Output/Debug/Obj/nfc_spk_pca10100/drv_rtc.o
 .text.nrf_rtc_int_enable
                0x0000000000008adc       0x14 Output/Debug/Obj/nfc_spk_pca10100/drv_rtc.o
 .text.nrf_rtc_int_disable
                0x0000000000008af0       0x14 Output/Debug/Obj/nfc_spk_pca10100/drv_rtc.o
 .text.nrf_rtc_event_pending
                0x0000000000008b04       0x1a Output/Debug/Obj/nfc_spk_pca10100/drv_rtc.o
 .text.nrf_rtc_event_clear
                0x0000000000008b1e       0x2a Output/Debug/Obj/nfc_spk_pca10100/drv_rtc.o
 .text.nrf_rtc_counter_get
                0x0000000000008b48       0x10 Output/Debug/Obj/nfc_spk_pca10100/drv_rtc.o
 .text.nrf_rtc_prescaler_set
                0x0000000000008b58       0x30 Output/Debug/Obj/nfc_spk_pca10100/drv_rtc.o
 .text.nrf_rtc_task_trigger
                0x0000000000008b88       0x1e Output/Debug/Obj/nfc_spk_pca10100/drv_rtc.o
 .text.nrf_rtc_event_enable
                0x0000000000008ba6       0x14 Output/Debug/Obj/nfc_spk_pca10100/drv_rtc.o
 .text.nrf_rtc_event_disable
                0x0000000000008bba       0x14 Output/Debug/Obj/nfc_spk_pca10100/drv_rtc.o
 *fill*         0x0000000000008bce        0x2 
 .text.drv_rtc_init
                0x0000000000008bd0       0xfc Output/Debug/Obj/nfc_spk_pca10100/drv_rtc.o
                0x0000000000008bd0                drv_rtc_init
 .text.drv_rtc_start
                0x0000000000008ccc       0x2c Output/Debug/Obj/nfc_spk_pca10100/drv_rtc.o
                0x0000000000008ccc                drv_rtc_start
 .text.drv_rtc_stop
                0x0000000000008cf8       0x2c Output/Debug/Obj/nfc_spk_pca10100/drv_rtc.o
                0x0000000000008cf8                drv_rtc_stop
 .text.drv_rtc_compare_set
                0x0000000000008d24       0xa0 Output/Debug/Obj/nfc_spk_pca10100/drv_rtc.o
                0x0000000000008d24                drv_rtc_compare_set
 .text.evt_enable
                0x0000000000008dc4       0x48 Output/Debug/Obj/nfc_spk_pca10100/drv_rtc.o
 .text.evt_disable
                0x0000000000008e0c       0x3c Output/Debug/Obj/nfc_spk_pca10100/drv_rtc.o
 .text.evt_pending
                0x0000000000008e48       0x54 Output/Debug/Obj/nfc_spk_pca10100/drv_rtc.o
 .text.ticks_sub
                0x0000000000008e9c       0x16 Output/Debug/Obj/nfc_spk_pca10100/drv_rtc.o
 *fill*         0x0000000000008eb2        0x2 
 .text.drv_rtc_windowed_compare_set
                0x0000000000008eb4      0x174 Output/Debug/Obj/nfc_spk_pca10100/drv_rtc.o
                0x0000000000008eb4                drv_rtc_windowed_compare_set
 .text.drv_rtc_overflow_enable
                0x0000000000009028       0x22 Output/Debug/Obj/nfc_spk_pca10100/drv_rtc.o
                0x0000000000009028                drv_rtc_overflow_enable
 .text.drv_rtc_overflow_pending
                0x000000000000904a       0x1a Output/Debug/Obj/nfc_spk_pca10100/drv_rtc.o
                0x000000000000904a                drv_rtc_overflow_pending
 .text.drv_rtc_compare_disable
                0x0000000000009064       0x22 Output/Debug/Obj/nfc_spk_pca10100/drv_rtc.o
                0x0000000000009064                drv_rtc_compare_disable
 .text.drv_rtc_compare_pending
                0x0000000000009086       0x2a Output/Debug/Obj/nfc_spk_pca10100/drv_rtc.o
                0x0000000000009086                drv_rtc_compare_pending
 .text.drv_rtc_compare_get
                0x00000000000090b0       0x1e Output/Debug/Obj/nfc_spk_pca10100/drv_rtc.o
                0x00000000000090b0                drv_rtc_compare_get
 .text.drv_rtc_counter_get
                0x00000000000090ce       0x1a Output/Debug/Obj/nfc_spk_pca10100/drv_rtc.o
                0x00000000000090ce                drv_rtc_counter_get
 .text.drv_rtc_irq_trigger
                0x00000000000090e8       0x1a Output/Debug/Obj/nfc_spk_pca10100/drv_rtc.o
                0x00000000000090e8                drv_rtc_irq_trigger
 *fill*         0x0000000000009102        0x2 
 .text.RTC1_IRQHandler
                0x0000000000009104       0x1c Output/Debug/Obj/nfc_spk_pca10100/drv_rtc.o
                0x0000000000009104                RTC1_IRQHandler
 .text.HardFault_Handler
                0x0000000000009120       0x38 Output/Debug/Obj/nfc_spk_pca10100/hardfault_handler_gcc.o
                0x0000000000009120                HardFault_Handler
 .text.__NVIC_SystemReset
                0x0000000000009158       0x28 Output/Debug/Obj/nfc_spk_pca10100/hardfault_implementation.o
 .text.HardFault_process
                0x0000000000009180        0xa Output/Debug/Obj/nfc_spk_pca10100/hardfault_implementation.o
                0x0000000000009180                HardFault_process
 *fill*         0x000000000000918a        0x2 
 .text.HardFault_c_handler
                0x000000000000918c      0x1ac Output/Debug/Obj/nfc_spk_pca10100/hardfault_implementation.o
                0x000000000000918c                HardFault_c_handler
 .text.assert_nrf_callback
                0x0000000000009338       0x2c Output/Debug/Obj/nfc_spk_pca10100/nrf_assert.o
                0x0000000000009338                assert_nrf_callback
 .text.nrf_atfifo_wspace_req
                0x0000000000009364       0x54 Output/Debug/Obj/nfc_spk_pca10100/nrf_atfifo.o
 .text.nrf_atfifo_wspace_close
                0x00000000000093b8       0x20 Output/Debug/Obj/nfc_spk_pca10100/nrf_atfifo.o
 .text.nrf_atfifo_rspace_req
                0x00000000000093d8       0x56 Output/Debug/Obj/nfc_spk_pca10100/nrf_atfifo.o
 .text.nrf_atfifo_rspace_close
                0x000000000000942e       0x20 Output/Debug/Obj/nfc_spk_pca10100/nrf_atfifo.o
 .text.nrf_atfifo_init
                0x000000000000944e       0x66 Output/Debug/Obj/nfc_spk_pca10100/nrf_atfifo.o
                0x000000000000944e                nrf_atfifo_init
 .text.nrf_atfifo_item_alloc
                0x00000000000094b4       0x32 Output/Debug/Obj/nfc_spk_pca10100/nrf_atfifo.o
                0x00000000000094b4                nrf_atfifo_item_alloc
 .text.nrf_atfifo_item_put
                0x00000000000094e6       0x28 Output/Debug/Obj/nfc_spk_pca10100/nrf_atfifo.o
                0x00000000000094e6                nrf_atfifo_item_put
 .text.nrf_atfifo_item_get
                0x000000000000950e       0x32 Output/Debug/Obj/nfc_spk_pca10100/nrf_atfifo.o
                0x000000000000950e                nrf_atfifo_item_get
 .text.nrf_atfifo_item_free
                0x0000000000009540       0x28 Output/Debug/Obj/nfc_spk_pca10100/nrf_atfifo.o
                0x0000000000009540                nrf_atfifo_item_free
 .text.nrf_atomic_u32_fetch_store
                0x0000000000009568       0x2e Output/Debug/Obj/nfc_spk_pca10100/nrf_atomic.o
                0x0000000000009568                nrf_atomic_u32_fetch_store
 .text.nrf_atomic_u32_or
                0x0000000000009596       0x30 Output/Debug/Obj/nfc_spk_pca10100/nrf_atomic.o
                0x0000000000009596                nrf_atomic_u32_or
 .text.nrf_atomic_u32_fetch_and
                0x00000000000095c6       0x30 Output/Debug/Obj/nfc_spk_pca10100/nrf_atomic.o
                0x00000000000095c6                nrf_atomic_u32_fetch_and
 .text.nrf_atomic_u32_add
                0x00000000000095f6       0x30 Output/Debug/Obj/nfc_spk_pca10100/nrf_atomic.o
                0x00000000000095f6                nrf_atomic_u32_add
 .text.nrf_atomic_u32_sub
                0x0000000000009626       0x30 Output/Debug/Obj/nfc_spk_pca10100/nrf_atomic.o
                0x0000000000009626                nrf_atomic_u32_sub
 .text.nrf_atomic_flag_set
                0x0000000000009656       0x18 Output/Debug/Obj/nfc_spk_pca10100/nrf_atomic.o
                0x0000000000009656                nrf_atomic_flag_set
 .text.nrf_atomic_flag_clear_fetch
                0x000000000000966e       0x18 Output/Debug/Obj/nfc_spk_pca10100/nrf_atomic.o
                0x000000000000966e                nrf_atomic_flag_clear_fetch
 *fill*         0x0000000000009686        0x2 
 .text.nrf_balloc_idx2block
                0x0000000000009688       0x38 Output/Debug/Obj/nfc_spk_pca10100/nrf_balloc.o
 .text.nrf_balloc_block2idx
                0x00000000000096c0       0x34 Output/Debug/Obj/nfc_spk_pca10100/nrf_balloc.o
 .text.nrf_balloc_init
                0x00000000000096f4       0xb8 Output/Debug/Obj/nfc_spk_pca10100/nrf_balloc.o
                0x00000000000096f4                nrf_balloc_init
 .text.nrf_balloc_alloc
                0x00000000000097ac       0x84 Output/Debug/Obj/nfc_spk_pca10100/nrf_balloc.o
                0x00000000000097ac                nrf_balloc_alloc
 .text.nrf_balloc_free
                0x0000000000009830       0x58 Output/Debug/Obj/nfc_spk_pca10100/nrf_balloc.o
                0x0000000000009830                nrf_balloc_free
 .text.nrf_fprintf_buffer_flush
                0x0000000000009888       0x44 Output/Debug/Obj/nfc_spk_pca10100/nrf_fprintf.o
                0x0000000000009888                nrf_fprintf_buffer_flush
 .text.nrf_fprintf
                0x00000000000098cc       0x74 Output/Debug/Obj/nfc_spk_pca10100/nrf_fprintf.o
                0x00000000000098cc                nrf_fprintf
 .text.buffer_add
                0x0000000000009940       0x4c Output/Debug/Obj/nfc_spk_pca10100/nrf_fprintf_format.o
 .text.string_print
                0x000000000000998c       0xc2 Output/Debug/Obj/nfc_spk_pca10100/nrf_fprintf_format.o
 *fill*         0x0000000000009a4e        0x2 
 .text.unsigned_print
                0x0000000000009a50      0x130 Output/Debug/Obj/nfc_spk_pca10100/nrf_fprintf_format.o
 .text.int_print
                0x0000000000009b80      0x11c Output/Debug/Obj/nfc_spk_pca10100/nrf_fprintf_format.o
 .text.nrf_fprintf_fmt
                0x0000000000009c9c      0x388 Output/Debug/Obj/nfc_spk_pca10100/nrf_fprintf_format.o
                0x0000000000009c9c                nrf_fprintf_fmt
 .text.nrf_memobj_pool_init
                0x000000000000a024       0x16 Output/Debug/Obj/nfc_spk_pca10100/nrf_memobj.o
                0x000000000000a024                nrf_memobj_pool_init
 .text.nrf_memobj_alloc
                0x000000000000a03a       0xae Output/Debug/Obj/nfc_spk_pca10100/nrf_memobj.o
                0x000000000000a03a                nrf_memobj_alloc
 .text.nrf_memobj_free
                0x000000000000a0e8       0x74 Output/Debug/Obj/nfc_spk_pca10100/nrf_memobj.o
                0x000000000000a0e8                nrf_memobj_free
 .text.nrf_memobj_get
                0x000000000000a15c       0x1e Output/Debug/Obj/nfc_spk_pca10100/nrf_memobj.o
                0x000000000000a15c                nrf_memobj_get
 .text.nrf_memobj_put
                0x000000000000a17a       0x34 Output/Debug/Obj/nfc_spk_pca10100/nrf_memobj.o
                0x000000000000a17a                nrf_memobj_put
 *fill*         0x000000000000a1ae        0x2 
 .text.memobj_op
                0x000000000000a1b0      0x124 Output/Debug/Obj/nfc_spk_pca10100/nrf_memobj.o
 .text.nrf_memobj_write
                0x000000000000a2d4       0x3c Output/Debug/Obj/nfc_spk_pca10100/nrf_memobj.o
                0x000000000000a2d4                nrf_memobj_write
 .text.nrf_memobj_read
                0x000000000000a310       0x40 Output/Debug/Obj/nfc_spk_pca10100/nrf_memobj.o
                0x000000000000a310                nrf_memobj_read
 .text.nrf_ringbuf_init
                0x000000000000a350       0x3a Output/Debug/Obj/nfc_spk_pca10100/nrf_ringbuf.o
                0x000000000000a350                nrf_ringbuf_init
 *fill*         0x000000000000a38a        0x2 
 .text.nrf_sortlist_add
                0x000000000000a38c       0x74 Output/Debug/Obj/nfc_spk_pca10100/nrf_sortlist.o
                0x000000000000a38c                nrf_sortlist_add
 .text.nrf_sortlist_pop
                0x000000000000a400       0x44 Output/Debug/Obj/nfc_spk_pca10100/nrf_sortlist.o
                0x000000000000a400                nrf_sortlist_pop
 .text.nrf_sortlist_peek
                0x000000000000a444       0x28 Output/Debug/Obj/nfc_spk_pca10100/nrf_sortlist.o
                0x000000000000a444                nrf_sortlist_peek
 .text.nrf_sortlist_remove
                0x000000000000a46c       0x6c Output/Debug/Obj/nfc_spk_pca10100/nrf_sortlist.o
                0x000000000000a46c                nrf_sortlist_remove
 .text.nrf_strerror_get
                0x000000000000a4d8       0x28 Output/Debug/Obj/nfc_spk_pca10100/nrf_strerror.o
                0x000000000000a4d8                nrf_strerror_get
 .text.nrf_strerror_find
                0x000000000000a500       0x68 Output/Debug/Obj/nfc_spk_pca10100/nrf_strerror.o
                0x000000000000a500                nrf_strerror_find
 .text.nrf_log_backend_serial_put
                0x000000000000a568      0x124 Output/Debug/Obj/nfc_spk_pca10100/nrf_log_backend_serial.o
                0x000000000000a568                nrf_log_backend_serial_put
 .text.nrf_drv_uart_uninit
                0x000000000000a68c       0x44 Output/Debug/Obj/nfc_spk_pca10100/nrf_log_backend_uart.o
 .text.nrf_drv_uart_tx
                0x000000000000a6d0       0x64 Output/Debug/Obj/nfc_spk_pca10100/nrf_log_backend_uart.o
 .text.uart_evt_handler
                0x000000000000a734       0x18 Output/Debug/Obj/nfc_spk_pca10100/nrf_log_backend_uart.o
 .text.uart_init
                0x000000000000a74c       0x88 Output/Debug/Obj/nfc_spk_pca10100/nrf_log_backend_uart.o
 .text.nrf_log_backend_uart_init
                0x000000000000a7d4       0x1c Output/Debug/Obj/nfc_spk_pca10100/nrf_log_backend_uart.o
                0x000000000000a7d4                nrf_log_backend_uart_init
 .text.serial_tx
                0x000000000000a7f0       0x6c Output/Debug/Obj/nfc_spk_pca10100/nrf_log_backend_uart.o
 .text.nrf_log_backend_uart_put
                0x000000000000a85c       0x28 Output/Debug/Obj/nfc_spk_pca10100/nrf_log_backend_uart.o
 .text.nrf_log_backend_uart_flush
                0x000000000000a884        0xa Output/Debug/Obj/nfc_spk_pca10100/nrf_log_backend_uart.o
 *fill*         0x000000000000a88e        0x2 
 .text.nrf_log_backend_uart_panic_set
                0x000000000000a890       0x20 Output/Debug/Obj/nfc_spk_pca10100/nrf_log_backend_uart.o
 .text.nrf_log_backend_enable
                0x000000000000a8b0       0x12 Output/Debug/Obj/nfc_spk_pca10100/nrf_log_default_backends.o
 *fill*         0x000000000000a8c2        0x2 
 .text.nrf_log_default_backends_init
                0x000000000000a8c4       0x3c Output/Debug/Obj/nfc_spk_pca10100/nrf_log_default_backends.o
                0x000000000000a8c4                nrf_log_default_backends_init
 .text.nrf_log_backend_put
                0x000000000000a900       0x1c Output/Debug/Obj/nfc_spk_pca10100/nrf_log_frontend.o
 .text.nrf_log_backend_panic_set
                0x000000000000a91c       0x18 Output/Debug/Obj/nfc_spk_pca10100/nrf_log_frontend.o
 .text.nrf_log_backend_flush
                0x000000000000a934       0x18 Output/Debug/Obj/nfc_spk_pca10100/nrf_log_frontend.o
 .text.nrf_log_backend_id_set
                0x000000000000a94c       0x1a Output/Debug/Obj/nfc_spk_pca10100/nrf_log_frontend.o
 .text.nrf_log_backend_id_get
                0x000000000000a966       0x10 Output/Debug/Obj/nfc_spk_pca10100/nrf_log_frontend.o
 .text.nrf_log_backend_enable
                0x000000000000a976       0x12 Output/Debug/Obj/nfc_spk_pca10100/nrf_log_frontend.o
 .text.nrf_log_backend_is_enabled
                0x000000000000a988       0x10 Output/Debug/Obj/nfc_spk_pca10100/nrf_log_frontend.o
 .text.nrf_log_init
                0x000000000000a998       0x50 Output/Debug/Obj/nfc_spk_pca10100/nrf_log_frontend.o
                0x000000000000a998                nrf_log_init
 .text.nrf_log_module_cnt_get
                0x000000000000a9e8       0x14 Output/Debug/Obj/nfc_spk_pca10100/nrf_log_frontend.o
                0x000000000000a9e8                nrf_log_module_cnt_get
 .text.module_idx_get
                0x000000000000a9fc       0x64 Output/Debug/Obj/nfc_spk_pca10100/nrf_log_frontend.o
 .text.nrf_log_module_name_get
                0x000000000000aa60       0x40 Output/Debug/Obj/nfc_spk_pca10100/nrf_log_frontend.o
                0x000000000000aa60                nrf_log_module_name_get
 .text.nrf_log_color_id_get
                0x000000000000aaa0       0x70 Output/Debug/Obj/nfc_spk_pca10100/nrf_log_frontend.o
                0x000000000000aaa0                nrf_log_color_id_get
 .text.invalid_packets_omit
                0x000000000000ab10       0x6e Output/Debug/Obj/nfc_spk_pca10100/nrf_log_frontend.o
 *fill*         0x000000000000ab7e        0x2 
 .text.log_skip
                0x000000000000ab80      0x118 Output/Debug/Obj/nfc_spk_pca10100/nrf_log_frontend.o
 .text.dropped_sat16_get
                0x000000000000ac98       0x28 Output/Debug/Obj/nfc_spk_pca10100/nrf_log_frontend.o
 .text.std_header_set
                0x000000000000acc0       0xb4 Output/Debug/Obj/nfc_spk_pca10100/nrf_log_frontend.o
 .text.buf_prealloc
                0x000000000000ad74      0x128 Output/Debug/Obj/nfc_spk_pca10100/nrf_log_frontend.o
 .text.std_n    0x000000000000ae9c       0x90 Output/Debug/Obj/nfc_spk_pca10100/nrf_log_frontend.o
 .text.nrf_log_frontend_std_0
                0x000000000000af2c       0x1c Output/Debug/Obj/nfc_spk_pca10100/nrf_log_frontend.o
                0x000000000000af2c                nrf_log_frontend_std_0
 .text.nrf_log_frontend_std_1
                0x000000000000af48       0x22 Output/Debug/Obj/nfc_spk_pca10100/nrf_log_frontend.o
                0x000000000000af48                nrf_log_frontend_std_1
 .text.nrf_log_frontend_std_2
                0x000000000000af6a       0x28 Output/Debug/Obj/nfc_spk_pca10100/nrf_log_frontend.o
                0x000000000000af6a                nrf_log_frontend_std_2
 .text.nrf_log_frontend_std_3
                0x000000000000af92       0x2c Output/Debug/Obj/nfc_spk_pca10100/nrf_log_frontend.o
                0x000000000000af92                nrf_log_frontend_std_3
 .text.nrf_log_frontend_std_4
                0x000000000000afbe       0x30 Output/Debug/Obj/nfc_spk_pca10100/nrf_log_frontend.o
                0x000000000000afbe                nrf_log_frontend_std_4
 .text.nrf_log_frontend_std_5
                0x000000000000afee       0x34 Output/Debug/Obj/nfc_spk_pca10100/nrf_log_frontend.o
                0x000000000000afee                nrf_log_frontend_std_5
 *fill*         0x000000000000b022        0x2 
 .text.nrf_log_frontend_hexdump
                0x000000000000b024      0x144 Output/Debug/Obj/nfc_spk_pca10100/nrf_log_frontend.o
                0x000000000000b024                nrf_log_frontend_hexdump
 .text.buffer_is_empty
                0x000000000000b168       0x1c Output/Debug/Obj/nfc_spk_pca10100/nrf_log_frontend.o
                0x000000000000b168                buffer_is_empty
 .text.nrf_log_frontend_dequeue
                0x000000000000b184      0x3a0 Output/Debug/Obj/nfc_spk_pca10100/nrf_log_frontend.o
                0x000000000000b184                nrf_log_frontend_dequeue
 .text.backend_id_assign
                0x000000000000b524       0x68 Output/Debug/Obj/nfc_spk_pca10100/nrf_log_frontend.o
 .text.nrf_log_backend_add
                0x000000000000b58c       0x70 Output/Debug/Obj/nfc_spk_pca10100/nrf_log_frontend.o
                0x000000000000b58c                nrf_log_backend_add
 .text.nrf_log_panic
                0x000000000000b5fc       0x3c Output/Debug/Obj/nfc_spk_pca10100/nrf_log_frontend.o
                0x000000000000b5fc                nrf_log_panic
 .text.timestamp_print
                0x000000000000b638        0xc Output/Debug/Obj/nfc_spk_pca10100/nrf_log_str_formatter.o
 .text.prefix_process
                0x000000000000b644       0xb0 Output/Debug/Obj/nfc_spk_pca10100/nrf_log_str_formatter.o
 .text.postfix_process
                0x000000000000b6f4       0x60 Output/Debug/Obj/nfc_spk_pca10100/nrf_log_str_formatter.o
 .text.nrf_log_std_entry_process
                0x000000000000b754      0x144 Output/Debug/Obj/nfc_spk_pca10100/nrf_log_str_formatter.o
                0x000000000000b754                nrf_log_std_entry_process
 .text.nrf_log_hexdump_entry_process
                0x000000000000b898       0xf0 Output/Debug/Obj/nfc_spk_pca10100/nrf_log_str_formatter.o
                0x000000000000b898                nrf_log_hexdump_entry_process
 .text.nfc_ndef_msg_record_add
                0x000000000000b988       0x38 Output/Debug/Obj/nfc_spk_pca10100/nfc_ndef_msg.o
                0x000000000000b988                nfc_ndef_msg_record_add
 .text.ndef_msg_parser
                0x000000000000b9c0       0x3c Output/Debug/Obj/nfc_spk_pca10100/nfc_ndef_msg_parser.o
                0x000000000000b9c0                ndef_msg_parser
 .text.ndef_msg_printout
                0x000000000000b9fc       0x60 Output/Debug/Obj/nfc_spk_pca10100/nfc_ndef_msg_parser.o
                0x000000000000b9fc                ndef_msg_printout
 .text.internal_ndef_msg_parser
                0x000000000000ba5c       0xee Output/Debug/Obj/nfc_spk_pca10100/nfc_ndef_msg_parser_local.o
                0x000000000000ba5c                internal_ndef_msg_parser
 *fill*         0x000000000000bb4a        0x2 
 .text.ndef_parser_memo_resolve
                0x000000000000bb4c       0x94 Output/Debug/Obj/nfc_spk_pca10100/nfc_ndef_msg_parser_local.o
                0x000000000000bb4c                ndef_parser_memo_resolve
 .text.nfc_ndef_bin_payload_memcopy
                0x000000000000bbe0       0x42 Output/Debug/Obj/nfc_spk_pca10100/nfc_ndef_record.o
                0x000000000000bbe0                nfc_ndef_bin_payload_memcopy
 .text.uint32_big_decode
                0x000000000000bc22       0x2c Output/Debug/Obj/nfc_spk_pca10100/nfc_ndef_record_parser.o
 *fill*         0x000000000000bc4e        0x2 
 .text.ndef_record_parser
                0x000000000000bc50      0x170 Output/Debug/Obj/nfc_spk_pca10100/nfc_ndef_record_parser.o
                0x000000000000bc50                ndef_record_parser
 .text.ndef_record_printout
                0x000000000000bdc0      0x134 Output/Debug/Obj/nfc_spk_pca10100/nfc_ndef_record_parser.o
                0x000000000000bdc0                ndef_record_printout
 .text.uint16_big_decode
                0x000000000000bef4       0x20 Output/Debug/Obj/nfc_spk_pca10100/nfc_t2t_parser.o
 .text.uint32_big_decode
                0x000000000000bf14       0x2c Output/Debug/Obj/nfc_spk_pca10100/nfc_t2t_parser.o
 .text.type_2_tag_tlv_block_insert
                0x000000000000bf40       0x40 Output/Debug/Obj/nfc_spk_pca10100/nfc_t2t_parser.o
 .text.tlv_block_is_data_length_correct
                0x000000000000bf80       0x4a Output/Debug/Obj/nfc_spk_pca10100/nfc_t2t_parser.o
 .text.type_2_tag_is_end_reached
                0x000000000000bfca       0x24 Output/Debug/Obj/nfc_spk_pca10100/nfc_t2t_parser.o
 .text.type_2_tag_is_version_supported
                0x000000000000bfee       0x18 Output/Debug/Obj/nfc_spk_pca10100/nfc_t2t_parser.o
 .text.type_2_tag_is_field_within_data_range
                0x000000000000c006       0x4a Output/Debug/Obj/nfc_spk_pca10100/nfc_t2t_parser.o
 .text.type_2_tag_type_extract
                0x000000000000c050       0x50 Output/Debug/Obj/nfc_spk_pca10100/nfc_t2t_parser.o
 .text.type_2_tag_length_extract
                0x000000000000c0a0       0xb6 Output/Debug/Obj/nfc_spk_pca10100/nfc_t2t_parser.o
 .text.type_2_tag_value_ptr_extract
                0x000000000000c156       0x64 Output/Debug/Obj/nfc_spk_pca10100/nfc_t2t_parser.o
 .text.type_2_tag_tlv_block_extract
                0x000000000000c1ba       0x8a Output/Debug/Obj/nfc_spk_pca10100/nfc_t2t_parser.o
 .text.type_2_tag_is_bcc_correct
                0x000000000000c244       0x80 Output/Debug/Obj/nfc_spk_pca10100/nfc_t2t_parser.o
 .text.type_2_tag_internal_parse
                0x000000000000c2c4       0x9c Output/Debug/Obj/nfc_spk_pca10100/nfc_t2t_parser.o
 .text.type_2_tag_cc_parse
                0x000000000000c360       0x6c Output/Debug/Obj/nfc_spk_pca10100/nfc_t2t_parser.o
 .text.type_2_tag_tlv_parse
                0x000000000000c3cc       0x90 Output/Debug/Obj/nfc_spk_pca10100/nfc_t2t_parser.o
 .text.type_2_tag_clear
                0x000000000000c45c       0x2e Output/Debug/Obj/nfc_spk_pca10100/nfc_t2t_parser.o
                0x000000000000c45c                type_2_tag_clear
 .text.type_2_tag_parse
                0x000000000000c48a       0x96 Output/Debug/Obj/nfc_spk_pca10100/nfc_t2t_parser.o
                0x000000000000c48a                type_2_tag_parse
 .text.type_2_tag_printout
                0x000000000000c520      0x1b8 Output/Debug/Obj/nfc_spk_pca10100/nfc_t2t_parser.o
                0x000000000000c520                type_2_tag_printout
 .text.nfc_t4t_resp_apdu_clear
                0x000000000000c6d8       0x18 Output/Debug/Obj/nfc_spk_pca10100/nfc_t4t_apdu.o
 .text.uint16_big_decode
                0x000000000000c6f0       0x20 Output/Debug/Obj/nfc_spk_pca10100/nfc_t4t_apdu.o
 .text.nfc_t4t_comm_apdu_size_calc
                0x000000000000c710       0x70 Output/Debug/Obj/nfc_spk_pca10100/nfc_t4t_apdu.o
 .text.nfc_t4t_comm_apdu_args_validate
                0x000000000000c780       0x3a Output/Debug/Obj/nfc_spk_pca10100/nfc_t4t_apdu.o
 .text.nfc_t4t_comm_apdu_encode
                0x000000000000c7ba      0x148 Output/Debug/Obj/nfc_spk_pca10100/nfc_t4t_apdu.o
                0x000000000000c7ba                nfc_t4t_comm_apdu_encode
 .text.nfc_t4t_resp_apdu_args_validate
                0x000000000000c902       0x30 Output/Debug/Obj/nfc_spk_pca10100/nfc_t4t_apdu.o
 .text.nfc_t4t_resp_apdu_decode
                0x000000000000c932       0x6e Output/Debug/Obj/nfc_spk_pca10100/nfc_t4t_apdu.o
                0x000000000000c932                nfc_t4t_resp_apdu_decode
 .text.nfc_t4t_resp_apdu_printout
                0x000000000000c9a0       0x90 Output/Debug/Obj/nfc_spk_pca10100/nfc_t4t_apdu.o
                0x000000000000c9a0                nfc_t4t_resp_apdu_printout
 .text.uint16_big_decode
                0x000000000000ca30       0x20 Output/Debug/Obj/nfc_spk_pca10100/nfc_t4t_cc_file.o
 .text.nfc_t4t_cc_args_validate
                0x000000000000ca50       0x50 Output/Debug/Obj/nfc_spk_pca10100/nfc_t4t_cc_file.o
 .text.nfc_t4t_cc_file_validate
                0x000000000000caa0       0x3a Output/Debug/Obj/nfc_spk_pca10100/nfc_t4t_cc_file.o
 .text.nfc_t4t_cc_file_clear
                0x000000000000cada       0x10 Output/Debug/Obj/nfc_spk_pca10100/nfc_t4t_cc_file.o
 .text.nfc_t4t_tlv_block_insert
                0x000000000000caea       0x50 Output/Debug/Obj/nfc_spk_pca10100/nfc_t4t_cc_file.o
 .text.nfc_t4t_cc_file_parse
                0x000000000000cb3a      0x118 Output/Debug/Obj/nfc_spk_pca10100/nfc_t4t_cc_file.o
                0x000000000000cb3a                nfc_t4t_cc_file_parse
 .text.nfc_t4t_file_content_get
                0x000000000000cc52       0x6c Output/Debug/Obj/nfc_spk_pca10100/nfc_t4t_cc_file.o
                0x000000000000cc52                nfc_t4t_file_content_get
 .text.nfc_t4t_file_content_set
                0x000000000000ccbe       0x40 Output/Debug/Obj/nfc_spk_pca10100/nfc_t4t_cc_file.o
                0x000000000000ccbe                nfc_t4t_file_content_set
 *fill*         0x000000000000ccfe        0x2 
 .text.nfc_t4t_cc_file_printout
                0x000000000000cd00      0x10c Output/Debug/Obj/nfc_spk_pca10100/nfc_t4t_cc_file.o
                0x000000000000cd00                nfc_t4t_cc_file_printout
 .text.nfc_t4t_comm_apdu_clear
                0x000000000000ce0c       0x18 Output/Debug/Obj/nfc_spk_pca10100/nfc_t4t_hl_detection_procedures.o
 .text.uint16_big_decode
                0x000000000000ce24       0x20 Output/Debug/Obj/nfc_spk_pca10100/nfc_t4t_hl_detection_procedures.o
 .text.uint16_big_encode
                0x000000000000ce44       0x2c Output/Debug/Obj/nfc_spk_pca10100/nfc_t4t_hl_detection_procedures.o
 .text.nfc_t4t_apdu_exchange
                0x000000000000ce70       0xae Output/Debug/Obj/nfc_spk_pca10100/nfc_t4t_hl_detection_procedures.o
 .text.nfc_t4t_apdu_default_exchange
                0x000000000000cf1e       0x3e Output/Debug/Obj/nfc_spk_pca10100/nfc_t4t_hl_detection_procedures.o
 .text.nfc_t4t_file_chunk_save
                0x000000000000cf5c       0x66 Output/Debug/Obj/nfc_spk_pca10100/nfc_t4t_hl_detection_procedures.o
 .text.nfc_t4t_file_len_update
                0x000000000000cfc2       0x2e Output/Debug/Obj/nfc_spk_pca10100/nfc_t4t_hl_detection_procedures.o
 .text.nfc_t4t_ndef_tag_app_select
                0x000000000000cff0       0x84 Output/Debug/Obj/nfc_spk_pca10100/nfc_t4t_hl_detection_procedures.o
                0x000000000000cff0                nfc_t4t_ndef_tag_app_select
 .text.nfc_t4t_file_select
                0x000000000000d074       0xac Output/Debug/Obj/nfc_spk_pca10100/nfc_t4t_hl_detection_procedures.o
                0x000000000000d074                nfc_t4t_file_select
 .text.nfc_t4t_cc_select
                0x000000000000d120       0x34 Output/Debug/Obj/nfc_spk_pca10100/nfc_t4t_hl_detection_procedures.o
                0x000000000000d120                nfc_t4t_cc_select
 .text.nfc_t4t_cc_read
                0x000000000000d154      0x170 Output/Debug/Obj/nfc_spk_pca10100/nfc_t4t_hl_detection_procedures.o
                0x000000000000d154                nfc_t4t_cc_read
 .text.nfc_t4t_ndef_read
                0x000000000000d2c4      0x1dc Output/Debug/Obj/nfc_spk_pca10100/nfc_t4t_hl_detection_procedures.o
                0x000000000000d2c4                nfc_t4t_ndef_read
 .text.uint16_big_decode
                0x000000000000d4a0       0x20 Output/Debug/Obj/nfc_spk_pca10100/nfc_t4t_tlv_block.o
 .text.uint32_big_decode
                0x000000000000d4c0       0x2c Output/Debug/Obj/nfc_spk_pca10100/nfc_t4t_tlv_block.o
 .text.nfc_t4t_file_control_tl_validate
                0x000000000000d4ec       0x52 Output/Debug/Obj/nfc_spk_pca10100/nfc_t4t_tlv_block.o
 .text.nfc_t4t_file_control_value_parse
                0x000000000000d53e      0x124 Output/Debug/Obj/nfc_spk_pca10100/nfc_t4t_tlv_block.o
 .text.nfc_t4t_file_control_tlv_parse
                0x000000000000d662       0xce Output/Debug/Obj/nfc_spk_pca10100/nfc_t4t_tlv_block.o
                0x000000000000d662                nfc_t4t_file_control_tlv_parse
 .text.nfc_t4t_file_control_tlv_printout
                0x000000000000d730      0x1c8 Output/Debug/Obj/nfc_spk_pca10100/nfc_t4t_tlv_block.o
                0x000000000000d730                nfc_t4t_file_control_tlv_printout
 .text.libc.putchar
                0x000000000000d8f8        0xe C:/Program Files/SEGGER/SEGGER Embedded Studio for ARM 7.10/lib/libc_v7em_fpv4_sp_d16_hard_t_le_eabi_balanced.a(fileops.o)
                0x000000000000d8f8                putchar
 .text.libc.fputc
                0x000000000000d906       0x22 C:/Program Files/SEGGER/SEGGER Embedded Studio for ARM 7.10/lib/libc_v7em_fpv4_sp_d16_hard_t_le_eabi_balanced.a(fileops.o)
                0x000000000000d906                fputc
 .text.libc.puts
                0x000000000000d928       0x30 C:/Program Files/SEGGER/SEGGER Embedded Studio for ARM 7.10/lib/libc_v7em_fpv4_sp_d16_hard_t_le_eabi_balanced.a(fileops.o)
                0x000000000000d928                puts
 .text.libc.fwrite
                0x000000000000d958       0x2e C:/Program Files/SEGGER/SEGGER Embedded Studio for ARM 7.10/lib/libc_v7em_fpv4_sp_d16_hard_t_le_eabi_balanced.a(fileops.o)
                0x000000000000d958                fwrite
 *fill*         0x000000000000d986        0x2 
 .text.libc.__aeabi_uldivmod
                0x000000000000d988      0x130 C:/Program Files/SEGGER/SEGGER Embedded Studio for ARM 7.10/lib/libc_v7em_fpv4_sp_d16_hard_t_le_eabi_balanced.a(intasmops_arm.o)
                0x000000000000d988                __aeabi_uldivmod
 .text.libc.__SEGGER_RTL_current_locale
                0x000000000000dab8       0x1a C:/Program Files/SEGGER/SEGGER Embedded Studio for ARM 7.10/lib/libc_v7em_fpv4_sp_d16_hard_t_le_eabi_balanced.a(mbops.o)
                0x000000000000dab8                __SEGGER_RTL_current_locale
 .text.libc.__SEGGER_RTL_ascii_mbtowc
                0x000000000000dad2       0x30 C:/Program Files/SEGGER/SEGGER Embedded Studio for ARM 7.10/lib/libc_v7em_fpv4_sp_d16_hard_t_le_eabi_balanced.a(mbops.o)
                0x000000000000dad2                __SEGGER_RTL_ascii_mbtowc
 .text.libc.__SEGGER_RTL_ascii_wctomb
                0x000000000000db02        0xe C:/Program Files/SEGGER/SEGGER Embedded Studio for ARM 7.10/lib/libc_v7em_fpv4_sp_d16_hard_t_le_eabi_balanced.a(mbops.o)
                0x000000000000db02                __SEGGER_RTL_ascii_wctomb
 .text.libc.__SEGGER_RTL_isctype
                0x000000000000db10       0x20 C:/Program Files/SEGGER/SEGGER Embedded Studio for ARM 7.10/lib/libc_v7em_fpv4_sp_d16_hard_t_le_eabi_balanced.a(mbops.o)
 .text.libc.isprint
                0x000000000000db30        0x6 C:/Program Files/SEGGER/SEGGER Embedded Studio for ARM 7.10/lib/libc_v7em_fpv4_sp_d16_hard_t_le_eabi_balanced.a(mbops.o)
                0x000000000000db30                isprint
 .text.libc.__SEGGER_RTL_ascii_isctype
                0x000000000000db36       0x20 C:/Program Files/SEGGER/SEGGER Embedded Studio for ARM 7.10/lib/libc_v7em_fpv4_sp_d16_hard_t_le_eabi_balanced.a(mbops.o)
 .text.libc.__SEGGER_RTL_ascii_toupper
                0x000000000000db56        0xc C:/Program Files/SEGGER/SEGGER Embedded Studio for ARM 7.10/lib/libc_v7em_fpv4_sp_d16_hard_t_le_eabi_balanced.a(mbops.o)
 .text.libc.__SEGGER_RTL_ascii_tolower
                0x000000000000db62        0xc C:/Program Files/SEGGER/SEGGER Embedded Studio for ARM 7.10/lib/libc_v7em_fpv4_sp_d16_hard_t_le_eabi_balanced.a(mbops.o)
 .text.libc.__SEGGER_RTL_ascii_iswctype
                0x000000000000db6e       0x20 C:/Program Files/SEGGER/SEGGER Embedded Studio for ARM 7.10/lib/libc_v7em_fpv4_sp_d16_hard_t_le_eabi_balanced.a(mbops.o)
 .text.libc.__SEGGER_RTL_ascii_towupper
                0x000000000000db8e        0xc C:/Program Files/SEGGER/SEGGER Embedded Studio for ARM 7.10/lib/libc_v7em_fpv4_sp_d16_hard_t_le_eabi_balanced.a(mbops.o)
 .text.libc.__SEGGER_RTL_ascii_towlower
                0x000000000000db9a        0xc C:/Program Files/SEGGER/SEGGER Embedded Studio for ARM 7.10/lib/libc_v7em_fpv4_sp_d16_hard_t_le_eabi_balanced.a(mbops.o)
 *fill*         0x000000000000dba6        0x2 
 .text.libc.strlen
                0x000000000000dba8       0x60 C:/Program Files/SEGGER/SEGGER Embedded Studio for ARM 7.10/lib/libc_v7em_fpv4_sp_d16_hard_t_le_eabi_balanced.a(strasmops_arm.o)
                0x000000000000dba8                strlen
 .text.libc.memcpy