Archive member included to satisfy reference by file (symbol)

C:/Program Files/SEGGER/SEGGER Embedded Studio for ARM 7.10/lib/libc_v7em_fpv4_sp_d16_hard_t_le_eabi_balanced.a(fileops.o)
                              Output/Release/Obj/nfc_spk_pca10100/main.o (puts)
C:/Program Files/SEGGER/SEGGER Embedded Studio for ARM 7.10/lib/libc_v7em_fpv4_sp_d16_hard_t_le_eabi_balanced.a(intasmops_arm.o)
                              Output/Release/Obj/nfc_spk_pca10100/bsp.o (__aeabi_ldivmod)
C:/Program Files/SEGGER/SEGGER Embedded Studio for ARM 7.10/lib/libc_v7em_fpv4_sp_d16_hard_t_le_eabi_balanced.a(mbops.o)
                              Output/Release/Obj/nfc_spk_pca10100/nrf_log_str_formatter.o (isprint)
C:/Program Files/SEGGER/SEGGER Embedded Studio for ARM 7.10/lib/libc_v7em_fpv4_sp_d16_hard_t_le_eabi_balanced.a(sortops.o)
                              C:/Program Files/SEGGER/SEGGER Embedded Studio for ARM 7.10/lib/libc_v7em_fpv4_sp_d16_hard_t_le_eabi_balanced.a(mbops.o) (bsearch)
C:/Program Files/SEGGER/SEGGER Embedded Studio for ARM 7.10/lib/libc_v7em_fpv4_sp_d16_hard_t_le_eabi_balanced.a(strasmops_arm.o)
                              Output/Release/Obj/nfc_spk_pca10100/SEGGER_RTT.o (strcpy)
C:/Program Files/SEGGER/SEGGER Embedded Studio for ARM 7.10/lib/libc_v7em_fpv4_sp_d16_hard_t_le_eabi_balanced.a(strops.o)
                              Output/Release/Obj/nfc_spk_pca10100/adafruit_pn532.o (memcmp)
C:/Program Files/SEGGER/SEGGER Embedded Studio for ARM 7.10/lib/libc_v7em_fpv4_sp_d16_hard_t_le_eabi_balanced.a(timeops.o)
                              C:/Program Files/SEGGER/SEGGER Embedded Studio for ARM 7.10/lib/libc_v7em_fpv4_sp_d16_hard_t_le_eabi_balanced.a(mbops.o) (__SEGGER_RTL_string_list_encode)
C:/Program Files/SEGGER/SEGGER Embedded Studio for ARM 7.10/lib/libc_v7em_fpv4_sp_d16_hard_t_le_eabi_balanced.a(prinops.o)
                              Output/Release/Obj/nfc_spk_pca10100/main.o (snprintf)
C:/Program Files/SEGGER/SEGGER Embedded Studio for ARM 7.10/lib/libc_v7em_fpv4_sp_d16_hard_t_le_eabi_balanced.a(__SEGGER_RTL_vfprintf_long.o)
                              (__SEGGER_RTL_vfprintf_long)
C:/Program Files/SEGGER/SEGGER Embedded Studio for ARM 7.10/lib/libc_v7em_fpv4_sp_d16_hard_t_le_eabi_balanced.a(__SEGGER_RTL_vfscanf_long.o)
                              (__SEGGER_RTL_vfscanf_long)
C:/Program Files/SEGGER/SEGGER Embedded Studio for ARM 7.10/lib/libc_v7em_fpv4_sp_d16_hard_t_le_eabi_balanced.a(errno.o)
                              C:/Program Files/SEGGER/SEGGER Embedded Studio for ARM 7.10/lib/libc_v7em_fpv4_sp_d16_hard_t_le_eabi_balanced.a(fileops.o) (__aeabi_errno_addr)
C:/Program Files/SEGGER/SEGGER Embedded Studio for ARM 7.10/lib/libc_v7em_fpv4_sp_d16_hard_t_le_eabi_balanced.a(execops.o)
                              C:/Program Files/SEGGER/SEGGER Embedded Studio for ARM 7.10/lib/libc_v7em_fpv4_sp_d16_hard_t_le_eabi_balanced.a(strops.o) (__SEGGER_RTL_constraint_violation)
C:/Program Files/SEGGER/SEGGER Embedded Studio for ARM 7.10/lib/libc_v7em_fpv4_sp_d16_hard_t_le_eabi_balanced.a(execops_arm.o)
                              C:/Program Files/SEGGER/SEGGER Embedded Studio for ARM 7.10/lib/libc_v7em_fpv4_sp_d16_hard_t_le_eabi_balanced.a(execops.o) (__aeabi_SIGABRT)
C:/Program Files/SEGGER/SEGGER Embedded Studio for ARM 7.10/lib/libc_v7em_fpv4_sp_d16_hard_t_le_eabi_balanced.a(floatasmops_arm.o)
                              C:/Program Files/SEGGER/SEGGER Embedded Studio for ARM 7.10/lib/libc_v7em_fpv4_sp_d16_hard_t_le_eabi_balanced.a(timeops.o) (__aeabi_i2d)
C:/Program Files/SEGGER/SEGGER Embedded Studio for ARM 7.10/lib/libc_v7em_fpv4_sp_d16_hard_t_le_eabi_balanced.a(intops.o)
                              C:/Program Files/SEGGER/SEGGER Embedded Studio for ARM 7.10/lib/libc_v7em_fpv4_sp_d16_hard_t_le_eabi_balanced.a(timeops.o) (div)
C:/Program Files/SEGGER/SEGGER Embedded Studio for ARM 7.10/lib/libc_v7em_fpv4_sp_d16_hard_t_le_eabi_balanced.a(utilops.o)
                              C:/Program Files/SEGGER/SEGGER Embedded Studio for ARM 7.10/lib/libc_v7em_fpv4_sp_d16_hard_t_le_eabi_balanced.a(__SEGGER_RTL_vfscanf_long.o) (__SEGGER_RTL_digit)
C:/Program Files/SEGGER/SEGGER Embedded Studio for ARM 7.10/lib/libc_v7em_fpv4_sp_d16_hard_t_le_eabi_balanced.a(convops.o)
                              C:/Program Files/SEGGER/SEGGER Embedded Studio for ARM 7.10/lib/libc_v7em_fpv4_sp_d16_hard_t_le_eabi_balanced.a(execops.o) (itoa)
C:/Program Files/SEGGER/SEGGER Embedded Studio for ARM 7.10/lib/libc_v7em_fpv4_sp_d16_hard_t_le_eabi_balanced.a(floatops.o)
                              C:/Program Files/SEGGER/SEGGER Embedded Studio for ARM 7.10/lib/libc_v7em_fpv4_sp_d16_hard_t_le_eabi_balanced.a(convops.o) (__SEGGER_RTL_float32_isinf)
C:/Program Files/SEGGER/SEGGER Embedded Studio for ARM 7.10/lib/prinops_rtt_v7em_fpv4_sp_d16_hard_t_le_eabi_balanced.a(prinops_rtt.o)
[...]
Memory Configuration

Name             Origin             Length             Attributes
UNPLACED_SECTIONS 0x0000000100000000 0x0000000000000000 xw
RAM1             0x0000000020000000 0x0000000000010000 xw
FLASH1           0x0000000000000000 0x0000000000080000 xw
*default*        0x0000000000000000 0xffffffffffffffff

Linker script and memory map

                0x0000000000007578                __SEGGER_RTL_vfprintf = __SEGGER_RTL_vfprintf_long
                0x0000000000000000                __SEGGER_RTL_vfscanf = __SEGGER_RTL_vfscanf_long
                0x0000000020000000                __RAM1_segment_start__ = 0x20000000
                0x0000000020010000                __RAM1_segment_end__ = 0x20010000
                0x0000000000010000                __RAM1_segment_size__ = 0x10000
                0x0000000000000000                __FLASH1_segment_start__ = 0x0
                0x0000000000080000                __FLASH1_segment_end__ = 0x80000
                0x0000000000080000                __FLASH1_segment_size__ = 0x80000
                0x0000000000002000                __HEAPSIZE__ = 0x2000
                0x0000000000000000                __STACKSIZE_PROCESS__ = 0x0
                0x0000000000002000                __STACKSIZE__ = 0x2000
                0x0000000020000000                __vectors_ram_load_start__ = 0x20000000

.vectors_ram    0x0000000020000000        0x0
                0x0000000020000000                __vectors_ram_start__ = .
                0x0000000020000000                __app_ram_start__ = __vectors_ram_start__
 *(.vectors_ram .vectors_ram.*)
                0x0000000020000000                __vectors_ram_end__ = (__vectors_ram_start__ + SIZEOF (.vectors_ram))
                0x0000000000000000                __vectors_ram_size__ = SIZEOF (.vectors_ram)
                0x0000000020000000                __vectors_ram_load_end__ = __vectors_ram_end__
                0x0000000000000001                . = ASSERT (((__vectors_ram_start__ == __vectors_ram_end__) || ((__vectors_ram_end__ - __RAM1_segment_start__) <= __RAM1_segment_size__)), error: .vectors_ram is too large to fit in RAM1 memory segment)
                0x0000000020000000                __nrf_sections_run_load_start__ = ALIGN (__vectors_ram_end__, 0x4)

.nrf_sections_run
                0x0000000020000000        0x0
                0x0000000020000000                __nrf_sections_run_start__ = .
                0x0000000020000000                __start_nrf_sections_run = __nrf_sections_run_start__
 *(.nrf_sections_run .nrf_sections_run.*)
                0x0000000020000000                __nrf_sections_run_end__ = (__nrf_sections_run_start__ + SIZEOF (.nrf_sections_run))
                0x0000000000000000                __nrf_sections_run_size__ = SIZEOF (.nrf_sections_run)
                0x0000000020000000                __nrf_sections_run_load_end__ = __nrf_sections_run_end__
                0x0000000000000001                . = ASSERT (((__nrf_sections_run_start__ == __nrf_sections_run_end__) || ((__nrf_sections_run_end__ - __RAM1_segment_start__) <= __RAM1_segment_size__)), error: .nrf_sections_run is too large to fit in RAM1 memory segment)
                0x0000000000000000                __vectors_load_start__ = 0x0

.vectors        0x0000000000000000      0x200
                0x0000000000000000                __vectors_start__ = .
 *(.vectors .vectors.*)
 .vectors       0x0000000000000000      0x200 Output/Release/Obj/nfc_spk_pca10100/ses_startup_nrf52.o
                0x0000000000000000                _vectors
                0x0000000000000200                __vectors_end__ = (__vectors_start__ + SIZEOF (.vectors))
                0x0000000000000200                __vectors_size__ = SIZEOF (.vectors)
                0x0000000000000200                __vectors_load_end__ = __vectors_end__
                0x0000000000000001                . = ASSERT (((__vectors_start__ == __vectors_end__) || ((__vectors_end__ - __FLASH1_segment_start__) <= __FLASH1_segment_size__)), error: .vectors is too large to fit in FLASH1 memory segment)
                0x0000000000000200                __init_load_start__ = ALIGN (__vectors_end__, 0x4)

.init           0x0000000000000200      0x1cc
                0x0000000000000200                __init_start__ = .
 *(.init .init.*)
 .init          0x0000000000000200       0x18 Output/Release/Obj/nfc_spk_pca10100/ses_startup_nrf52.o
                0x0000000000000200                NMI_Handler
                0x0000000000000204                MemoryManagement_Handler
                0x0000000000000206                BusFault_Handler
                0x0000000000000208                UsageFault_Handler
                0x000000000000020a                SVC_Handler
                0x000000000000020c                DebugMon_Handler
                0x000000000000020e                PendSV_Handler
                0x0000000000000210                SysTick_Handler
                0x0000000000000212                PWM1_IRQHandler
                0x0000000000000212                SWI0_EGU0_IRQHandler
                0x0000000000000212                POWER_CLOCK_IRQHandler
                0x0000000000000212                RADIO_IRQHandler
                0x0000000000000212                PDM_IRQHandler
                0x0000000000000212                TEMP_IRQHandler
                0x0000000000000212                QDEC_IRQHandler
                0x0000000000000212                RTC0_IRQHandler
                0x0000000000000212                FPU_IRQHandler
                0x0000000000000212                SWI2_EGU2_IRQHandler
                0x0000000000000212                TIMER4_IRQHandler
                0x0000000000000212                I2S_IRQHandler
                0x0000000000000212                SWI4_EGU4_IRQHandler
                0x0000000000000212                TIMER0_IRQHandler
                0x0000000000000212                Dummy_Handler
                0x0000000000000212                TIMER1_IRQHandler
                0x0000000000000212                PWM2_IRQHandler
                0x0000000000000212                ECB_IRQHandler
                0x0000000000000212                SPIM1_SPIS1_TWIM1_TWIS1_SPI1_TWI1_IRQHandler
                0x0000000000000212                SAADC_IRQHandler
                0x0000000000000212                CCM_AAR_IRQHandler
                0x0000000000000212                WDT_IRQHandler
                0x0000000000000212                TIMER3_IRQHandler
                0x0000000000000212                SWI5_EGU5_IRQHandler
                0x0000000000000212                RNG_IRQHandler
                0x0000000000000212                RTC2_IRQHandler
                0x0000000000000212                PWM0_IRQHandler
                0x0000000000000212                SWI3_EGU3_IRQHandler
                0x0000000000000212                SWI1_EGU1_IRQHandler
                0x0000000000000212                SPIM2_SPIS2_SPI2_IRQHandler
                0x0000000000000212                NFCT_IRQHandler
                0x0000000000000212                TIMER2_IRQHandler
                0x0000000000000212                MWU_IRQHandler
                0x0000000000000212                COMP_LPCOMP_IRQHandler
                0x0000000000000214                nRFInitialize
 .init          0x0000000000000218       0x5c Output/Release/Obj/nfc_spk_pca10100/ses_startup_nrf_common.o
                0x0000000000000218                Reset_Handler
                0x000000000000021c                afterInitialize
                0x0000000000000240                InitializeUserMemorySections
 .init          0x0000000000000274      0x158 Output/Release/Obj/nfc_spk_pca10100/thumb_crt0.o
                0x0000000000000274                _start
                0x0000000000000322                exit
                0x00000000000003cc                __init_end__ = (__init_start__ + SIZEOF (.init))
                0x00000000000001cc                __init_size__ = SIZEOF (.init)
                0x00000000000003cc                __init_load_end__ = __init_end__
                0x0000000000000001                . = ASSERT (((__init_start__ == __init_end__) || ((__init_end__ - __FLASH1_segment_start__) <= __FLASH1_segment_size__)), error: .init is too large to fit in FLASH1 memory segment)
                0x00000000000003cc                __init_rodata_load_start__ = ALIGN (__init_end__, 0x4)

.init_rodata    0x00000000000003cc        0x0
                0x00000000000003cc                __init_rodata_start__ = .
 *(.init_rodata .init_rodata.*)
                0x00000000000003cc                __init_rodata_end__ = (__init_rodata_start__ + SIZEOF (.init_rodata))
                0x0000000000000000                __init_rodata_size__ = SIZEOF (.init_rodata)
                0x00000000000003cc                __init_rodata_load_end__ = __init_rodata_end__
                0x0000000000000001                . = ASSERT (((__init_rodata_start__ == __init_rodata_end__) || ((__init_rodata_end__ - __FLASH1_segment_start__) <= __FLASH1_segment_size__)), error: .init_rodata is too large to fit in FLASH1 memory segment)
                0x00000000000003cc                __text_load_start__ = ALIGN (__init_rodata_end__, 0x4)

.text           0x00000000000003cc     0x7740
                0x00000000000003cc                __text_start__ = .
 *(.text .text.* .gnu.linkonce.t.* .glue_7t .glue_7 .gcc_except_table .ARM.extab* .gnu.linkonce.armextab.*)
 .glue_7        0x00000000000003cc        0x0 linker stubs
 .glue_7t       0x00000000000003cc        0x0 linker stubs
 .text.display_idle
                0x00000000000003cc       0x54 Output/Release/Obj/nfc_spk_pca10100/main.o
 .text.update_display_counter
                0x0000000000000420       0xa8 Output/Release/Obj/nfc_spk_pca10100/main.o
 .text.timer_handler
                0x00000000000004c8       0x30 Output/Release/Obj/nfc_spk_pca10100/main.o
 .text.update_display_choose_spk
                0x00000000000004f8       0x84 Output/Release/Obj/nfc_spk_pca10100/main.o
 .text.nrf_gpio_pin_port_decode
                0x000000000000057c       0x4c Output/Release/Obj/nfc_spk_pca10100/main.o
 .text.timer_button_handler
                0x00000000000005c8       0x58 Output/Release/Obj/nfc_spk_pca10100/main.o
 .text.button_event_handler
                0x0000000000000620      0x458 Output/Release/Obj/nfc_spk_pca10100/main.o
 .text.utils_setup
                0x0000000000000a78      0x124 Output/Release/Obj/nfc_spk_pca10100/main.o
                0x0000000000000a78                utils_setup
 .text.ndef_data_analyze
                0x0000000000000b9c       0x48 Output/Release/Obj/nfc_spk_pca10100/main.o
                0x0000000000000b9c                ndef_data_analyze
 .text.t2t_data_read
                0x0000000000000be4       0x88 Output/Release/Obj/nfc_spk_pca10100/main.o
                0x0000000000000be4                t2t_data_read
 .text.t2t_data_analyze
                0x0000000000000c6c       0x70 Output/Release/Obj/nfc_spk_pca10100/main.o
                0x0000000000000c6c                t2t_data_analyze
 .text.t2t_data_read_and_analyze
                0x0000000000000cdc       0x20 Output/Release/Obj/nfc_spk_pca10100/main.o
                0x0000000000000cdc                t2t_data_read_and_analyze
 .text.t4t_data_read_and_analyze
                0x0000000000000cfc      0x10c Output/Release/Obj/nfc_spk_pca10100/main.o
                0x0000000000000cfc                t4t_data_read_and_analyze
 .text.tag_type_identify
                0x0000000000000e08       0x16 Output/Release/Obj/nfc_spk_pca10100/main.o
                0x0000000000000e08                tag_type_identify
 *fill*         0x0000000000000e1e        0x2 
 .text.i2c_init
                0x0000000000000e20       0x54 Output/Release/Obj/nfc_spk_pca10100/main.o
                0x0000000000000e20                i2c_init
 .text.pn532_init
                0x0000000000000e74        0xc Output/Release/Obj/nfc_spk_pca10100/main.o
                0x0000000000000e74                pn532_init
 .text.tag_detect_and_read
                0x0000000000000e80       0x90 Output/Release/Obj/nfc_spk_pca10100/main.o
                0x0000000000000e80                tag_detect_and_read
 .text.after_read_delay
                0x0000000000000f10       0x30 Output/Release/Obj/nfc_spk_pca10100/main.o
                0x0000000000000f10                after_read_delay
 .text.startup.main
                0x0000000000000f40      0x318 Output/Release/Obj/nfc_spk_pca10100/main.o
                0x0000000000000f40                main
 .text.nrf52_errata_36
                0x0000000000001258       0x12 Output/Release/Obj/nfc_spk_pca10100/system_nrf52.o
 *fill*         0x000000000000126a        0x2 
 .text.nvmc_wait
                0x000000000000126c       0x10 Output/Release/Obj/nfc_spk_pca10100/system_nrf52.o
                0x000000000000126c                nvmc_wait
 .text.SystemInit
                0x000000000000127c      0x188 Output/Release/Obj/nfc_spk_pca10100/system_nrf52.o
                0x000000000000127c                SystemInit
 .text.nrf_gpio_pin_port_decode
                0x0000000000001404       0x4c Output/Release/Obj/nfc_spk_pca10100/adafruit_pn532.o
 .text.nrf_delay_ms.part.0
                0x0000000000001450       0x1c Output/Release/Obj/nfc_spk_pca10100/adafruit_pn532.o
 .text.adafruit_pn532_tag_info_printout
                0x000000000000146c       0x70 Output/Release/Obj/nfc_spk_pca10100/adafruit_pn532.o
                0x000000000000146c                adafruit_pn532_tag_info_printout
 .text.adafruit_pn532_is_ready
                0x00000000000014dc       0x28 Output/Release/Obj/nfc_spk_pca10100/adafruit_pn532.o
                0x00000000000014dc                adafruit_pn532_is_ready
 .text.adafruit_pn532_waitready_ms
                0x0000000000001504       0x20 Output/Release/Obj/nfc_spk_pca10100/adafruit_pn532.o
                0x0000000000001504                adafruit_pn532_waitready_ms
 .text.adafruit_pn532_data_read
                0x0000000000001524       0x54 Output/Release/Obj/nfc_spk_pca10100/adafruit_pn532.o
                0x0000000000001524                adafruit_pn532_data_read
 .text.adafruit_pn532_ack_read
                0x0000000000001578       0x3c Output/Release/Obj/nfc_spk_pca10100/adafruit_pn532.o
                0x0000000000001578                adafruit_pn532_ack_read
 .text.adafruit_pn532_command_write
                0x00000000000015b4       0x7c Output/Release/Obj/nfc_spk_pca10100/adafruit_pn532.o
                0x00000000000015b4                adafruit_pn532_command_write
 .text.adafruit_pn532_cmd_send
                0x0000000000001630       0x50 Output/Release/Obj/nfc_spk_pca10100/adafruit_pn532.o
                0x0000000000001630                adafruit_pn532_cmd_send
 .text.adafruit_pn532_firmware_version_get
                0x0000000000001680       0x6c Output/Release/Obj/nfc_spk_pca10100/adafruit_pn532.o
                0x0000000000001680                adafruit_pn532_firmware_version_get
 .text.adafruit_pn532_sam_config
                0x00000000000016ec       0x40 Output/Release/Obj/nfc_spk_pca10100/adafruit_pn532.o
                0x00000000000016ec                adafruit_pn532_sam_config
 .text.adafruit_pn532_passive_activation_retries_set
                0x000000000000172c       0x24 Output/Release/Obj/nfc_spk_pca10100/adafruit_pn532.o
                0x000000000000172c                adafruit_pn532_passive_activation_retries_set
 .text.adafruit_pn532_init
                0x0000000000001750       0xa8 Output/Release/Obj/nfc_spk_pca10100/adafruit_pn532.o
                0x0000000000001750                adafruit_pn532_init
 .text.adafruit_pn532_nfc_a_target_init
                0x00000000000017f8       0xdc Output/Release/Obj/nfc_spk_pca10100/adafruit_pn532.o
                0x00000000000017f8                adafruit_pn532_nfc_a_target_init
 .text.adafruit_pn532_in_data_exchange.part.0
                0x00000000000018d4       0xb4 Output/Release/Obj/nfc_spk_pca10100/adafruit_pn532.o
 .text.adafruit_pn532_in_data_exchange
                0x0000000000001988       0x1c Output/Release/Obj/nfc_spk_pca10100/adafruit_pn532.o
                0x0000000000001988                adafruit_pn532_in_data_exchange
 .text.adafruit_pn532_tag2_read
                0x00000000000019a4       0x26 Output/Release/Obj/nfc_spk_pca10100/adafruit_pn532.o
                0x00000000000019a4                adafruit_pn532_tag2_read
 *fill*         0x00000000000019ca        0x2 
 .text.adafruit_pn532_field_switch
                0x00000000000019cc       0x34 Output/Release/Obj/nfc_spk_pca10100/adafruit_pn532.o
 .text.adafruit_pn532_field_off
                0x0000000000001a00        0x6 Output/Release/Obj/nfc_spk_pca10100/adafruit_pn532.o
                0x0000000000001a00                adafruit_pn532_field_off
 *fill*         0x0000000000001a06        0x2 
 .text.eeprom_init
                0x0000000000001a08       0x6c Output/Release/Obj/nfc_spk_pca10100/eeprom.o
                0x0000000000001a08                eeprom_init
 .text.eeprom_write_data
                0x0000000000001a74      0x14c Output/Release/Obj/nfc_spk_pca10100/eeprom.o
                0x0000000000001a74                eeprom_write_data
 .text.eeprom_read_data
                0x0000000000001bc0       0x88 Output/Release/Obj/nfc_spk_pca10100/eeprom.o
                0x0000000000001bc0                eeprom_read_data
 .text.nrf_gpio_pin_port_decode
                0x0000000000001c48       0x4c Output/Release/Obj/nfc_spk_pca10100/ssd1306_oled.o
 .text.is_initialized
                0x0000000000001c94       0x14 Output/Release/Obj/nfc_spk_pca10100/ssd1306_oled.o
                0x0000000000001c94                is_initialized
 .text.ssd1306_init_i2c_2
                0x0000000000001ca8       0x2c Output/Release/Obj/nfc_spk_pca10100/ssd1306_oled.o
                0x0000000000001ca8                ssd1306_init_i2c_2
 .text.ssd1306_command
                0x0000000000001cd4       0x4c Output/Release/Obj/nfc_spk_pca10100/ssd1306_oled.o
                0x0000000000001cd4                ssd1306_command
 .text.ssd1306_begin
                0x0000000000001d20      0x180 Output/Release/Obj/nfc_spk_pca10100/ssd1306_oled.o
                0x0000000000001d20                ssd1306_begin
 .text.ssd1306_draw_pixel
                0x0000000000001ea0       0xe4 Output/Release/Obj/nfc_spk_pca10100/ssd1306_oled.o
                0x0000000000001ea0                ssd1306_draw_pixel
 .text.ssd1306_display
                0x0000000000001f84       0x9c Output/Release/Obj/nfc_spk_pca10100/ssd1306_oled.o
                0x0000000000001f84                ssd1306_display
 .text.ssd1306_clear_display
                0x0000000000002020       0x10 Output/Release/Obj/nfc_spk_pca10100/ssd1306_oled.o
                0x0000000000002020                ssd1306_clear_display
 .text.ssd1306_draw_fast_hline_internal
                0x0000000000002030       0x98 Output/Release/Obj/nfc_spk_pca10100/ssd1306_oled.o
                0x0000000000002030                ssd1306_draw_fast_hline_internal
 .text.ssd1306_draw_fast_vline_internal
                0x00000000000020c8      0x138 Output/Release/Obj/nfc_spk_pca10100/ssd1306_oled.o
                0x00000000000020c8                ssd1306_draw_fast_vline_internal
 .text.ssd1306_draw_fast_vline
                0x0000000000002200       0x60 Output/Release/Obj/nfc_spk_pca10100/ssd1306_oled.o
                0x0000000000002200                ssd1306_draw_fast_vline
 .text.ssd1306_fill_rect
                0x0000000000002260       0x2a Output/Release/Obj/nfc_spk_pca10100/ssd1306_oled.o
                0x0000000000002260                ssd1306_fill_rect
 *fill*         0x000000000000228a        0x2 
 .text.ssd1306_draw_char
                0x000000000000228c      0x114 Output/Release/Obj/nfc_spk_pca10100/ssd1306_oled.o
                0x000000000000228c                ssd1306_draw_char
 .text.twi_evt_handler
                0x00000000000023a0       0x40 Output/Release/Obj/nfc_spk_pca10100/nrf_drv_twi.o
 .text.nrf_gpio_pin_port_decode
                0x00000000000023e0       0x4c Output/Release/Obj/nfc_spk_pca10100/nrf_drv_twi.o
 .text.nrf_gpio_pin_set
                0x000000000000242c       0x1a Output/Release/Obj/nfc_spk_pca10100/nrf_drv_twi.o
 *fill*         0x0000000000002446        0x2 
 .text.nrfx_coredep_delay_us.part.0.constprop.0
                0x0000000000002448       0x10 Output/Release/Obj/nfc_spk_pca10100/nrf_drv_twi.o
 .text.nrf_drv_twi_init
                0x0000000000002458       0xec Output/Release/Obj/nfc_spk_pca10100/nrf_drv_twi.o
                0x0000000000002458                nrf_drv_twi_init
 .text.uarte_evt_handler
                0x0000000000002544       0x34 Output/Release/Obj/nfc_spk_pca10100/nrf_drv_uart.o
 .text.uart_evt_handler
                0x0000000000002578       0x34 Output/Release/Obj/nfc_spk_pca10100/nrf_drv_uart.o
 .text.nrf_drv_uart_init
                0x00000000000025ac       0x7c Output/Release/Obj/nfc_spk_pca10100/nrf_drv_uart.o
                0x00000000000025ac                nrf_drv_uart_init
 .text.nrf_gpiote_event_clear
                0x0000000000002628       0x18 Output/Release/Obj/nfc_spk_pca10100/nrfx_gpiote.o
 .text.nrf_gpio_pin_present_check
                0x0000000000002640       0x22 Output/Release/Obj/nfc_spk_pca10100/nrfx_gpiote.o
 *fill*         0x0000000000002662        0x2 
 .text.channel_free
                0x0000000000002664       0x1c Output/Release/Obj/nfc_spk_pca10100/nrfx_gpiote.o
 .text.nrf_gpio_pin_port_decode
                0x0000000000002680       0x34 Output/Release/Obj/nfc_spk_pca10100/nrfx_gpiote.o
 .text.nrf_gpio_cfg_sense_set
                0x00000000000026b4       0x2e Output/Release/Obj/nfc_spk_pca10100/nrfx_gpiote.o
 *fill*         0x00000000000026e2        0x2 
 .text.nrfx_gpiote_init
                0x00000000000026e4       0x74 Output/Release/Obj/nfc_spk_pca10100/nrfx_gpiote.o
                0x00000000000026e4                nrfx_gpiote_init
 .text.nrfx_gpiote_is_init
                0x0000000000002758       0x14 Output/Release/Obj/nfc_spk_pca10100/nrfx_gpiote.o
                0x0000000000002758                nrfx_gpiote_is_init
 .text.nrfx_gpiote_in_init
                0x000000000000276c      0x124 Output/Release/Obj/nfc_spk_pca10100/nrfx_gpiote.o
                0x000000000000276c                nrfx_gpiote_in_init
 .text.nrfx_gpiote_in_event_enable
                0x0000000000002890       0xc0 Output/Release/Obj/nfc_spk_pca10100/nrfx_gpiote.o
                0x0000000000002890                nrfx_gpiote_in_event_enable
 .text.nrfx_gpiote_in_is_set
                0x0000000000002950       0x30 Output/Release/Obj/nfc_spk_pca10100/nrfx_gpiote.o
                0x0000000000002950                nrfx_gpiote_in_is_set
 .text.GPIOTE_IRQHandler
                0x0000000000002980      0x184 Output/Release/Obj/nfc_spk_pca10100/nrfx_gpiote.o
                0x0000000000002980                GPIOTE_IRQHandler
 .text.UARTE0_UART0_IRQHandler
                0x0000000000002b04       0x20 Output/Release/Obj/nfc_spk_pca10100/nrfx_prs.o
                0x0000000000002b04                UARTE0_UART0_IRQHandler
 .text.nrfx_prs_acquire
                0x0000000000002b24       0x44 Output/Release/Obj/nfc_spk_pca10100/nrfx_prs.o
                0x0000000000002b24                nrfx_prs_acquire
 .text.nrfx_prs_release
                0x0000000000002b68       0x28 Output/Release/Obj/nfc_spk_pca10100/nrfx_prs.o
                0x0000000000002b68                nrfx_prs_release
 .text.nrf_twi_event_clear
                0x0000000000002b90       0x10 Output/Release/Obj/nfc_spk_pca10100/nrfx_twi.o
 .text.nrf_gpio_pin_port_decode
                0x0000000000002ba0       0x4c Output/Release/Obj/nfc_spk_pca10100/nrfx_twi.o
 .text.twi_send_byte
                0x0000000000002bec       0x3a Output/Release/Obj/nfc_spk_pca10100/nrfx_twi.o
 .text.twi_transfer
                0x0000000000002c26      0x118 Output/Release/Obj/nfc_spk_pca10100/nrfx_twi.o
 *fill*         0x0000000000002d3e        0x2 
 .text.twi_tx_start_transfer
                0x0000000000002d40       0xcc Output/Release/Obj/nfc_spk_pca10100/nrfx_twi.o
 .text.twi_rx_start_transfer
                0x0000000000002e0c       0xd8 Output/Release/Obj/nfc_spk_pca10100/nrfx_twi.o
 .text.SPIM0_SPIS0_TWIM0_TWIS0_SPI0_TWI0_IRQHandler
                0x0000000000002ee4       0xd0 Output/Release/Obj/nfc_spk_pca10100/nrfx_twi.o
                0x0000000000002ee4                SPIM0_SPIS0_TWIM0_TWIS0_SPI0_TWI0_IRQHandler
 .text.nrfx_twi_init
                0x0000000000002fb4      0x140 Output/Release/Obj/nfc_spk_pca10100/nrfx_twi.o
                0x0000000000002fb4                nrfx_twi_init
 .text.nrfx_twi_enable
                0x00000000000030f4       0x40 Output/Release/Obj/nfc_spk_pca10100/nrfx_twi.o
                0x00000000000030f4                nrfx_twi_enable
 .text.nrfx_twi_xfer
                0x0000000000003134      0x114 Output/Release/Obj/nfc_spk_pca10100/nrfx_twi.o
                0x0000000000003134                nrfx_twi_xfer
 .text.nrfx_twi_tx
                0x0000000000003248       0x26 Output/Release/Obj/nfc_spk_pca10100/nrfx_twi.o
                0x0000000000003248                nrfx_twi_tx
 .text.nrfx_twi_rx
                0x000000000000326e       0x24 Output/Release/Obj/nfc_spk_pca10100/nrfx_twi.o
                0x000000000000326e                nrfx_twi_rx
 .text.nrf_uart_event_clear
                0x0000000000003292       0x10 Output/Release/Obj/nfc_spk_pca10100/nrfx_uart.o
 .text.tx_byte  0x00000000000032a2       0x1e Output/Release/Obj/nfc_spk_pca10100/nrfx_uart.o
 .text.nrf_gpio_pin_port_decode
                0x00000000000032c0       0x4c Output/Release/Obj/nfc_spk_pca10100/nrfx_uart.o
 .text.nrf_gpio_cfg_default
                0x000000000000330c       0x1c Output/Release/Obj/nfc_spk_pca10100/nrfx_uart.o
 .text.rx_byte  0x0000000000003328       0x2c Output/Release/Obj/nfc_spk_pca10100/nrfx_uart.o
 .text.rx_done_event.constprop.0
                0x0000000000003354       0x20 Output/Release/Obj/nfc_spk_pca10100/nrfx_uart.o
 .text.nrfx_uart_0_irq_handler
                0x0000000000003374      0x140 Output/Release/Obj/nfc_spk_pca10100/nrfx_uart.o
                0x0000000000003374                nrfx_uart_0_irq_handler
 .text.nrfx_uart_init
                0x00000000000034b4      0x1cc Output/Release/Obj/nfc_spk_pca10100/nrfx_uart.o
                0x00000000000034b4                nrfx_uart_init
 .text.nrfx_uart_uninit
                0x0000000000003680       0xbc Output/Release/Obj/nfc_spk_pca10100/nrfx_uart.o
                0x0000000000003680                nrfx_uart_uninit
 .text.nrfx_uart_tx_in_progress
                0x000000000000373c       0x18 Output/Release/Obj/nfc_spk_pca10100/nrfx_uart.o
                0x000000000000373c                nrfx_uart_tx_in_progress
 .text.nrfx_uart_tx
                0x0000000000003754       0xd8 Output/Release/Obj/nfc_spk_pca10100/nrfx_uart.o
                0x0000000000003754                nrfx_uart_tx
 .text.nrf_uarte_event_clear
                0x000000000000382c       0x10 Output/Release/Obj/nfc_spk_pca10100/nrfx_uarte.o
 .text.nrf_gpio_pin_port_decode
                0x000000000000383c       0x4c Output/Release/Obj/nfc_spk_pca10100/nrfx_uarte.o
 .text.nrf_gpio_cfg_default
                0x0000000000003888       0x1c Output/Release/Obj/nfc_spk_pca10100/nrfx_uarte.o
 .text.rx_done_event.constprop.0
                0x00000000000038a4       0x20 Output/Release/Obj/nfc_spk_pca10100/nrfx_uarte.o
 .text.nrfx_uarte_0_irq_handler
                0x00000000000038c4      0x118 Output/Release/Obj/nfc_spk_pca10100/nrfx_uarte.o
                0x00000000000038c4                nrfx_uarte_0_irq_handler
 .text.nrfx_uarte_init
                0x00000000000039dc      0x1e0 Output/Release/Obj/nfc_spk_pca10100/nrfx_uarte.o
                0x00000000000039dc                nrfx_uarte_init
 .text.nrfx_uarte_uninit
                0x0000000000003bbc      0x108 Output/Release/Obj/nfc_spk_pca10100/nrfx_uarte.o
                0x0000000000003bbc                nrfx_uarte_uninit
 .text.nrfx_uarte_tx_in_progress
                0x0000000000003cc4       0x18 Output/Release/Obj/nfc_spk_pca10100/nrfx_uarte.o
                0x0000000000003cc4                nrfx_uarte_tx_in_progress
 .text.nrfx_uarte_tx
                0x0000000000003cdc       0xec Output/Release/Obj/nfc_spk_pca10100/nrfx_uarte.o
                0x0000000000003cdc                nrfx_uarte_tx
 .text.state_set
                0x0000000000003dc8       0x24 Output/Release/Obj/nfc_spk_pca10100/app_button.o
 .text.timer_start
                0x0000000000003dec       0x18 Output/Release/Obj/nfc_spk_pca10100/app_button.o
 .text.button_get
                0x0000000000003e04       0x3c Output/Release/Obj/nfc_spk_pca10100/app_button.o
 .text.usr_event
                0x0000000000003e40       0x20 Output/Release/Obj/nfc_spk_pca10100/app_button.o
 .text.gpiote_event_handler
                0x0000000000003e60       0x34 Output/Release/Obj/nfc_spk_pca10100/app_button.o
 .text.evt_handle
                0x0000000000003e94       0xdc Output/Release/Obj/nfc_spk_pca10100/app_button.o
                0x0000000000003e94                evt_handle
 .text.detection_delay_timeout_handler
                0x0000000000003f70       0x5c Output/Release/Obj/nfc_spk_pca10100/app_button.o
 .text.app_button_init
                0x0000000000003fcc       0xb0 Output/Release/Obj/nfc_spk_pca10100/app_button.o
                0x0000000000003fcc                app_button_init
 .text.app_button_enable
                0x000000000000407c       0x3c Output/Release/Obj/nfc_spk_pca10100/app_button.o
                0x000000000000407c                app_button_enable
 .text.app_error_save_and_stop
                0x00000000000040b8       0x58 Output/Release/Obj/nfc_spk_pca10100/app_error.o
                0x00000000000040b8                app_error_save_and_stop
 .text.app_error_handler
                0x0000000000004110       0x1a Output/Release/Obj/nfc_spk_pca10100/app_error_handler_gcc.o
                0x0000000000004110                app_error_handler
 *fill*         0x000000000000412a        0x2 
 .text.app_error_fault_handler
                0x000000000000412c       0xb0 Output/Release/Obj/nfc_spk_pca10100/app_error_weak.o
                0x000000000000412c                app_error_fault_handler
 .text.compare_func
                0x00000000000041dc       0x16 Output/Release/Obj/nfc_spk_pca10100/app_timer2.o
 *fill*         0x00000000000041f2        0x2 
 .text.get_now  0x00000000000041f4       0x38 Output/Release/Obj/nfc_spk_pca10100/app_timer2.o
 .text.timer_req_schedule
                0x000000000000422c       0x38 Output/Release/Obj/nfc_spk_pca10100/app_timer2.o
 .text.timer_expire
                0x0000000000004264       0xa4 Output/Release/Obj/nfc_spk_pca10100/app_timer2.o
 .text.app_timer_init
                0x0000000000004308       0x64 Output/Release/Obj/nfc_spk_pca10100/app_timer2.o
                0x0000000000004308                app_timer_init
 .text.app_timer_create
                0x000000000000436c       0x44 Output/Release/Obj/nfc_spk_pca10100/app_timer2.o
                0x000000000000436c                app_timer_create
 .text.app_timer_start
                0x00000000000043b0       0x64 Output/Release/Obj/nfc_spk_pca10100/app_timer2.o
                0x00000000000043b0                app_timer_start
 .text.app_timer_stop
                0x0000000000004414       0x54 Output/Release/Obj/nfc_spk_pca10100/app_timer2.o
                0x0000000000004414                app_timer_stop
 .text.app_timer_cnt_get
                0x0000000000004468        0xc Output/Release/Obj/nfc_spk_pca10100/app_timer2.o
                0x0000000000004468                app_timer_cnt_get
 .text.rtc_irq  0x0000000000004474      0x1f0 Output/Release/Obj/nfc_spk_pca10100/app_timer2.o
 .text.app_util_disable_irq
                0x0000000000004664       0x10 Output/Release/Obj/nfc_spk_pca10100/app_util_platform.o
                0x0000000000004664                app_util_disable_irq
 .text.app_util_enable_irq
                0x0000000000004674       0x14 Output/Release/Obj/nfc_spk_pca10100/app_util_platform.o
                0x0000000000004674                app_util_enable_irq
 .text.privilege_level_get
                0x0000000000004688       0x1a Output/Release/Obj/nfc_spk_pca10100/app_util_platform.o
                0x0000000000004688                privilege_level_get
 *fill*         0x00000000000046a2        0x2 
 .text.app_util_critical_region_enter
                0x00000000000046a4       0x20 Output/Release/Obj/nfc_spk_pca10100/app_util_platform.o
                0x00000000000046a4                app_util_critical_region_enter
 .text.app_util_critical_region_exit
                0x00000000000046c4       0x20 Output/Release/Obj/nfc_spk_pca10100/app_util_platform.o
                0x00000000000046c4                app_util_critical_region_exit
 .text.evt_disable
                0x00000000000046e4       0x20 Output/Release/Obj/nfc_spk_pca10100/drv_rtc.o
 .text.evt_enable
                0x0000000000004704       0x24 Output/Release/Obj/nfc_spk_pca10100/drv_rtc.o
 .text.evt_pending
                0x0000000000004728       0x2c Output/Release/Obj/nfc_spk_pca10100/drv_rtc.o
 .text.drv_rtc_init
                0x0000000000004754      0x104 Output/Release/Obj/nfc_spk_pca10100/drv_rtc.o
                0x0000000000004754                drv_rtc_init
 .text.drv_rtc_start
                0x0000000000004858       0x1c Output/Release/Obj/nfc_spk_pca10100/drv_rtc.o
                0x0000000000004858                drv_rtc_start
 .text.drv_rtc_stop
                0x0000000000004874       0x1c Output/Release/Obj/nfc_spk_pca10100/drv_rtc.o
                0x0000000000004874                drv_rtc_stop
 .text.drv_rtc_compare_set
                0x0000000000004890       0x54 Output/Release/Obj/nfc_spk_pca10100/drv_rtc.o
                0x0000000000004890                drv_rtc_compare_set
 .text.drv_rtc_windowed_compare_set
                0x00000000000048e4       0xfc Output/Release/Obj/nfc_spk_pca10100/drv_rtc.o
                0x00000000000048e4                drv_rtc_windowed_compare_set
 .text.drv_rtc_overflow_enable
                0x00000000000049e0        0x8 Output/Release/Obj/nfc_spk_pca10100/drv_rtc.o
                0x00000000000049e0                drv_rtc_overflow_enable
 .text.drv_rtc_overflow_pending
                0x00000000000049e8        0x8 Output/Release/Obj/nfc_spk_pca10100/drv_rtc.o
                0x00000000000049e8                drv_rtc_overflow_pending
 .text.drv_rtc_compare_disable
                0x00000000000049f0        0xc Output/Release/Obj/nfc_spk_pca10100/drv_rtc.o
                0x00000000000049f0                drv_rtc_compare_disable
 .text.drv_rtc_compare_pending
                0x00000000000049fc        0xa Output/Release/Obj/nfc_spk_pca10100/drv_rtc.o
                0x00000000000049fc                drv_rtc_compare_pending
 .text.drv_rtc_compare_get
                0x0000000000004a06        0xc Output/Release/Obj/nfc_spk_pca10100/drv_rtc.o
                0x0000000000004a06                drv_rtc_compare_get
 .text.drv_rtc_counter_get
                0x0000000000004a12        0x8 Output/Release/Obj/nfc_spk_pca10100/drv_rtc.o
                0x0000000000004a12                drv_rtc_counter_get
 *fill*         0x0000000000004a1a        0x2 
 .text.drv_rtc_irq_trigger
                0x0000000000004a1c       0x24 Output/Release/Obj/nfc_spk_pca10100/drv_rtc.o
                0x0000000000004a1c                drv_rtc_irq_trigger
 .text.RTC1_IRQHandler
                0x0000000000004a40       0x14 Output/Release/Obj/nfc_spk_pca10100/drv_rtc.o
                0x0000000000004a40                RTC1_IRQHandler
 .text.HardFault_Handler
                0x0000000000004a54       0x34 Output/Release/Obj/nfc_spk_pca10100/hardfault_handler_gcc.o
                0x0000000000004a54                HardFault_Handler
 .text.HardFault_process
                0x0000000000004a88       0x24 Output/Release/Obj/nfc_spk_pca10100/hardfault_implementation.o
                0x0000000000004a88                HardFault_process
 .text.HardFault_c_handler
                0x0000000000004aac      0x104 Output/Release/Obj/nfc_spk_pca10100/hardfault_implementation.o
                0x0000000000004aac                HardFault_c_handler
 .text.assert_nrf_callback
                0x0000000000004bb0       0x18 Output/Release/Obj/nfc_spk_pca10100/nrf_assert.o
                0x0000000000004bb0                assert_nrf_callback
 .text.nrf_atfifo_init
                0x0000000000004bc8       0x26 Output/Release/Obj/nfc_spk_pca10100/nrf_atfifo.o
                0x0000000000004bc8                nrf_atfifo_init
 .text.nrf_atfifo_item_alloc
                0x0000000000004bee       0x54 Output/Release/Obj/nfc_spk_pca10100/nrf_atfifo.o
                0x0000000000004bee                nrf_atfifo_item_alloc
 .text.nrf_atfifo_item_put
                0x0000000000004c42       0x20 Output/Release/Obj/nfc_spk_pca10100/nrf_atfifo.o
                0x0000000000004c42                nrf_atfifo_item_put
 .text.nrf_atfifo_item_get
                0x0000000000004c62       0x56 Output/Release/Obj/nfc_spk_pca10100/nrf_atfifo.o
                0x0000000000004c62                nrf_atfifo_item_get
 .text.nrf_atfifo_item_free
                0x0000000000004cb8       0x20 Output/Release/Obj/nfc_spk_pca10100/nrf_atfifo.o
                0x0000000000004cb8                nrf_atfifo_item_free
 .text.nrf_atomic_u32_fetch_store
                0x0000000000004cd8       0x16 Output/Release/Obj/nfc_spk_pca10100/nrf_atomic.o
                0x0000000000004cd8                nrf_atomic_u32_fetch_store
 .text.nrf_atomic_u32_or
                0x0000000000004cee       0x18 Output/Release/Obj/nfc_spk_pca10100/nrf_atomic.o
                0x0000000000004cee                nrf_atomic_u32_or
 .text.nrf_atomic_u32_fetch_and
                0x0000000000004d06       0x18 Output/Release/Obj/nfc_spk_pca10100/nrf_atomic.o
                0x0000000000004d06                nrf_atomic_u32_fetch_and
 .text.nrf_atomic_u32_add
                0x0000000000004d1e       0x18 Output/Release/Obj/nfc_spk_pca10100/nrf_atomic.o
                0x0000000000004d1e                nrf_atomic_u32_add
 .text.nrf_atomic_u32_sub
                0x0000000000004d36       0x18 Output/Release/Obj/nfc_spk_pca10100/nrf_atomic.o
                0x0000000000004d36                nrf_atomic_u32_sub
 .text.nrf_atomic_flag_set
                0x0000000000004d4e        0x6 Output/Release/Obj/nfc_spk_pca10100/nrf_atomic.o
                0x0000000000004d4e                nrf_atomic_flag_set
 .text.nrf_atomic_flag_clear_fetch
                0x0000000000004d54        0x6 Output/Release/Obj/nfc_spk_pca10100/nrf_atomic.o
                0x0000000000004d54                nrf_atomic_flag_clear_fetch
 *fill*         0x0000000000004d5a        0x2 
 .text.nrf_balloc_init
                0x0000000000004d5c       0x7c Output/Release/Obj/nfc_spk_pca10100/nrf_balloc.o
                0x0000000000004d5c                nrf_balloc_init
 .text.nrf_balloc_alloc
                0x0000000000004dd8       0x50 Output/Release/Obj/nfc_spk_pca10100/nrf_balloc.o
                0x0000000000004dd8                nrf_balloc_alloc
 .text.nrf_balloc_free
                0x0000000000004e28       0x48 Output/Release/Obj/nfc_spk_pca10100/nrf_balloc.o
                0x0000000000004e28                nrf_balloc_free
 .text.nrf_fprintf_buffer_flush
                0x0000000000004e70       0x24 Output/Release/Obj/nfc_spk_pca10100/nrf_fprintf.o
                0x0000000000004e70                nrf_fprintf_buffer_flush
 .text.nrf_fprintf
                0x0000000000004e94       0x54 Output/Release/Obj/nfc_spk_pca10100/nrf_fprintf.o
                0x0000000000004e94                nrf_fprintf
 .text.buffer_add
                0x0000000000004ee8       0x2e Output/Release/Obj/nfc_spk_pca10100/nrf_fprintf_format.o
 *fill*         0x0000000000004f16        0x2 
 .text.unsigned_print
                0x0000000000004f18       0xb4 Output/Release/Obj/nfc_spk_pca10100/nrf_fprintf_format.o
 .text.nrf_fprintf_fmt
                0x0000000000004fcc      0x2d0 Output/Release/Obj/nfc_spk_pca10100/nrf_fprintf_format.o
                0x0000000000004fcc                nrf_fprintf_fmt
 .text.memobj_op
                0x000000000000529c       0xa8 Output/Release/Obj/nfc_spk_pca10100/nrf_memobj.o
 .text.nrf_memobj_pool_init
                0x0000000000005344        0x4 Output/Release/Obj/nfc_spk_pca10100/nrf_memobj.o
                0x0000000000005344                nrf_memobj_pool_init
 .text.nrf_memobj_free
                0x0000000000005348       0x2c Output/Release/Obj/nfc_spk_pca10100/nrf_memobj.o
                0x0000000000005348                nrf_memobj_free
 .text.nrf_memobj_alloc
                0x0000000000005374       0x5e Output/Release/Obj/nfc_spk_pca10100/nrf_memobj.o
                0x0000000000005374                nrf_memobj_alloc
 .text.nrf_memobj_get
                0x00000000000053d2        0x8 Output/Release/Obj/nfc_spk_pca10100/nrf_memobj.o
                0x00000000000053d2                nrf_memobj_get
 .text.nrf_memobj_put
                0x00000000000053da       0x1c Output/Release/Obj/nfc_spk_pca10100/nrf_memobj.o
                0x00000000000053da                nrf_memobj_put
 *fill*         0x00000000000053f6        0x2 
 .text.nrf_memobj_write
                0x00000000000053f8       0x2c Output/Release/Obj/nfc_spk_pca10100/nrf_memobj.o
                0x00000000000053f8                nrf_memobj_write
 .text.nrf_memobj_read
                0x0000000000005424       0x30 Output/Release/Obj/nfc_spk_pca10100/nrf_memobj.o
                0x0000000000005424                nrf_memobj_read
 .text.nrf_ringbuf_init
                0x0000000000005454       0x12 Output/Release/Obj/nfc_spk_pca10100/nrf_ringbuf.o
                0x0000000000005454                nrf_ringbuf_init
 *fill*         0x0000000000005466        0x2 
 .text.nrf_sortlist_add
                0x0000000000005468       0x38 Output/Release/Obj/nfc_spk_pca10100/nrf_sortlist.o
                0x0000000000005468                nrf_sortlist_add
 .text.nrf_sortlist_pop
                0x00000000000054a0       0x20 Output/Release/Obj/nfc_spk_pca10100/nrf_sortlist.o
                0x00000000000054a0                nrf_sortlist_pop
 .text.nrf_sortlist_peek
                0x00000000000054c0       0x18 Output/Release/Obj/nfc_spk_pca10100/nrf_sortlist.o
                0x00000000000054c0                nrf_sortlist_peek
 .text.nrf_sortlist_remove
                0x00000000000054d8       0x38 Output/Release/Obj/nfc_spk_pca10100/nrf_sortlist.o
                0x00000000000054d8                nrf_sortlist_remove
 .text.nrf_strerror_find
                0x0000000000005510       0x3c Output/Release/Obj/nfc_spk_pca10100/nrf_strerror.o
                0x0000000000005510                nrf_strerror_find
 .text.nrf_strerror_get
                0x000000000000554c       0x14 Output/Release/Obj/nfc_spk_pca10100/nrf_strerror.o
                0x000000000000554c                nrf_strerror_get
 .text.nrf_log_backend_serial_put
                0x0000000000005560       0xc2 Output/Release/Obj/nfc_spk_pca10100/nrf_log_backend_serial.o
                0x0000000000005560                nrf_log_backend_serial_put
 .text.nrf_log_backend_uart_flush
                0x0000000000005622        0x2 Output/Release/Obj/nfc_spk_pca10100/nrf_log_backend_uart.o
 .text.nrf_log_backend_uart_put
                0x0000000000005624       0x1c Output/Release/Obj/nfc_spk_pca10100/nrf_log_backend_uart.o
 .text.uart_init.constprop.0
                0x0000000000005640       0x48 Output/Release/Obj/nfc_spk_pca10100/nrf_log_backend_uart.o
 .text.serial_tx
                0x0000000000005688       0x50 Output/Release/Obj/nfc_spk_pca10100/nrf_log_backend_uart.o
 .text.nrf_log_backend_uart_panic_set
                0x00000000000056d8       0x2c Output/Release/Obj/nfc_spk_pca10100/nrf_log_backend_uart.o
 .text.nrf_log_backend_uart_init
                0x0000000000005704        0x4 Output/Release/Obj/nfc_spk_pca10100/nrf_log_backend_uart.o
                0x0000000000005704                nrf_log_backend_uart_init
 .text.nrf_log_default_backends_init
                0x0000000000005708       0x30 Output/Release/Obj/nfc_spk_pca10100/nrf_log_default_backends.o
                0x0000000000005708                nrf_log_default_backends_init
 .text.invalid_packets_omit
                0x0000000000005738       0x3a Output/Release/Obj/nfc_spk_pca10100/nrf_log_frontend.o
 *fill*         0x0000000000005772        0x2 
 .text.buf_prealloc
                0x0000000000005774      0x11c Output/Release/Obj/nfc_spk_pca10100/nrf_log_frontend.o
 .text.nrf_log_init
                0x0000000000005890       0x28 Output/Release/Obj/nfc_spk_pca10100/nrf_log_frontend.o
                0x0000000000005890                nrf_log_init
 .text.nrf_log_module_name_get
                0x00000000000058b8       0x38 Output/Release/Obj/nfc_spk_pca10100/nrf_log_frontend.o
                0x00000000000058b8                nrf_log_module_name_get
 .text.nrf_log_color_id_get
                0x00000000000058f0       0x2c Output/Release/Obj/nfc_spk_pca10100/nrf_log_frontend.o
                0x00000000000058f0                nrf_log_color_id_get
 .text.buffer_is_empty
                0x000000000000591c       0x14 Output/Release/Obj/nfc_spk_pca10100/nrf_log_frontend.o
                0x000000000000591c                buffer_is_empty
 .text.nrf_log_frontend_dequeue
                0x0000000000005930      0x1f4 Output/Release/Obj/nfc_spk_pca10100/nrf_log_frontend.o
                0x0000000000005930                nrf_log_frontend_dequeue
 .text.std_n    0x0000000000005b24       0xb0 Output/Release/Obj/nfc_spk_pca10100/nrf_log_frontend.o
 .text.nrf_log_frontend_std_0
                0x0000000000005bd4        0x8 Output/Release/Obj/nfc_spk_pca10100/nrf_log_frontend.o
                0x0000000000005bd4                nrf_log_frontend_std_0
 .text.nrf_log_frontend_std_1
                0x0000000000005bdc       0x12 Output/Release/Obj/nfc_spk_pca10100/nrf_log_frontend.o
                0x0000000000005bdc                nrf_log_frontend_std_1
 .text.nrf_log_frontend_std_2
                0x0000000000005bee       0x14 Output/Release/Obj/nfc_spk_pca10100/nrf_log_frontend.o
                0x0000000000005bee                nrf_log_frontend_std_2
 .text.nrf_log_frontend_std_3
                0x0000000000005c02       0x18 Output/Release/Obj/nfc_spk_pca10100/nrf_log_frontend.o
                0x0000000000005c02                nrf_log_frontend_std_3
 .text.nrf_log_frontend_std_4
                0x0000000000005c1a       0x1c Output/Release/Obj/nfc_spk_pca10100/nrf_log_frontend.o
                0x0000000000005c1a                nrf_log_frontend_std_4
 .text.nrf_log_frontend_std_5
                0x0000000000005c36       0x20 Output/Release/Obj/nfc_spk_pca10100/nrf_log_frontend.o
                0x0000000000005c36                nrf_log_frontend_std_5
 *fill*         0x0000000000005c56        0x2 
 .text.nrf_log_frontend_hexdump
                0x0000000000005c58       0xac Output/Release/Obj/nfc_spk_pca10100/nrf_log_frontend.o
                0x0000000000005c58                nrf_log_frontend_hexdump
 .text.nrf_log_backend_add
                0x0000000000005d04       0x44 Output/Release/Obj/nfc_spk_pca10100/nrf_log_frontend.o
                0x0000000000005d04                nrf_log_backend_add
 .text.nrf_log_panic
                0x0000000000005d48       0x28 Output/Release/Obj/nfc_spk_pca10100/nrf_log_frontend.o
                0x0000000000005d48                nrf_log_panic
 .text.postfix_process
                0x0000000000005d70       0x44 Output/Release/Obj/nfc_spk_pca10100/nrf_log_str_formatter.o
 .text.prefix_process.constprop.0
                0x0000000000005db4       0x7c Output/Release/Obj/nfc_spk_pca10100/nrf_log_str_formatter.o
 .text.nrf_log_std_entry_process
                0x0000000000005e30       0xc8 Output/Release/Obj/nfc_spk_pca10100/nrf_log_str_formatter.o
                0x0000000000005e30                nrf_log_std_entry_process
 .text.nrf_log_hexdump_entry_process
                0x0000000000005ef8       0xc0 Output/Release/Obj/nfc_spk_pca10100/nrf_log_str_formatter.o
                0x0000000000005ef8                nrf_log_hexdump_entry_process
 .text.nfc_ndef_msg_record_add
                0x0000000000005fb8       0x1a Output/Release/Obj/nfc_spk_pca10100/nfc_ndef_msg.o
                0x0000000000005fb8                nfc_ndef_msg_record_add
 .text.ndef_msg_parser
                0x0000000000005fd2       0x1e Output/Release/Obj/nfc_spk_pca10100/nfc_ndef_msg_parser.o
                0x0000000000005fd2                ndef_msg_parser
 .text.ndef_msg_printout
                0x0000000000005ff0       0x40 Output/Release/Obj/nfc_spk_pca10100/nfc_ndef_msg_parser.o
                0x0000000000005ff0                ndef_msg_printout
 .text.internal_ndef_msg_parser
                0x0000000000006030       0x8c Output/Release/Obj/nfc_spk_pca10100/nfc_ndef_msg_parser_local.o
                0x0000000000006030                internal_ndef_msg_parser
 .text.ndef_parser_memo_resolve
                0x00000000000060bc       0x3e Output/Release/Obj/nfc_spk_pca10100/nfc_ndef_msg_parser_local.o
                0x00000000000060bc                ndef_parser_memo_resolve
 .text.nfc_ndef_bin_payload_memcopy
                0x00000000000060fa       0x24 Output/Release/Obj/nfc_spk_pca10100/nfc_ndef_record.o
                0x00000000000060fa                nfc_ndef_bin_payload_memcopy
 *fill*         0x000000000000611e        0x2 
 .text.ndef_record_parser
                0x0000000000006120       0xa4 Output/Release/Obj/nfc_spk_pca10100/nfc_ndef_record_parser.o
                0x0000000000006120                ndef_record_parser
 .text.ndef_record_printout
                0x00000000000061c4       0xb0 Output/Release/Obj/nfc_spk_pca10100/nfc_ndef_record_parser.o
                0x00000000000061c4                ndef_record_printout
 .text.type_2_tag_clear
                0x0000000000006274       0x10 Output/Release/Obj/nfc_spk_pca10100/nfc_t2t_parser.o
                0x0000000000006274                type_2_tag_clear
 .text.type_2_tag_parse
                0x0000000000006284      0x17c Output/Release/Obj/nfc_spk_pca10100/nfc_t2t_parser.o
                0x0000000000006284                type_2_tag_parse
 .text.type_2_tag_printout
                0x0000000000006400       0xd4 Output/Release/Obj/nfc_spk_pca10100/nfc_t2t_parser.o
                0x0000000000006400                type_2_tag_printout
 .text.nfc_t4t_comm_apdu_encode
                0x00000000000064d4       0xba Output/Release/Obj/nfc_spk_pca10100/nfc_t4t_apdu.o
                0x00000000000064d4                nfc_t4t_comm_apdu_encode
 .text.nfc_t4t_resp_apdu_decode
                0x000000000000658e       0x34 Output/Release/Obj/nfc_spk_pca10100/nfc_t4t_apdu.o
                0x000000000000658e                nfc_t4t_resp_apdu_decode
 *fill*         0x00000000000065c2        0x2 
 .text.nfc_t4t_resp_apdu_printout
                0x00000000000065c4       0x58 Output/Release/Obj/nfc_spk_pca10100/nfc_t4t_apdu.o
                0x00000000000065c4                nfc_t4t_resp_apdu_printout
 .text.nfc_t4t_cc_file_parse
                0x000000000000661c       0xd6 Output/Release/Obj/nfc_spk_pca10100/nfc_t4t_cc_file.o
                0x000000000000661c                nfc_t4t_cc_file_parse
 .text.nfc_t4t_file_content_get
                0x00000000000066f2       0x22 Output/Release/Obj/nfc_spk_pca10100/nfc_t4t_cc_file.o
                0x00000000000066f2                nfc_t4t_file_content_get
 .text.nfc_t4t_file_content_set
                0x0000000000006714       0x24 Output/Release/Obj/nfc_spk_pca10100/nfc_t4t_cc_file.o
                0x0000000000006714                nfc_t4t_file_content_set
 .text.nfc_t4t_cc_file_printout
                0x0000000000006738       0x90 Output/Release/Obj/nfc_spk_pca10100/nfc_t4t_cc_file.o
                0x0000000000006738                nfc_t4t_cc_file_printout
 .text.nfc_t4t_comm_apdu_clear
                0x00000000000067c8        0x8 Output/Release/Obj/nfc_spk_pca10100/nfc_t4t_hl_detection_procedures.o
 .text.nfc_t4t_apdu_exchange
                0x00000000000067d0       0x6c Output/Release/Obj/nfc_spk_pca10100/nfc_t4t_hl_detection_procedures.o
 .text.nfc_t4t_apdu_default_exchange
                0x000000000000683c       0x12 Output/Release/Obj/nfc_spk_pca10100/nfc_t4t_hl_detection_procedures.o
 .text.nfc_t4t_file_chunk_save
                0x000000000000684e       0x32 Output/Release/Obj/nfc_spk_pca10100/nfc_t4t_hl_detection_procedures.o
 .text.nfc_t4t_ndef_tag_app_select
                0x0000000000006880       0x70 Output/Release/Obj/nfc_spk_pca10100/nfc_t4t_hl_detection_procedures.o
                0x0000000000006880                nfc_t4t_ndef_tag_app_select
 .text.nfc_t4t_file_select
                0x00000000000068f0       0x78 Output/Release/Obj/nfc_spk_pca10100/nfc_t4t_hl_detection_procedures.o
                0x00000000000068f0                nfc_t4t_file_select
 .text.nfc_t4t_cc_select
                0x0000000000006968       0x30 Output/Release/Obj/nfc_spk_pca10100/nfc_t4t_hl_detection_procedures.o
                0x0000000000006968                nfc_t4t_cc_select
 .text.nfc_t4t_cc_read
                0x0000000000006998       0xe0 Output/Release/Obj/nfc_spk_pca10100/nfc_t4t_hl_detection_procedures.o
                0x0000000000006998                nfc_t4t_cc_read
 .text.nfc_t4t_ndef_read
                0x0000000000006a78      0x11c Output/Release/Obj/nfc_spk_pca10100/nfc_t4t_hl_detection_procedures.o
                0x0000000000006a78                nfc_t4t_ndef_read
 .text.nfc_t4t_file_control_tlv_parse
                0x0000000000006b94       0xfc Output/Release/Obj/nfc_spk_pca10100/nfc_t4t_tlv_block.o
                0x0000000000006b94                nfc_t4t_file_control_tlv_parse
 .text.nfc_t4t_file_control_tlv_printout
                0x0000000000006c90       0xd8 Output/Release/Obj/nfc_spk_pca10100/nfc_t4t_tlv_block.o
                0x0000000000006c90                nfc_t4t_file_control_tlv_printout
 .text._GetAvailWriteSpace
                0x0000000000006d68       0x12 Output/Release/Obj/nfc_spk_pca10100/SEGGER_RTT.o
 .text._WriteNoCheck
                0x0000000000006d7a       0x36 Output/Release/Obj/nfc_spk_pca10100/SEGGER_RTT.o
 .text._WriteBlocking
                0x0000000000006db0       0x54 Output/Release/Obj/nfc_spk_pca10100/SEGGER_RTT.o
 .text._DoInit  0x0000000000006e04       0x60 Output/Release/Obj/nfc_spk_pca10100/SEGGER_RTT.o
 .text.SEGGER_RTT_WriteNoLock
                0x0000000000006e64       0x68 Output/Release/Obj/nfc_spk_pca10100/SEGGER_RTT.o
                0x0000000000006e64                SEGGER_RTT_WriteNoLock
 .text.SEGGER_RTT_Write
                0x0000000000006ecc       0x34 Output/Release/Obj/nfc_spk_pca10100/SEGGER_RTT.o
                0x0000000000006ecc                SEGGER_RTT_Write
 .text.libc.putchar
                0x0000000000006f00        0xe C:/Program Files/SEGGER/SEGGER Embedded Studio for ARM 7.10/lib/libc_v7em_fpv4_sp_d16_hard_t_le_eabi_balanced.a(fileops.o)
                0x0000000000006f00                putchar
 .text.libc.fputc
                0x0000000000006f0e       0x22 C:/Program Files/SEGGER/SEGGER Embedded Studio for ARM 7.10/lib/libc_v7em_fpv4_sp_d16_hard_t_le_eabi_balanced.a(fileops.o)
                0x0000000000006f0e                fputc
 .text.libc.puts
                0x0000000000006f30       0x30 C:/Program Files/SEGGER/SEGGER Embedded Studio for ARM 7.10/lib/libc_v7em_fpv4_sp_d16_hard_t_le_eabi_balanced.a(fileops.o)
                0x0000000000006f30                puts
 .text.libc.fwrite
                0x0000000000006f60       0x2e C:/Program Files/SEGGER/SEGGER Embedded Studio for ARM 7.10/lib/libc_v7em_fpv4_sp_d16_hard_t_le_eabi_balanced.a(fileops.o)
                0x0000000000006f60                fwrite
 *fill*         0x0000000000006f8e        0x2 
 .text.libc.__aeabi_uldivmod
                0x0000000000006f90      0x130 C:/Program Files/SEGGER/SEGGER Embedded Studio for ARM 7.10/lib/libc_v7em_fpv4_sp_d16_hard_t_le_eabi_balanced.a(intasmops_arm.o)
                0x0000000000006f90                __aeabi_uldivmod
 .text.libc.__SEGGER_RTL_current_locale
                0x00000000000070c0       0x1a C:/Program Files/SEGGER/SEGGER Embedded Studio for ARM 7.10/lib/libc_v7em_fpv4_sp_d16_hard_t_le_eabi_balanced.a(mbops.o)
                0x00000000000070c0                __SEGGER_RTL_current_locale
 .text.libc.__SEGGER_RTL_ascii_mbtowc
                0x00000000000070da       0x30 C:/Program Files/SEGGER/SEGGER Embedded Studio for ARM 7.10/lib/libc_v7em_fpv4_sp_d16_hard_t_le_eabi_balanced.a(mbops.o)
                0x00000000000070da                __SEGGER_RTL_ascii_mbtowc
 .text.libc.__SEGGER_RTL_ascii_wctomb
                0x000000000000710a        0xe C:/Program Files/SEGGER/SEGGER Embedded Studio for ARM 7.10/lib/libc_v7em_fpv4_sp_d16_hard_t_le_eabi_balanced.a(mbops.o)
                0x000000000000710a                __SEGGER_RTL_ascii_wctomb
 .text.libc.__SEGGER_RTL_isctype
                0x0000000000007118       0x20 C:/Program Files/SEGGER/SEGGER Embedded Studio for ARM 7.10/lib/libc_v7em_fpv4_sp_d16_hard_t_le_eabi_balanced.a(mbops.o)
 .text.libc.isprint
                0x0000000000007138        0x6 C:/Program Files/SEGGER/SEGGER Embedded Studio for ARM 7.10/lib/libc_v7em_fpv4_sp_d16_hard_t_le_eabi_balanced.a(mbops.o)
                0x0000000000007138                isprint
 .text.libc.__SEGGER_RTL_ascii_isctype
                0x000000000000713e       0x20 C:/Program Files/SEGGER/SEGGER Embedded Studio for ARM 7.10/lib/libc_v7em_fpv4_sp_d16_hard_t_le_eabi_balanced.a(mbops.o)
 .text.libc.__SEGGER_RTL_ascii_toupper
                0x000000000000715e        0xc C:/Program Files/SEGGER/SEGGER Embedded Studio for ARM 7.10/lib/libc_v7em_fpv4_sp_d16_hard_t_le_eabi_balanced.a(mbops.o)
 .text.libc.__SEGGER_RTL_ascii_tolower
                0x000000000000716a        0xc C:/Program Files/SEGGER/SEGGER Embedded Studio for ARM 7.10/lib/libc_v7em_fpv4_sp_d16_hard_t_le_eabi_balanced.a(mbops.o)
 .text.libc.__SEGGER_RTL_ascii_iswctype
                0x0000000000007176       0x20 C:/Program Files/SEGGER/SEGGER Embedded Studio for ARM 7.10/lib/libc_v7em_fpv4_sp_d16_hard_t_le_eabi_balanced.a(mbops.o)
 .text.libc.__SEGGER_RTL_ascii_towupper
                0x0000000000007196        0xc C:/Program Files/SEGGER/SEGGER Embedded Studio for ARM 7.10/lib/libc_v7em_fpv4_sp_d16_hard_t_le_eabi_balanced.a(mbops.o)
 .text.libc.__SEGGER_RTL_ascii_towlower
                0x00000000000071a2        0xc C:/Program Files/SEGGER/SEGGER Embedded Studio for ARM 7.10/lib/libc_v7em_fpv4_sp_d16_hard_t_le_eabi_balanced.a(mbops.o)
 *fill*         0x00000000000071ae        0x2 
 .text.libc.strcpy
                0x00000000000071b0       0x30 C:/Program Files/SEGGER/SEGGER Embedded Studio for ARM 7.10/lib/libc_v7em_fpv4_sp_d16_hard_t_le_eabi_balanced.a(strasmops_arm.o)
                0x00000000000071b0                strcpy
 .text.libc.strlen
                0x00000000000071e0       0x60 C:/Program Files/SEGGER/SEGGER Embedded Studio for ARM 7.10/lib/libc_v7em_fpv4_sp_d16_hard_t_le_eabi_balanced.a(strasmops_arm.o)
                0x00000000000071e0                strlen
 .text.libc.memcpy
                0x0000000000007240       0x64 C:/Program Files/SEGGER/SEGGER Embedded Studio for ARM 7.10/lib/libc_v7em_fpv4_sp_d16_hard_t_le_eabi_balanced.a(strasmops_arm.o)
                0x0000000000007240                __aeabi_memcpy
                0x0000000000007240                memcpy
                0x0000000000007262                __aeabi_memcpy8
                0x0000000000007262                __aeabi_memcpy4
 .text.libc.__aeabi_memclr
                0x00000000000072a4       0x68 C:/Program Files/SEGGER/SEGGER Embedded Studio for ARM 7.10/lib/libc_v7em_fpv4_sp_d16_hard_t_le_eabi_balanced.a(strasmops_arm.o)
                0x00000000000072a4                __aeabi_memclr8
                0x00000000000072a4                __aeabi_memclr
                0x00000000000072a4                __aeabi_memclr4
                0x00000000000072a6                __aeabi_memset4
                0x00000000000072a6                __aeabi_memset8
                0x00000000000072a6                __aeabi_memset
                0x00000000000072ac                memset
 .text.libc.memcmp
                0x000000000000730c       0x46 C:/Program Files/SEGGER/SEGGER Embedded Studio for ARM 7.10/lib/libc_v7em_fpv4_sp_d16_hard_t_le_eabi_balanced.a(strops.o)
                0x000000000000730c                memcmp
 .text.libc.strnlen
                0x0000000000007352       0x4c C:/Program Files/SEGGER/SEGGER Embedded Studio for ARM 7.10/lib/libc_v7em_fpv4_sp_d16_hard_t_le_eabi_balanced.a(strops.o)
                0x0000000000007352                strnlen
 .text.libc.__SEGGER_RTL_putc
                0x000000000000739e       0x84 C:/Program Files/SEGGER/SEGGER Embedded Studio for ARM 7.10/lib/libc_v7em_fpv4_sp_d16_hard_t_le_eabi_balanced.a(prinops.o)
                0x000000000000739e                __SEGGER_RTL_putc
 .text.libc.__SEGGER_RTL_prin_flush
                0x0000000000007422       0x1c C:/Program Files/SEGGER/SEGGER Embedded Studio for ARM 7.10/lib/libc_v7em_fpv4_sp_d16_hard_t_le_eabi_balanced.a(prinops.o)
                0x0000000000007422                __SEGGER_RTL_prin_flush
 .text.libc.__SEGGER_RTL_print_padding
                0x000000000000743e       0x1e C:/Program Files/SEGGER/SEGGER Embedded Studio for ARM 7.10/lib/libc_v7em_fpv4_sp_d16_hard_t_le_eabi_balanced.a(prinops.o)
                0x000000000000743e                __SEGGER_RTL_print_padding
 .text.libc.__SEGGER_RTL_pre_padding
                0x000000000000745c       0x12 C:/Program Files/SEGGER/SEGGER Embedded Studio for ARM 7.10/lib/libc_v7em_fpv4_sp_d16_hard_t_le_eabi_balanced.a(prinops.o)
                0x000000000000745c                __SEGGER_RTL_pre_padding
 .text.libc.__SEGGER_RTL_init_prin
                0x000000000000746e       0x18 C:/Program Files/SEGGER/SEGGER Embedded Studio for ARM 7.10/lib/libc_v7em_fpv4_sp_d16_hard_t_le_eabi_balanced.a(prinops.o)
                0x000000000000746e                __SEGGER_RTL_init_prin
 .text.libc.snprintf
                0x0000000000007486       0x32 C:/Program Files/SEGGER/SEGGER Embedded Studio for ARM 7.10/lib/libc_v7em_fpv4_sp_d16_hard_t_le_eabi_balanced.a(prinops.o)
                0x0000000000007486                snprintf
 .text.libc.vfprintf
                0x00000000000074b8       0x1c C:/Program Files/SEGGER/SEGGER Embedded Studio for ARM 7.10/lib/libc_v7em_fpv4_sp_d16_hard_t_le_eabi_balanced.a(prinops.o)
                0x00000000000074b8                vfprintf
 .text.libc.vfprintf_l
                0x00000000000074d4       0x6c C:/Program Files/SEGGER/SEGGER Embedded Studio for ARM 7.10/lib/libc_v7em_fpv4_sp_d16_hard_t_le_eabi_balanced.a(prinops.o)
                0x00000000000074d4                vfprintf_l
 .text.libc.__SEGGER_RTL_stream_write
                0x0000000000007540        0xa C:/Program Files/SEGGER/SEGGER Embedded Studio for ARM 7.10/lib/libc_v7em_fpv4_sp_d16_hard_t_le_eabi_balanced.a(prinops.o)
 .text.libc.printf
                0x000000000000754a       0x2c C:/Program Files/SEGGER/SEGGER Embedded Studio for ARM 7.10/lib/libc_v7em_fpv4_sp_d16_hard_t_le_eabi_balanced.a(prinops.o)
                0x000000000000754a                printf
 *fill*         0x0000000000007576        0x2 
 .text.libc.__SEGGER_RTL_vfprintf_long
                0x0000000000007578      0x544 C:/Program Files/SEGGER/SEGGER Embedded Studio for ARM 7.10/lib/libc_v7em_fpv4_sp_d16_hard_t_le_eabi_balanced.a(__SEGGER_RTL_vfprintf_long.o)
                0x0000000000007578                __SEGGER_RTL_vfprintf_long
 .text.libc.__SEGGER_RTL_X_file_stat
                0x0000000000007abc       0x30 C:/Program Files/SEGGER/SEGGER Embedded Studio for ARM 7.10/lib/prinops_rtt_v7em_fpv4_sp_d16_hard_t_le_eabi_balanced.a(prinops_rtt.o)
                0x0000000000007abc                __SEGGER_RTL_X_file_stat
 .text.libc.__SEGGER_RTL_X_file_bufsize
                0x0000000000007aec        0x4 C:/Program Files/SEGGER/SEGGER Embedded Studio for ARM 7.10/lib/prinops_rtt_v7em_fpv4_sp_d16_hard_t_le_eabi_balanced.a(prinops_rtt.o)
                0x0000000000007aec                __SEGGER_RTL_X_file_bufsize
 .text.libc.__SEGGER_RTL_X_file_write
                0x0000000000007af0        0x8 C:/Program Files/SEGGER/SEGGER Embedded Studio for ARM 7.10/lib/prinops_rtt_v7em_fpv4_sp_d16_hard_t_le_eabi_balanced.a(prinops_rtt.o)
                0x0000000000007af0                __SEGGER_RTL_X_file_write
 .text.libc.__SEGGER_RTL_init_heap
                0x0000000000007af8       0x14 C:/Program Files/SEGGER/SEGGER Embedded Studio for ARM 7.10/lib/heapops_basic_v7em_fpv4_sp_d16_hard_t_le_eabi_balanced.a(heapops_basic.o)
                0x0000000000007af8                __SEGGER_RTL_init_heap
                0x0000000000007b0c                __text_end__ = (__text_start__ + SIZEOF (.text))
                0x0000000000007740                __text_size__ = SIZEOF (.text)
                0x0000000000007b0c                __text_load_end__ = __text_end__

.vfp11_veneer   0x0000000100000000        0x0
 .vfp11_veneer  0x0000000100000000        0x0 linker stubs

.v4_bx          0x0000000100000000        0x0
 .v4_bx         0x0000000100000000        0x0 linker stubs

.iplt           0x0000000100000000        0x0
 .iplt          0x0000000100000000        0x0 Output/Release/Obj/nfc_spk_pca10100/main.o
                0x0000000000000001                . = ASSERT (((__text_start__ == __text_end__) || ((__text_end__ - __FLASH1_segment_start__) <= __FLASH1_segment_size__)), error: .text is too large to fit in FLASH1 memory segment)
                0x0000000000007b0c                __log_const_data_load_start__ = ALIGN (__text_end__, 0x4)

.log_const_data
                0x0000000000007b0c       0x90
                0x0000000000007b0c                __log_const_data_start__ = .
                0x0000000000007b0c                __start_log_const_data = __log_const_data_start__
 *(SORT_BY_NAME(.log_const_data*))
 .log_const_data_GPIOTE
                0x0000000000007b0c        0x8 Output/Release/Obj/nfc_spk_pca10100/nrfx_gpiote.o
                0x0000000000007b0c                m_nrf_log_GPIOTE_logs_data_const
 .log_const_data_PRS
                0x0000000000007b14        0x8 Output/Release/Obj/nfc_spk_pca10100/nrfx_prs.o
                0x0000000000007b14                m_nrf_log_PRS_logs_data_const
 .log_const_data_TWI
                0x0000000000007b1c        0x8 Output/Release/Obj/nfc_spk_pca10100/nrfx_twi.o
                0x0000000000007b1c                m_nrf_log_TWI_logs_data_const
 .log_const_data_UART
                0x0000000000007b24        0x8 Output/Release/Obj/nfc_spk_pca10100/nrfx_uart.o
                0x0000000000007b24                m_nrf_log_UART_logs_data_const
 .log_const_data_UARTE
                0x0000000000007b2c        0x8 Output/Release/Obj/nfc_spk_pca10100/nrfx_uarte.o
                0x0000000000007b2c                m_nrf_log_UARTE_logs_data_const
 .log_const_data_adafruit_pn532
                0x0000000000007b34        0x8 Output/Release/Obj/nfc_spk_pca10100/adafruit_pn532.o
                0x0000000000007b34                m_nrf_log_adafruit_pn532_logs_data_const
 .log_const_data_app
                0x0000000000007b3c        0x8 Output/Release/Obj/nfc_spk_pca10100/nrf_log_frontend.o
                0x0000000000007b3c                m_nrf_log_app_logs_data_const
 .log_const_data_app_button
                0x0000000000007b44        0x8 Output/Release/Obj/nfc_spk_pca10100/app_button.o
                0x0000000000007b44                m_nrf_log_app_button_logs_data_const
 .log_const_data_app_timer
                0x0000000000007b4c        0x8 Output/Release/Obj/nfc_spk_pca10100/app_timer2.o
                0x0000000000007b4c                m_nrf_log_app_timer_logs_data_const
 .log_const_data_hardfault
                0x0000000000007b54        0x8 Output/Release/Obj/nfc_spk_pca10100/hardfault_implementation.o
                0x0000000000007b54                m_nrf_log_hardfault_logs_data_const
 .log_const_data_nfc_ndef_msg_parser
                0x0000000000007b5c        0x8 Output/Release/Obj/nfc_spk_pca10100/nfc_ndef_msg_parser.o
                0x0000000000007b5c                m_nrf_log_nfc_ndef_msg_parser_logs_data_const
 .log_const_data_nfc_ndef_parser
                0x0000000000007b64        0x8 Output/Release/Obj/nfc_spk_pca10100/nfc_ndef_record_parser.o
                0x0000000000007b64                m_nrf_log_nfc_ndef_parser_logs_data_const
 .log_const_data_nfc_t2t_parser
                0x0000000000007b6c        0x8 Output/Release/Obj/nfc_spk_pca10100/nfc_t2t_parser.o
                0x0000000000007b6c                m_nrf_log_nfc_t2t_parser_logs_data_const
 .log_const_data_nfc_t4t_apdu
                0x0000000000007b74        0x8 Output/Release/Obj/nfc_spk_pca10100/nfc_t4t_apdu.o
                0x0000000000007b74                m_nrf_log_nfc_t4t_apdu_logs_data_const
 .log_const_data_nfc_t4t_cc_file_parser
                0x0000000000007b7c        0x8 Output/Release/Obj/nfc_spk_pca10100/nfc_t4t_cc_file.o
                0x0000000000007b7c                m_nrf_log_nfc_t4t_cc_file_parser_logs_data_const
 .log_const_data_nfc_t4t_hl_detection_procedures
                0x0000000000007b84        0x8 Output/Release/Obj/nfc_spk_pca10100/nfc_t4t_hl_detection_procedures.o
                0x0000000000007b84                m_nrf_log_nfc_t4t_hl_detection_procedures_logs_data_const
 .log_const_data_nfc_t4t_tlv_block_parser
                0x0000000000007b8c        0x8 Output/Release/Obj/nfc_spk_pca10100/nfc_t4t_tlv_block.o
                0x0000000000007b8c                m_nrf_log_nfc_t4t_tlv_block_parser_logs_data_const
 .log_const_data_sortlist
                0x0000000000007b94        0x8 Output/Release/Obj/nfc_spk_pca10100/nrf_sortlist.o
                0x0000000000007b94                m_nrf_log_sortlist_logs_data_const
                0x0000000000007b9c                __log_const_data_end__ = (__log_const_data_start__ + SIZEOF (.log_const_data))
                0x0000000000000090                __log_const_data_size__ = SIZEOF (.log_const_data)
                0x0000000000007b9c                __stop_log_const_data = __log_const_data_end__
                0x0000000000007b9c                __log_const_data_load_end__ = __log_const_data_end__
                0x0000000000000001                . = ASSERT (((__log_const_data_start__ == __log_const_data_end__) || ((__log_const_data_end__ - __FLASH1_segment_start__) <= __FLASH1_segment_size__)), error: .log_const_data is too large to fit in FLASH1 memory segment)
                0x0000000000007b9c                __log_backends_load_start__ = ALIGN (__log_const_data_end__, 0x4)

.log_backends   0x0000000000007b9c       0x10
                0x0000000000007b9c                __log_backends_start__ = .
                0x0000000000007b9c                __start_log_backends = __log_backends_start__
 *(SORT_BY_NAME(.log_backends*))
 .log_backends  0x0000000000007b9c       0x10 Output/Release/Obj/nfc_spk_pca10100/nrf_log_default_backends.o
                0x0000000000007bac                __log_backends_end__ = (__log_backends_start__ + SIZEOF (.log_backends))
                0x0000000000000010                __log_backends_size__ = SIZEOF (.log_backends)
                0x0000000000007bac                __stop_log_backends = __log_backends_end__
                0x0000000000007bac                __log_backends_load_end__ = __log_backends_end__
                0x0000000000000001                . = ASSERT (((__log_backends_start__ == __log_backends_end__) || ((__log_backends_end__ - __FLASH1_segment_start__) <= __FLASH1_segment_size__)), error: .log_backends is too large to fit in FLASH1 memory segment)
                0x0000000000007bac                __nrf_balloc_load_start__ = ALIGN (__log_backends_end__, 0x4)

.nrf_balloc     0x0000000000007bac       0x14
                0x0000000000007bac                __nrf_balloc_start__ = .
                0x0000000000007bac                __start_nrf_balloc = __nrf_balloc_start__
 *(.nrf_balloc*)
 .nrf_balloc    0x0000000000007bac       0x14 Output/Release/Obj/nfc_spk_pca10100/nrf_log_frontend.o
                0x0000000000007bac                log_mempool
                0x0000000000007bc0                __nrf_balloc_end__ = (__nrf_balloc_start__ + SIZEOF (.nrf_balloc))
                0x0000000000000014                __nrf_balloc_size__ = SIZEOF (.nrf_balloc)
                0x0000000000007bc0                __stop_nrf_balloc = __nrf_balloc_end__
                0x0000000000007bc0                __nrf_balloc_load_end__ = __nrf_balloc_end__
                0x0000000000000001                . = ASSERT (((__nrf_balloc_start__ == __nrf_balloc_end__) || ((__nrf_balloc_end__ - __FLASH1_segment_start__) <= __FLASH1_segment_size__)), error: .nrf_balloc is too large to fit in FLASH1 memory segment)
                0x0000000000007bc0                __nrf_sections_load_start__ = ALIGN (__nrf_balloc_end__, 0x4)

.nrf_sections   0x0000000000007bc0        0x0
                0x0000000000007bc0                __nrf_sections_start__ = .
                0x0000000000007bc0                __start_nrf_sections = __nrf_sections_start__
 *(.nrf_sections .nrf_sections.*)
                0x0000000000007bc0                __nrf_sections_end__ = (__nrf_sections_start__ + SIZEOF (.nrf_sections))
                0x0000000000000000                __nrf_sections_size__ = SIZEOF (.nrf_sections)
                0x0000000000007bc0                __nrf_sections_load_end__ = __nrf_sections_end__
                0x0000000000000001                . = ASSERT (((__nrf_sections_start__ == __nrf_sections_end__) || ((__nrf_sections_end__ - __FLASH1_segment_start__) <= __FLASH1_segment_size__)), error: .nrf_sections is too large to fit in FLASH1 memory segment)
                0x0000000000007bc0                __log_dynamic_data_load_start__ = ALIGN (__nrf_sections_end__, 0x4)

.log_dynamic_data
                0x0000000020000000        0x0 load address 0x0000000000007bc0
                0x0000000020000000                __log_dynamic_data_start__ = .
 *(SORT_BY_NAME(.log_dynamic_data*))
                0x0000000020000000                __log_dynamic_data_end__ = (__log_dynamic_data_start__ + SIZEOF (.log_dynamic_data))
                0x0000000000000000                __log_dynamic_data_size__ = SIZEOF (.log_dynamic_data)
                0x0000000000007bc0                __log_dynamic_data_load_end__ = (__log_dynamic_data_load_start__ + SIZEOF (.log_dynamic_data))
                0x0000000000000001                . = ASSERT (((__log_dynamic_data_load_start__ == __log_dynamic_data_load_end__) || ((__log_dynamic_data_load_end__ - __FLASH1_segment_start__) <= __FLASH1_segment_size__)), error: .log_dynamic_data is too large to fit in FLASH1 memory segment)

.log_dynamic_data_run
                0x0000000020000000        0x0
                0x0000000020000000                __log_dynamic_data_run_start__ = .
                0x0000000020000000                __start_log_dynamic_data = __log_dynamic_data_run_start__
                0x0000000020000000                __log_dynamic_data_run_end__ = (__log_dynamic_data_run_start__ + SIZEOF (.log_dynamic_data))
                0x0000000000000000                __log_dynamic_data_run_size__ = (__log_dynamic_data_run_end__ - __log_dynamic_data_run_start__)
                0x0000000020000000                __stop_log_dynamic_data = __log_dynamic_data_run_end__
                0x0000000020000000                __log_dynamic_data_run_load_end__ = __log_dynamic_data_run_end__
                0x0000000000000001                . = ASSERT (((__log_dynamic_data_run_start__ == __log_dynamic_data_run_end__) || ((__log_dynamic_data_run_end__ - __RAM1_segment_start__) <= __RAM1_segment_size__)), error: .log_dynamic_data_run is too large to fit in RAM1 memory segment)
                0x0000000000007bc0                __log_filter_data_load_start__ = ALIGN ((__log_dynamic_data_load_start__ + SIZEOF (.log_dynamic_data)), 0x4)

.log_filter_data
                0x0000000020000000        0x0 load address 0x0000000000007bc0
                0x0000000020000000                __log_filter_data_start__ = .
 *(SORT_BY_NAME(.log_filter_data*))
                0x0000000020000000                __log_filter_data_end__ = (__log_filter_data_start__ + SIZEOF (.log_filter_data))
                0x0000000000000000                __log_filter_data_size__ = SIZEOF (.log_filter_data)
                0x0000000000007bc0                __log_filter_data_load_end__ = (__log_filter_data_load_start__ + SIZEOF (.log_filter_data))
                0x0000000000000001                . = ASSERT (((__log_filter_data_load_start__ == __log_filter_data_load_end__) || ((__log_filter_data_load_end__ - __FLASH1_segment_start__) <= __FLASH1_segment_size__)), error: .log_filter_data is too large to fit in FLASH1 memory segment)

.log_filter_data_run
                0x0000000020000000        0x0
                0x0000000020000000                __log_filter_data_run_start__ = .
                0x0000000020000000                __start_log_filter_data = __log_filter_data_run_start__
                0x0000000020000000                __log_filter_data_run_end__ = (__log_filter_data_run_start__ + SIZEOF (.log_filter_data))
                0x0000000000000000                __log_filter_data_run_size__ = (__log_filter_data_run_end__ - __log_filter_data_run_start__)
                0x0000000020000000                __stop_log_filter_data = __log_filter_data_run_end__
                0x0000000020000000                __log_filter_data_run_load_end__ = __log_filter_data_run_end__
                0x0000000000000001                . = ASSERT (((__log_filter_data_run_start__ == __log_filter_data_run_end__) || ((__log_filter_data_run_end__ - __RAM1_segment_start__) <= __RAM1_segment_size__)), error: .log_filter_data_run is too large to fit in RAM1 memory segment)
                0x0000000020000000                __nrf_sections_run_end_load_start__ = ALIGN (__log_filter_data_run_end__, 0x4)

.nrf_sections_run_end
                0x0000000020000000        0x0
                0x0000000020000000                __nrf_sections_run_end_start__ = .
                0x0000000020000000                __end_nrf_sections_run = __nrf_sections_run_end_start__
 *(.nrf_sections_run_end .nrf_sections_run_end.*)
                0x0000000020000000                __nrf_sections_run_end_end__ = (__nrf_sections_run_end_start__ + SIZEOF (.nrf_sections_run_end))
                0x0000000000000000                __nrf_sections_run_end_size__ = SIZEOF (.nrf_sections_run_end)
                0x0000000020000000                __nrf_sections_run_end_load_end__ = __nrf_sections_run_end_end__
                0x0000000000000001                . = ASSERT (((__nrf_sections_run_end_start__ == __nrf_sections_run_end_end__) || ((__nrf_sections_run_end_end__ - __RAM1_segment_start__) <= __RAM1_segment_size__)), error: .nrf_sections_run_end is too large to fit in RAM1 memory segment)
                0x0000000000007bc0                __dtors_load_start__ = ALIGN ((__log_filter_data_load_start__ + SIZEOF (.log_filter_data)), 0x4)

.dtors          0x0000000000007bc0        0x0
                0x0000000000007bc0                __dtors_start__ = .
 *(SORT_BY_NAME(.dtors.*))
 *(.dtors)
 *(.fini_array)
 *(SORT_BY_NAME(.fini_array.*))
                0x0000000000007bc0                __dtors_end__ = (__dtors_start__ + SIZEOF (.dtors))
                0x0000000000000000                __dtors_size__ = SIZEOF (.dtors)
                0x0000000000007bc0                __dtors_load_end__ = __dtors_end__
                0x0000000000000001                . = ASSERT (((__dtors_start__ == __dtors_end__) || ((__dtors_end__ - __FLASH1_segment_start__) <= __FLASH1_segment_size__)), error: .dtors is too large to fit in FLASH1 memory segment)
                0x0000000000007bc0                __ctors_load_start__ = ALIGN (__dtors_end__, 0x4)

.ctors          0x0000000000007bc0        0x0
                0x0000000000007bc0                __ctors_start__ = .
 *(SORT_BY_NAME(.ctors.*))
 *(.ctors)
 *(.init_array)
 *(SORT_BY_NAME(.init_array.*))
                0x0000000000007bc0                __ctors_end__ = (__ctors_start__ + SIZEOF (.ctors))
                0x0000000000000000                __ctors_size__ = SIZEOF (.ctors)
                0x0000000000007bc0                __ctors_load_end__ = __ctors_end__
                0x0000000000000001                . = ASSERT (((__ctors_start__ == __ctors_end__) || ((__ctors_end__ - __FLASH1_segment_start__) <= __FLASH1_segment_size__)), error: .ctors is too large to fit in FLASH1 memory segment)
                0x0000000000007bc0                __rodata_load_start__ = ALIGN (__ctors_end__, 0x4)

.rodata         0x0000000000007bc0     0x3188
                0x0000000000007bc0                __rodata_start__ = .
 *(.rodata .rodata.* .gnu.linkonce.r.*)
 .rodata.update_display_counter.str1.1
                0x0000000000007bc0        0x0 Output/Release/Obj/nfc_spk_pca10100/main.o
                                          0x3 (size before relaxing)
 .rodata.timer_handler.str1.1
                0x0000000000007bc0       0x15 Output/Release/Obj/nfc_spk_pca10100/main.o
 .rodata.nrf_gpio_pin_port_decode.str1.1
                0x0000000000007bd5       0x2e Output/Release/Obj/nfc_spk_pca10100/main.o
 .rodata.timer_button_handler.str1.1
                0x0000000000007c03       0x2e Output/Release/Obj/nfc_spk_pca10100/main.o
 .rodata.button_event_handler.str1.1
                0x0000000000007c31      0x2c0 Output/Release/Obj/nfc_spk_pca10100/main.o
 .rodata.utils_setup.str1.1
                0x0000000000007ef1       0x55 Output/Release/Obj/nfc_spk_pca10100/main.o
 .rodata.ndef_data_analyze.str1.1
                0x0000000000007f46       0x25 Output/Release/Obj/nfc_spk_pca10100/main.o
 .rodata.t2t_data_read.str1.1
                0x0000000000007f6b       0x1d Output/Release/Obj/nfc_spk_pca10100/main.o
 .rodata.t2t_data_analyze.str1.1
                0x0000000000007f88       0x7f Output/Release/Obj/nfc_spk_pca10100/main.o
 .rodata.t4t_data_read_and_analyze.str1.1
                0x0000000000008007       0xdf Output/Release/Obj/nfc_spk_pca10100/main.o
 .rodata.i2c_init.str1.1
                0x00000000000080e6       0x34 Output/Release/Obj/nfc_spk_pca10100/main.o
 .rodata.tag_detect_and_read.str1.1
                0x000000000000811a       0x9b Output/Release/Obj/nfc_spk_pca10100/main.o
 .rodata.main.str1.1
                0x00000000000081b5      0x223 Output/Release/Obj/nfc_spk_pca10100/main.o
 .rodata        0x00000000000083d8       0x10 Output/Release/Obj/nfc_spk_pca10100/main.o
 .rodata.__func__.7
                0x00000000000083e8       0x15 Output/Release/Obj/nfc_spk_pca10100/main.o
 *fill*         0x00000000000083fd        0x3 
 .rodata.delay_machine_code.6
                0x0000000000008400        0x6 Output/Release/Obj/nfc_spk_pca10100/main.o
 *fill*         0x0000000000008406        0x2 
 .rodata.m_button_timer
                0x0000000000008408        0x4 Output/Release/Obj/nfc_spk_pca10100/main.o
 .rodata.m_timer
                0x000000000000840c        0x4 Output/Release/Obj/nfc_spk_pca10100/main.o
 .rodata.CSWTCH.7
                0x0000000000008410        0x3 Output/Release/Obj/nfc_spk_pca10100/system_nrf52.o
 .rodata.nrf_gpio_pin_port_decode.str1.1
                0x0000000000008413       0x2e Output/Release/Obj/nfc_spk_pca10100/adafruit_pn532.o
 .rodata.adafruit_pn532_tag_info_printout.str1.1
                0x0000000000008413       0xa0 Output/Release/Obj/nfc_spk_pca10100/adafruit_pn532.o
                                         0xaa (size before relaxing)
 .rodata.adafruit_pn532_cmd_send.str1.1
                0x00000000000084b3       0x54 Output/Release/Obj/nfc_spk_pca10100/adafruit_pn532.o
 .rodata.adafruit_pn532_firmware_version_get.str1.1
                0x0000000000008507       0x7c Output/Release/Obj/nfc_spk_pca10100/adafruit_pn532.o
 .rodata.adafruit_pn532_init.str1.1
                0x0000000000008583       0x4e Output/Release/Obj/nfc_spk_pca10100/adafruit_pn532.o
 .rodata.adafruit_pn532_nfc_a_target_init.str1.1
                0x00000000000085d1      0x13f Output/Release/Obj/nfc_spk_pca10100/adafruit_pn532.o
 .rodata.str1.1
                0x0000000000008710        0xf Output/Release/Obj/nfc_spk_pca10100/adafruit_pn532.o
 *fill*         0x000000000000871f        0x1 
 .rodata.delay_machine_code.0
                0x0000000000008720        0x6 Output/Release/Obj/nfc_spk_pca10100/adafruit_pn532.o
 .rodata.m_pn532_ack
                0x0000000000008726        0x6 Output/Release/Obj/nfc_spk_pca10100/adafruit_pn532.o
 .rodata.m_pn532_rsp_firmware_ver
                0x000000000000872c        0x6 Output/Release/Obj/nfc_spk_pca10100/adafruit_pn532.o
 .rodata.eeprom_init.str1.1
                0x0000000000008732       0x4c Output/Release/Obj/nfc_spk_pca10100/eeprom.o
 .rodata.eeprom_write_data.str1.1
                0x000000000000877e      0x14d Output/Release/Obj/nfc_spk_pca10100/eeprom.o
 .rodata.eeprom_read_data.str1.1
                0x00000000000088cb       0x79 Output/Release/Obj/nfc_spk_pca10100/eeprom.o
 *fill*         0x0000000000008944        0xc 
 .rodata.delay_machine_code.0
                0x0000000000008950        0x6 Output/Release/Obj/nfc_spk_pca10100/eeprom.o
 .rodata.nrf_gpio_pin_port_decode.str1.1
                0x0000000000008956       0x2e Output/Release/Obj/nfc_spk_pca10100/ssd1306_oled.o
 .rodata.ssd1306_command.str1.1
                0x0000000000008956       0x75 Output/Release/Obj/nfc_spk_pca10100/ssd1306_oled.o
 .rodata.ssd1306_display.str1.1
                0x00000000000089cb       0x24 Output/Release/Obj/nfc_spk_pca10100/ssd1306_oled.o
 *fill*         0x00000000000089ef        0x1 
 .rodata.delay_machine_code.4
                0x00000000000089f0        0x6 Output/Release/Obj/nfc_spk_pca10100/ssd1306_oled.o
 .rodata.font   0x00000000000089f6      0x4fb Output/Release/Obj/nfc_spk_pca10100/ssd1306_oled.o
 .rodata.postmask.0
                0x0000000000008ef1        0x8 Output/Release/Obj/nfc_spk_pca10100/ssd1306_oled.o
 .rodata.premask.1
                0x0000000000008ef9        0x8 Output/Release/Obj/nfc_spk_pca10100/ssd1306_oled.o
 .rodata.nrf_gpio_pin_port_decode.str1.1
                0x0000000000008f01       0x2e Output/Release/Obj/nfc_spk_pca10100/nrf_drv_twi.o
 *fill*         0x0000000000008f01        0xf 
 .rodata.delay_machine_code.0
                0x0000000000008f10        0x6 Output/Release/Obj/nfc_spk_pca10100/nrf_drv_twi.o
 .rodata.nrf_gpio_pin_port_decode.str1.1
                0x0000000000008f16       0x2e Output/Release/Obj/nfc_spk_pca10100/nrfx_gpiote.o
 .rodata.nrfx_gpiote_out_init.str1.1
                0x0000000000008f16       0x7f Output/Release/Obj/nfc_spk_pca10100/nrfx_gpiote.o
 .rodata.str1.1
                0x0000000000008f95        0x7 Output/Release/Obj/nfc_spk_pca10100/nrfx_gpiote.o
 .rodata.UARTE0_UART0_IRQHandler.str1.1
                0x0000000000008f9c       0x80 Output/Release/Obj/nfc_spk_pca10100/nrfx_prs.o
 .rodata.str1.1
                0x000000000000901c        0x4 Output/Release/Obj/nfc_spk_pca10100/nrfx_prs.o
 .rodata.nrf_gpio_pin_port_decode.str1.1
                0x0000000000009020       0x2e Output/Release/Obj/nfc_spk_pca10100/nrfx_twi.o
 .rodata.SPIM0_SPIS0_TWIM0_TWIS0_SPI0_TWI0_IRQHandler.str1.1
                0x0000000000009020       0x7c Output/Release/Obj/nfc_spk_pca10100/nrfx_twi.o
 .rodata.nrfx_twi_init.str1.1
                0x000000000000909c       0x2f Output/Release/Obj/nfc_spk_pca10100/nrfx_twi.o
 .rodata.str1.1
                0x00000000000090cb        0x4 Output/Release/Obj/nfc_spk_pca10100/nrfx_twi.o
 .rodata.nrf_gpio_pin_port_decode.str1.1
                0x00000000000090cf       0x2e Output/Release/Obj/nfc_spk_pca10100/nrfx_uart.o
 .rodata.nrfx_uart_init.str1.1
                0x00000000000090cf       0x7d Output/Release/Obj/nfc_spk_pca10100/nrfx_uart.o
                                         0xac (size before relaxing)
 .rodata.str1.1
                0x000000000000914c        0x5 Output/Release/Obj/nfc_spk_pca10100/nrfx_uart.o
 .rodata.nrf_gpio_pin_port_decode.str1.1
                0x0000000000009151       0x2e Output/Release/Obj/nfc_spk_pca10100/nrfx_uarte.o
 .rodata.nrfx_uarte_init.str1.1
                0x0000000000009151       0x7e Output/Release/Obj/nfc_spk_pca10100/nrfx_uarte.o
                                         0xad (size before relaxing)
 .rodata.str1.1
                0x00000000000091cf        0x6 Output/Release/Obj/nfc_spk_pca10100/nrfx_uarte.o
 .rodata.button_get.str1.1
                0x00000000000091d5       0x81 Output/Release/Obj/nfc_spk_pca10100/app_button.o
 .rodata.str1.1
                0x0000000000009256        0xb Output/Release/Obj/nfc_spk_pca10100/app_button.o
 *fill*         0x0000000000009261        0x3 
 .rodata.m_detection_delay_timer_id
                0x0000000000009264        0x4 Output/Release/Obj/nfc_spk_pca10100/app_button.o
 .rodata.app_error_fault_handler.str1.1
                0x0000000000009268       0x6c Output/Release/Obj/nfc_spk_pca10100/app_error_weak.o
 .rodata.timer_expire.str1.1
                0x00000000000092d4       0x80 Output/Release/Obj/nfc_spk_pca10100/app_timer2.o
 .rodata.str1.1
                0x0000000000009354        0xa Output/Release/Obj/nfc_spk_pca10100/app_timer2.o
 .rodata        0x000000000000935e        0x4 Output/Release/Obj/nfc_spk_pca10100/app_timer2.o
 *fill*         0x0000000000009362        0x2 
 .rodata.m_app_timer_sortlist
                0x0000000000009364        0xc Output/Release/Obj/nfc_spk_pca10100/app_timer2.o
 .rodata.app_util_critical_region_enter.str1.1
                0x0000000000009370       0x86 Output/Release/Obj/nfc_spk_pca10100/app_util_platform.o
 .rodata.evt_disable.str1.1
                0x00000000000093f6       0x7d Output/Release/Obj/nfc_spk_pca10100/drv_rtc.o
 .rodata.drv_rtc_init.str1.1
                0x0000000000009473       0x61 Output/Release/Obj/nfc_spk_pca10100/drv_rtc.o
                                         0x90 (size before relaxing)
 *fill*         0x00000000000094d4        0xc 
 .rodata.delay_machine_code.0
                0x00000000000094e0        0x6 Output/Release/Obj/nfc_spk_pca10100/drv_rtc.o
 .rodata.HardFault_c_handler.str1.1
                0x00000000000094e6      0x12e Output/Release/Obj/nfc_spk_pca10100/hardfault_implementation.o
 .rodata.str1.1
                0x0000000000009614      0x4c0 Output/Release/Obj/nfc_spk_pca10100/hardfault_implementation.o
 .rodata.cfsr_msgs.0
                0x0000000000009ad4       0x68 Output/Release/Obj/nfc_spk_pca10100/hardfault_implementation.o
 .rodata.nrf_balloc_init.str1.1
                0x0000000000009b3c       0x81 Output/Release/Obj/nfc_spk_pca10100/nrf_balloc.o
 .rodata.nrf_fprintf_buffer_flush.str1.1
                0x0000000000009bbd       0x77 Output/Release/Obj/nfc_spk_pca10100/nrf_fprintf.o
 .rodata.nrf_fprintf_fmt.str1.1
                0x0000000000009c34       0x7e Output/Release/Obj/nfc_spk_pca10100/nrf_fprintf_format.o
 .rodata._aV2C.0
                0x0000000000009cb2       0x10 Output/Release/Obj/nfc_spk_pca10100/nrf_fprintf_format.o
 .rodata.memobj_op.str1.1
                0x0000000000009cc2       0x81 Output/Release/Obj/nfc_spk_pca10100/nrf_memobj.o
 .rodata.nrf_sortlist_add.str1.1
                0x0000000000009d43       0x85 Output/Release/Obj/nfc_spk_pca10100/nrf_sortlist.o
 .rodata.str1.1
                0x0000000000009dc8        0x9 Output/Release/Obj/nfc_spk_pca10100/nrf_sortlist.o
 .rodata.str1.1
                0x0000000000009dd1      0x37d Output/Release/Obj/nfc_spk_pca10100/nrf_strerror.o
                                        0x391 (size before relaxing)
 .rodata.m_unknown_str
                0x000000000000a14e       0x13 Output/Release/Obj/nfc_spk_pca10100/nrf_strerror.o
 *fill*         0x000000000000a161        0x3 
 .rodata.nrf_strerror_array
                0x000000000000a164      0x118 Output/Release/Obj/nfc_spk_pca10100/nrf_strerror.o
 .rodata.uart_init.constprop.0.str1.1
                0x000000000000a27c       0x8c Output/Release/Obj/nfc_spk_pca10100/nrf_log_backend_uart.o
 .rodata        0x000000000000a308       0x20 Output/Release/Obj/nfc_spk_pca10100/nrf_log_backend_uart.o
 .rodata.nrf_log_backend_uart_api
                0x000000000000a328        0xc Output/Release/Obj/nfc_spk_pca10100/nrf_log_backend_uart.o
                0x000000000000a328                nrf_log_backend_uart_api
 .rodata.nrf_log_default_backends_init.str1.1
                0x000000000000a334       0x90 Output/Release/Obj/nfc_spk_pca10100/nrf_log_default_backends.o
 .rodata.str1.1
                0x000000000000a3c4       0x11 Output/Release/Obj/nfc_spk_pca10100/nrf_log_default_backends.o
 .rodata.buf_prealloc.str1.1
                0x000000000000a3d5       0x88 Output/Release/Obj/nfc_spk_pca10100/nrf_log_frontend.o
 .rodata.nrf_log_frontend_dequeue.str1.1
                0x000000000000a45d       0x11 Output/Release/Obj/nfc_spk_pca10100/nrf_log_frontend.o
 .rodata.str1.1
                0x000000000000a46e        0x4 Output/Release/Obj/nfc_spk_pca10100/nrf_log_frontend.o
 *fill*         0x000000000000a472        0x2 
 .rodata.m_log_push_ringbuf
                0x000000000000a474        0xc Output/Release/Obj/nfc_spk_pca10100/nrf_log_frontend.o
 .rodata.postfix_process.str1.1
                0x000000000000a480        0x5 Output/Release/Obj/nfc_spk_pca10100/nrf_log_str_formatter.o
                                          0xb (size before relaxing)
 .rodata.prefix_process.constprop.0.str1.1
                0x000000000000a485       0x2a Output/Release/Obj/nfc_spk_pca10100/nrf_log_str_formatter.o
 .rodata.nrf_log_hexdump_entry_process.str1.1
                0x000000000000a4af        0xf Output/Release/Obj/nfc_spk_pca10100/nrf_log_str_formatter.o
                                         0x11 (size before relaxing)
 .rodata.str1.1
                0x000000000000a4be       0x4b Output/Release/Obj/nfc_spk_pca10100/nrf_log_str_formatter.o
                                         0x51 (size before relaxing)