Archive member included to satisfy reference by file (symbol)

C:/Program Files/SEGGER/SEGGER Embedded Studio for ARM 7.10/lib/libc_v7em_fpv4_sp_d16_hard_t_le_eabi_balanced.a(fileops.o)
                              Output/Debug/Obj/nfc_spk_pca10100/main.o (puts)
C:/Program Files/SEGGER/SEGGER Embedded Studio for ARM 7.10/lib/libc_v7em_fpv4_sp_d16_hard_t_le_eabi_balanced.a(intasmops_arm.o)
                              Output/Debug/Obj/nfc_spk_pca10100/bsp.o (__aeabi_uldivmod)
C:/Program Files/SEGGER/SEGGER Embedded Studio for ARM 7.10/lib/libc_v7em_fpv4_sp_d16_hard_t_le_eabi_balanced.a(mbops.o)
                              Output/Debug/Obj/nfc_spk_pca10100/nrf_log_str_formatter.o (isprint)
C:/Program Files/SEGGER/SEGGER Embedded Studio for ARM 7.10/lib/libc_v7em_fpv4_sp_d16_hard_t_le_eabi_balanced.a(sortops.o)
                              C:/Program Files/SEGGER/SEGGER Embedded Studio for ARM 7.10/lib/libc_v7em_fpv4_sp_d16_hard_t_le_eabi_balanced.a(mbops.o) (bsearch)
C:/Program Files/SEGGER/SEGGER Embedded Studio for ARM 7.10/lib/libc_v7em_fpv4_sp_d16_hard_t_le_eabi_balanced.a(strasmops_arm.o)
                              Output/Debug/Obj/nfc_spk_pca10100/adafruit_pn532.o (strlen)
C:/Program Files/SEGGER/SEGGER Embedded Studio for ARM 7.10/lib/libc_v7em_fpv4_sp_d16_hard_t_le_eabi_balanced.a(strops.o)
                              Output/Debug/Obj/nfc_spk_pca10100/adafruit_pn532.o (memcmp)
C:/Program Files/SEGGER/SEGGER Embedded Studio for ARM 7.10/lib/libc_v7em_fpv4_sp_d16_hard_t_le_eabi_balanced.a(timeops.o)
                              C:/Program Files/SEGGER/SEGGER Embedded Studio for ARM 7.10/lib/libc_v7em_fpv4_sp_d16_hard_t_le_eabi_balanced.a(mbops.o) (__SEGGER_RTL_string_list_encode)
C:/Program Files/SEGGER/SEGGER Embedded Studio for ARM 7.10/lib/libc_v7em_fpv4_sp_d16_hard_t_le_eabi_balanced.a(prinops.o)
                              Output/Debug/Obj/nfc_spk_pca10100/main.o (snprintf)
C:/Program Files/SEGGER/SEGGER Embedded Studio for ARM 7.10/lib/libc_v7em_fpv4_sp_d16_hard_t_le_eabi_balanced.a(__SEGGER_RTL_vfprintf_long.o)
                              (__SEGGER_RTL_vfprintf_long)
C:/Program Files/SEGGER/SEGGER Embedded Studio for ARM 7.10/lib/libc_v7em_fpv4_sp_d16_hard_t_le_eabi_balanced.a(__SEGGER_RTL_vfscanf_long.o)
                              (__SEGGER_RTL_vfscanf_long)
C:/Program Files/SEGGER/SEGGER Embedded Studio for ARM 7.10/lib/libc_v7em_fpv4_sp_d16_hard_t_le_eabi_balanced.a(errno.o)
                              C:/Program Files/SEGGER/SEGGER Embedded Studio for ARM 7.10/lib/libc_v7em_fpv4_sp_d16_hard_t_le_eabi_balanced.a(fileops.o) (__aeabi_errno_addr)
C:/Program Files/SEGGER/SEGGER Embedded Studio for ARM 7.10/lib/libc_v7em_fpv4_sp_d16_hard_t_le_eabi_balanced.a(execops.o)
                              C:/Program Files/SEGGER/SEGGER Embedded Studio for ARM 7.10/lib/libc_v7em_fpv4_sp_d16_hard_t_le_eabi_balanced.a(strops.o) (__SEGGER_RTL_constraint_violation)
C:/Program Files/SEGGER/SEGGER Embedded Studio for ARM 7.10/lib/libc_v7em_fpv4_sp_d16_hard_t_le_eabi_balanced.a(execops_arm.o)
                              C:/Program Files/SEGGER/SEGGER Embedded Studio for ARM 7.10/lib/libc_v7em_fpv4_sp_d16_hard_t_le_eabi_balanced.a(execops.o) (__aeabi_SIGABRT)
C:/Program Files/SEGGER/SEGGER Embedded Studio for ARM 7.10/lib/libc_v7em_fpv4_sp_d16_hard_t_le_eabi_balanced.a(floatasmops_arm.o)
                              C:/Program Files/SEGGER/SEGGER Embedded Studio for ARM 7.10/lib/libc_v7em_fpv4_sp_d16_hard_t_le_eabi_balanced.a(timeops.o) (__aeabi_i2d)
C:/Program Files/SEGGER/SEGGER Embedded Studio for ARM 7.10/lib/libc_v7em_fpv4_sp_d16_hard_t_le_eabi_balanced.a(intops.o)
                              C:/Program Files/SEGGER/SEGGER Embedded Studio for ARM 7.10/lib/libc_v7em_fpv4_sp_d16_hard_t_le_eabi_balanced.a(timeops.o) (div)
C:/Program Files/SEGGER/SEGGER Embedded Studio for ARM 7.10/lib/libc_v7em_fpv4_sp_d16_hard_t_le_eabi_balanced.a(utilops.o)
                              C:/Program Files/SEGGER/SEGGER Embedded Studio for ARM 7.10/lib/libc_v7em_fpv4_sp_d16_hard_t_le_eabi_balanced.a(__SEGGER_RTL_vfscanf_long.o) (__SEGGER_RTL_digit)
C:/Program Files/SEGGER/SEGGER Embedded Studio for ARM 7.10/lib/libc_v7em_fpv4_sp_d16_hard_t_le_eabi_balanced.a(convops.o)
                              C:/Program Files/SEGGER/SEGGER Embedded Studio for ARM 7.10/lib/libc_v7em_fpv4_sp_d16_hard_t_le_eabi_balanced.a(execops.o) (itoa)
C:/Program Files/SEGGER/SEGGER Embedded Studio for ARM 7.10/lib/libc_v7em_fpv4_sp_d16_hard_t_le_eabi_balanced.a(floatops.o)
                              C:/Program Files/SEGGER/SEGGER Embedded Studio for ARM 7.10/lib/libc_v7em_fpv4_sp_d16_hard_t_le_eabi_balanced.a(convops.o) (__SEGGER_RTL_float32_isinf)
C:/Program Files/SEGGER/SEGGER Embedded Studio for ARM 7.10/lib/heapops_basic_v7em_fpv4_sp_d16_hard_t_le_eabi_balanced.a(heapops_basic.o)
                              Output/Debug/Obj/nfc_spk_pca10100/thumb_crt0.o (__SEGGER_RTL_init_heap)
[...]
Memory Configuration

Name             Origin             Length             Attributes
UNPLACED_SECTIONS 0x0000000100000000 0x0000000000000000 xw
RAM1             0x0000000020000000 0x0000000000010000 xw
FLASH1           0x0000000000000000 0x0000000000080000 xw
*default*        0x0000000000000000 0xffffffffffffffff

Linker script and memory map

                0x000000000000d5d0                __SEGGER_RTL_vfprintf = __SEGGER_RTL_vfprintf_long
                0x0000000000000000                __SEGGER_RTL_vfscanf = __SEGGER_RTL_vfscanf_long
                0x0000000020000000                __RAM1_segment_start__ = 0x20000000
                0x0000000020010000                __RAM1_segment_end__ = 0x20010000
                0x0000000000010000                __RAM1_segment_size__ = 0x10000
                0x0000000000000000                __FLASH1_segment_start__ = 0x0
                0x0000000000080000                __FLASH1_segment_end__ = 0x80000
                0x0000000000080000                __FLASH1_segment_size__ = 0x80000
                0x0000000000002000                __HEAPSIZE__ = 0x2000
                0x0000000000000000                __STACKSIZE_PROCESS__ = 0x0
                0x0000000000002000                __STACKSIZE__ = 0x2000
                0x0000000020000000                __vectors_ram_load_start__ = 0x20000000

.vectors_ram    0x0000000020000000        0x0
                0x0000000020000000                __vectors_ram_start__ = .
                0x0000000020000000                __app_ram_start__ = __vectors_ram_start__
 *(.vectors_ram .vectors_ram.*)
                0x0000000020000000                __vectors_ram_end__ = (__vectors_ram_start__ + SIZEOF (.vectors_ram))
                0x0000000000000000                __vectors_ram_size__ = SIZEOF (.vectors_ram)
                0x0000000020000000                __vectors_ram_load_end__ = __vectors_ram_end__
                0x0000000000000001                . = ASSERT (((__vectors_ram_start__ == __vectors_ram_end__) || ((__vectors_ram_end__ - __RAM1_segment_start__) <= __RAM1_segment_size__)), error: .vectors_ram is too large to fit in RAM1 memory segment)
                0x0000000020000000                __nrf_sections_run_load_start__ = ALIGN (__vectors_ram_end__, 0x4)

.nrf_sections_run
                0x0000000020000000        0x0
                0x0000000020000000                __nrf_sections_run_start__ = .
                0x0000000020000000                __start_nrf_sections_run = __nrf_sections_run_start__
 *(.nrf_sections_run .nrf_sections_run.*)
                0x0000000020000000                __nrf_sections_run_end__ = (__nrf_sections_run_start__ + SIZEOF (.nrf_sections_run))
                0x0000000000000000                __nrf_sections_run_size__ = SIZEOF (.nrf_sections_run)
                0x0000000020000000                __nrf_sections_run_load_end__ = __nrf_sections_run_end__
                0x0000000000000001                . = ASSERT (((__nrf_sections_run_start__ == __nrf_sections_run_end__) || ((__nrf_sections_run_end__ - __RAM1_segment_start__) <= __RAM1_segment_size__)), error: .nrf_sections_run is too large to fit in RAM1 memory segment)
                0x0000000000000000                __vectors_load_start__ = 0x0

.vectors        0x0000000000000000      0x200
                0x0000000000000000                __vectors_start__ = .
 *(.vectors .vectors.*)
 .vectors       0x0000000000000000      0x200 Output/Debug/Obj/nfc_spk_pca10100/ses_startup_nrf52.o
                0x0000000000000000                _vectors
                0x0000000000000200                __vectors_end__ = (__vectors_start__ + SIZEOF (.vectors))
                0x0000000000000200                __vectors_size__ = SIZEOF (.vectors)
                0x0000000000000200                __vectors_load_end__ = __vectors_end__
                0x0000000000000001                . = ASSERT (((__vectors_start__ == __vectors_end__) || ((__vectors_end__ - __FLASH1_segment_start__) <= __FLASH1_segment_size__)), error: .vectors is too large to fit in FLASH1 memory segment)
                0x0000000000000200                __init_load_start__ = ALIGN (__vectors_end__, 0x4)

.init           0x0000000000000200      0x1cc
                0x0000000000000200                __init_start__ = .
 *(.init .init.*)
 .init          0x0000000000000200       0x18 Output/Debug/Obj/nfc_spk_pca10100/ses_startup_nrf52.o
                0x0000000000000200                NMI_Handler
                0x0000000000000204                MemoryManagement_Handler
                0x0000000000000206                BusFault_Handler
                0x0000000000000208                UsageFault_Handler
                0x000000000000020a                SVC_Handler
                0x000000000000020c                DebugMon_Handler
                0x000000000000020e                PendSV_Handler
                0x0000000000000210                SysTick_Handler
                0x0000000000000212                PWM1_IRQHandler
                0x0000000000000212                SWI0_EGU0_IRQHandler
                0x0000000000000212                POWER_CLOCK_IRQHandler
                0x0000000000000212                RADIO_IRQHandler
                0x0000000000000212                PDM_IRQHandler
                0x0000000000000212                TEMP_IRQHandler
                0x0000000000000212                QDEC_IRQHandler
                0x0000000000000212                RTC0_IRQHandler
                0x0000000000000212                FPU_IRQHandler
                0x0000000000000212                SWI2_EGU2_IRQHandler
                0x0000000000000212                TIMER4_IRQHandler
                0x0000000000000212                I2S_IRQHandler
                0x0000000000000212                SWI4_EGU4_IRQHandler
                0x0000000000000212                TIMER0_IRQHandler
                0x0000000000000212                Dummy_Handler
                0x0000000000000212                TIMER1_IRQHandler
                0x0000000000000212                PWM2_IRQHandler
                0x0000000000000212                ECB_IRQHandler
                0x0000000000000212                SPIM1_SPIS1_TWIM1_TWIS1_SPI1_TWI1_IRQHandler
                0x0000000000000212                SAADC_IRQHandler
                0x0000000000000212                CCM_AAR_IRQHandler
                0x0000000000000212                WDT_IRQHandler
                0x0000000000000212                TIMER3_IRQHandler
                0x0000000000000212                SWI5_EGU5_IRQHandler
                0x0000000000000212                RNG_IRQHandler
                0x0000000000000212                RTC2_IRQHandler
                0x0000000000000212                PWM0_IRQHandler
                0x0000000000000212                SWI3_EGU3_IRQHandler
                0x0000000000000212                SWI1_EGU1_IRQHandler
                0x0000000000000212                SPIM2_SPIS2_SPI2_IRQHandler
                0x0000000000000212                NFCT_IRQHandler
                0x0000000000000212                TIMER2_IRQHandler
                0x0000000000000212                MWU_IRQHandler
                0x0000000000000212                COMP_LPCOMP_IRQHandler
                0x0000000000000214                nRFInitialize
 .init          0x0000000000000218       0x5c Output/Debug/Obj/nfc_spk_pca10100/ses_startup_nrf_common.o
                0x0000000000000218                Reset_Handler
                0x000000000000021c                afterInitialize
                0x0000000000000240                InitializeUserMemorySections
 .init          0x0000000000000274      0x158 Output/Debug/Obj/nfc_spk_pca10100/thumb_crt0.o
                0x0000000000000274                _start
                0x0000000000000322                exit
                0x00000000000003cc                __init_end__ = (__init_start__ + SIZEOF (.init))
                0x00000000000001cc                __init_size__ = SIZEOF (.init)
                0x00000000000003cc                __init_load_end__ = __init_end__
                0x0000000000000001                . = ASSERT (((__init_start__ == __init_end__) || ((__init_end__ - __FLASH1_segment_start__) <= __FLASH1_segment_size__)), error: .init is too large to fit in FLASH1 memory segment)
                0x00000000000003cc                __init_rodata_load_start__ = ALIGN (__init_end__, 0x4)

.init_rodata    0x00000000000003cc        0x0
                0x00000000000003cc                __init_rodata_start__ = .
 *(.init_rodata .init_rodata.*)
                0x00000000000003cc                __init_rodata_end__ = (__init_rodata_start__ + SIZEOF (.init_rodata))
                0x0000000000000000                __init_rodata_size__ = SIZEOF (.init_rodata)
                0x00000000000003cc                __init_rodata_load_end__ = __init_rodata_end__
                0x0000000000000001                . = ASSERT (((__init_rodata_start__ == __init_rodata_end__) || ((__init_rodata_end__ - __FLASH1_segment_start__) <= __FLASH1_segment_size__)), error: .init_rodata is too large to fit in FLASH1 memory segment)
                0x00000000000003cc                __text_load_start__ = ALIGN (__init_rodata_end__, 0x4)

.text           0x00000000000003cc     0xd75c
                0x00000000000003cc                __text_start__ = .
 *(.text .text.* .gnu.linkonce.t.* .glue_7t .glue_7 .gcc_except_table .ARM.extab* .gnu.linkonce.armextab.*)
 .glue_7        0x00000000000003cc        0x0 linker stubs
 .glue_7t       0x00000000000003cc        0x0 linker stubs
 .text.nrfx_coredep_delay_us
                0x00000000000003cc       0x30 Output/Debug/Obj/nfc_spk_pca10100/main.o
 .text.nrf_drv_twi_enable
                0x00000000000003fc       0x18 Output/Debug/Obj/nfc_spk_pca10100/main.o
 .text.nrf_gpio_pin_port_decode
                0x0000000000000414       0x4c Output/Debug/Obj/nfc_spk_pca10100/main.o
 .text.nrf_gpio_cfg
                0x0000000000000460       0x62 Output/Debug/Obj/nfc_spk_pca10100/main.o
 .text.nrf_gpio_cfg_output
                0x00000000000004c2       0x22 Output/Debug/Obj/nfc_spk_pca10100/main.o
 .text.nrf_gpio_pin_clear
                0x00000000000004e4       0x28 Output/Debug/Obj/nfc_spk_pca10100/main.o
 .text.nrf_gpio_port_out_clear
                0x000000000000050c       0x14 Output/Debug/Obj/nfc_spk_pca10100/main.o
 .text.nrf_gpio_pin_present_check
                0x0000000000000520       0x50 Output/Debug/Obj/nfc_spk_pca10100/main.o
 .text.nrf_delay_ms
                0x0000000000000570       0x2a Output/Debug/Obj/nfc_spk_pca10100/main.o
 *fill*         0x000000000000059a        0x2 
 .text.utils_setup
                0x000000000000059c       0x80 Output/Debug/Obj/nfc_spk_pca10100/main.o
                0x000000000000059c                utils_setup
 .text.ndef_data_analyze
                0x000000000000061c       0x6c Output/Debug/Obj/nfc_spk_pca10100/main.o
                0x000000000000061c                ndef_data_analyze
 .text.t2t_data_read
                0x0000000000000688      0x108 Output/Debug/Obj/nfc_spk_pca10100/main.o
                0x0000000000000688                t2t_data_read
 .text.t2t_data_analyze
                0x0000000000000790       0xb0 Output/Debug/Obj/nfc_spk_pca10100/main.o
                0x0000000000000790                t2t_data_analyze
 .text.t2t_data_read_and_analyze
                0x0000000000000840       0x38 Output/Debug/Obj/nfc_spk_pca10100/main.o
                0x0000000000000840                t2t_data_read_and_analyze
 .text.t4t_data_read_and_analyze
                0x0000000000000878      0x19c Output/Debug/Obj/nfc_spk_pca10100/main.o
                0x0000000000000878                t4t_data_read_and_analyze
 .text.tag_type_identify
                0x0000000000000a14       0x3e Output/Debug/Obj/nfc_spk_pca10100/main.o
                0x0000000000000a14                tag_type_identify
 *fill*         0x0000000000000a52        0x2 
 .text.i2c_init
                0x0000000000000a54       0x5c Output/Debug/Obj/nfc_spk_pca10100/main.o
                0x0000000000000a54                i2c_init
 .text.pn532_init
                0x0000000000000ab0       0x1c Output/Debug/Obj/nfc_spk_pca10100/main.o
                0x0000000000000ab0                pn532_init
 .text.tag_detect_and_read
                0x0000000000000acc       0xb0 Output/Debug/Obj/nfc_spk_pca10100/main.o
                0x0000000000000acc                tag_detect_and_read
 .text.after_read_delay
                0x0000000000000b7c       0x34 Output/Debug/Obj/nfc_spk_pca10100/main.o
                0x0000000000000b7c                after_read_delay
 .text.button_event_handler
                0x0000000000000bb0      0x338 Output/Debug/Obj/nfc_spk_pca10100/main.o
                0x0000000000000bb0                button_event_handler
 .text.button_init
                0x0000000000000ee8       0xdc Output/Debug/Obj/nfc_spk_pca10100/main.o
 .text.after_found
                0x0000000000000fc4        0x4 Output/Debug/Obj/nfc_spk_pca10100/main.o
 .text.timer_handler
                0x0000000000000fc8       0x40 Output/Debug/Obj/nfc_spk_pca10100/main.o
 .text.display_idle
                0x0000000000001008       0x64 Output/Debug/Obj/nfc_spk_pca10100/main.o
 .text.display_start
                0x000000000000106c       0x78 Output/Debug/Obj/nfc_spk_pca10100/main.o
 .text.update_display_counter
                0x00000000000010e4      0x114 Output/Debug/Obj/nfc_spk_pca10100/main.o
 .text.update_display_choose_spk
                0x00000000000011f8       0xb0 Output/Debug/Obj/nfc_spk_pca10100/main.o
 .text.display_counting_done
                0x00000000000012a8       0x64 Output/Debug/Obj/nfc_spk_pca10100/main.o
 .text.update_display_state
                0x000000000000130c       0x74 Output/Debug/Obj/nfc_spk_pca10100/main.o
 .text.startup_spk_counter_eeprom
                0x0000000000001380      0x158 Output/Debug/Obj/nfc_spk_pca10100/main.o
 .text.main     0x00000000000014d8      0x250 Output/Debug/Obj/nfc_spk_pca10100/main.o
                0x00000000000014d8                main
 .text.__NVIC_SystemReset
                0x0000000000001728       0x28 Output/Debug/Obj/nfc_spk_pca10100/system_nrf52.o
 .text.nrf52_errata_36
                0x0000000000001750       0x50 Output/Debug/Obj/nfc_spk_pca10100/system_nrf52.o
 .text.nrf52_errata_66
                0x00000000000017a0       0x50 Output/Debug/Obj/nfc_spk_pca10100/system_nrf52.o
 .text.nrf52_errata_136
                0x00000000000017f0       0x50 Output/Debug/Obj/nfc_spk_pca10100/system_nrf52.o
 .text.nrf52_errata_249
                0x0000000000001840       0x50 Output/Debug/Obj/nfc_spk_pca10100/system_nrf52.o
 .text.nrf52_handle_approtect
                0x0000000000001890       0x20 Output/Debug/Obj/nfc_spk_pca10100/system_nrf52.o
 .text.nvmc_wait
                0x00000000000018b0       0x18 Output/Debug/Obj/nfc_spk_pca10100/system_nrf52.o
                0x00000000000018b0                nvmc_wait
 .text.nvmc_config
                0x00000000000018c8       0x20 Output/Debug/Obj/nfc_spk_pca10100/system_nrf52.o
                0x00000000000018c8                nvmc_config
 .text.SystemCoreClockUpdate
                0x00000000000018e8       0x14 Output/Debug/Obj/nfc_spk_pca10100/system_nrf52.o
                0x00000000000018e8                SystemCoreClockUpdate
 .text.SystemInit
                0x00000000000018fc      0x1bc Output/Debug/Obj/nfc_spk_pca10100/system_nrf52.o
                0x00000000000018fc                SystemInit
 .text.uint32_big_decode
                0x0000000000001ab8       0x2c Output/Debug/Obj/nfc_spk_pca10100/adafruit_pn532.o
 .text.nrfx_coredep_delay_us
                0x0000000000001ae4       0x30 Output/Debug/Obj/nfc_spk_pca10100/adafruit_pn532.o
 .text.nrf_drv_twi_tx
                0x0000000000001b14       0x40 Output/Debug/Obj/nfc_spk_pca10100/adafruit_pn532.o
 .text.nrf_drv_twi_rx
                0x0000000000001b54       0x38 Output/Debug/Obj/nfc_spk_pca10100/adafruit_pn532.o
 .text.nrf_gpio_pin_port_decode
                0x0000000000001b8c       0x4c Output/Debug/Obj/nfc_spk_pca10100/adafruit_pn532.o
 .text.nrf_gpio_cfg
                0x0000000000001bd8       0x62 Output/Debug/Obj/nfc_spk_pca10100/adafruit_pn532.o
 .text.nrf_gpio_cfg_input
                0x0000000000001c3a       0x2a Output/Debug/Obj/nfc_spk_pca10100/adafruit_pn532.o
 .text.nrf_gpio_pin_read
                0x0000000000001c64       0x2a Output/Debug/Obj/nfc_spk_pca10100/adafruit_pn532.o
 .text.nrf_gpio_port_in_read
                0x0000000000001c8e       0x10 Output/Debug/Obj/nfc_spk_pca10100/adafruit_pn532.o
 .text.nrf_gpio_pin_present_check
                0x0000000000001c9e       0x50 Output/Debug/Obj/nfc_spk_pca10100/adafruit_pn532.o
 .text.nrf_delay_ms
                0x0000000000001cee       0x2a Output/Debug/Obj/nfc_spk_pca10100/adafruit_pn532.o
 .text.adafruit_pn532_pin_setup
                0x0000000000001d18       0x24 Output/Debug/Obj/nfc_spk_pca10100/adafruit_pn532.o
 .text.adafruit_pn532_cs_complement_calc
                0x0000000000001d3c       0x16 Output/Debug/Obj/nfc_spk_pca10100/adafruit_pn532.o
 .text.adafruit_pn532_header_check
                0x0000000000001d52       0x6e Output/Debug/Obj/nfc_spk_pca10100/adafruit_pn532.o
 .text.adafruit_pn532_init
                0x0000000000001dc0       0xb8 Output/Debug/Obj/nfc_spk_pca10100/adafruit_pn532.o
                0x0000000000001dc0                adafruit_pn532_init
 .text.adafruit_pn532_tag_info_printout
                0x0000000000001e78       0x90 Output/Debug/Obj/nfc_spk_pca10100/adafruit_pn532.o
                0x0000000000001e78                adafruit_pn532_tag_info_printout
 .text.adafruit_pn532_firmware_version_get
                0x0000000000001f08       0x98 Output/Debug/Obj/nfc_spk_pca10100/adafruit_pn532.o
                0x0000000000001f08                adafruit_pn532_firmware_version_get
 .text.adafruit_pn532_cmd_send
                0x0000000000001fa0       0x74 Output/Debug/Obj/nfc_spk_pca10100/adafruit_pn532.o
                0x0000000000001fa0                adafruit_pn532_cmd_send
 .text.adafruit_pn532_sam_config
                0x0000000000002014       0x90 Output/Debug/Obj/nfc_spk_pca10100/adafruit_pn532.o
                0x0000000000002014                adafruit_pn532_sam_config
 .text.adafruit_pn532_passive_activation_retries_set
                0x00000000000020a4       0x50 Output/Debug/Obj/nfc_spk_pca10100/adafruit_pn532.o
                0x00000000000020a4                adafruit_pn532_passive_activation_retries_set
 .text.adafruit_pn532_nfc_a_target_init
                0x00000000000020f4      0x13c Output/Debug/Obj/nfc_spk_pca10100/adafruit_pn532.o
                0x00000000000020f4                adafruit_pn532_nfc_a_target_init
 .text.adafruit_pn532_in_data_exchange
                0x0000000000002230      0x12c Output/Debug/Obj/nfc_spk_pca10100/adafruit_pn532.o
                0x0000000000002230                adafruit_pn532_in_data_exchange
 .text.adafruit_pn532_tag2_read
                0x000000000000235c       0x44 Output/Debug/Obj/nfc_spk_pca10100/adafruit_pn532.o
                0x000000000000235c                adafruit_pn532_tag2_read
 .text.adafruit_pn532_ack_read
                0x00000000000023a0       0x70 Output/Debug/Obj/nfc_spk_pca10100/adafruit_pn532.o
                0x00000000000023a0                adafruit_pn532_ack_read
 .text.adafruit_pn532_is_ready
                0x0000000000002410       0x20 Output/Debug/Obj/nfc_spk_pca10100/adafruit_pn532.o
                0x0000000000002410                adafruit_pn532_is_ready
 .text.adafruit_pn532_waitready_ms
                0x0000000000002430       0x62 Output/Debug/Obj/nfc_spk_pca10100/adafruit_pn532.o
                0x0000000000002430                adafruit_pn532_waitready_ms
 *fill*         0x0000000000002492        0x2 
 .text.adafruit_pn532_data_read
                0x0000000000002494       0x84 Output/Debug/Obj/nfc_spk_pca10100/adafruit_pn532.o
                0x0000000000002494                adafruit_pn532_data_read
 .text.adafruit_pn532_command_write
                0x0000000000002518      0x10c Output/Debug/Obj/nfc_spk_pca10100/adafruit_pn532.o
                0x0000000000002518                adafruit_pn532_command_write
 .text.adafruit_pn532_field_switch
                0x0000000000002624       0x70 Output/Debug/Obj/nfc_spk_pca10100/adafruit_pn532.o
 .text.adafruit_pn532_field_off
                0x0000000000002694        0xe Output/Debug/Obj/nfc_spk_pca10100/adafruit_pn532.o
                0x0000000000002694                adafruit_pn532_field_off
 *fill*         0x00000000000026a2        0x2 
 .text.nrfx_coredep_delay_us
                0x00000000000026a4       0x30 Output/Debug/Obj/nfc_spk_pca10100/ssd1306_oled.o
 .text.nrf_delay_ms
                0x00000000000026d4       0x2a Output/Debug/Obj/nfc_spk_pca10100/ssd1306_oled.o
 *fill*         0x00000000000026fe        0x2 
 .text.nrf_gpio_pin_port_decode
                0x0000000000002700       0x4c Output/Debug/Obj/nfc_spk_pca10100/ssd1306_oled.o
 .text.nrf_gpio_pin_set
                0x000000000000274c       0x28 Output/Debug/Obj/nfc_spk_pca10100/ssd1306_oled.o
 .text.nrf_gpio_pin_clear
                0x0000000000002774       0x28 Output/Debug/Obj/nfc_spk_pca10100/ssd1306_oled.o
 .text.nrf_gpio_port_out_set
                0x000000000000279c       0x14 Output/Debug/Obj/nfc_spk_pca10100/ssd1306_oled.o
 .text.nrf_gpio_port_out_clear
                0x00000000000027b0       0x14 Output/Debug/Obj/nfc_spk_pca10100/ssd1306_oled.o
 .text.nrf_gpio_pin_present_check
                0x00000000000027c4       0x50 Output/Debug/Obj/nfc_spk_pca10100/ssd1306_oled.o
 .text.nrf_drv_twi_tx
                0x0000000000002814       0x40 Output/Debug/Obj/nfc_spk_pca10100/ssd1306_oled.o
 .text.nrf_drv_twi_tx_extended
                0x0000000000002854       0x36 Output/Debug/Obj/nfc_spk_pca10100/ssd1306_oled.o
 *fill*         0x000000000000288a        0x2 
 .text.ssd1306_width
                0x000000000000288c       0x10 Output/Debug/Obj/nfc_spk_pca10100/ssd1306_oled.o
                0x000000000000288c                ssd1306_width
 .text.ssd1306_height
                0x000000000000289c       0x10 Output/Debug/Obj/nfc_spk_pca10100/ssd1306_oled.o
                0x000000000000289c                ssd1306_height
 .text.is_initialized
                0x00000000000028ac       0x1c Output/Debug/Obj/nfc_spk_pca10100/ssd1306_oled.o
                0x00000000000028ac                is_initialized
 .text.ssd1306_init_i2c_2
                0x00000000000028c8       0x40 Output/Debug/Obj/nfc_spk_pca10100/ssd1306_oled.o
                0x00000000000028c8                ssd1306_init_i2c_2
 .text.ssd1306_command
                0x0000000000002908       0x68 Output/Debug/Obj/nfc_spk_pca10100/ssd1306_oled.o
                0x0000000000002908                ssd1306_command
 .text.ssd1306_begin
                0x0000000000002970      0x1d0 Output/Debug/Obj/nfc_spk_pca10100/ssd1306_oled.o
                0x0000000000002970                ssd1306_begin
 .text.ssd1306_draw_pixel
                0x0000000000002b40      0x1f8 Output/Debug/Obj/nfc_spk_pca10100/ssd1306_oled.o
                0x0000000000002b40                ssd1306_draw_pixel
 .text.ssd1306_display
                0x0000000000002d38       0xb4 Output/Debug/Obj/nfc_spk_pca10100/ssd1306_oled.o
                0x0000000000002d38                ssd1306_display
 .text.ssd1306_clear_display
                0x0000000000002dec       0x18 Output/Debug/Obj/nfc_spk_pca10100/ssd1306_oled.o
                0x0000000000002dec                ssd1306_clear_display
 .text.ssd1306_draw_fast_hline_internal
                0x0000000000002e04      0x148 Output/Debug/Obj/nfc_spk_pca10100/ssd1306_oled.o
                0x0000000000002e04                ssd1306_draw_fast_hline_internal
 .text.ssd1306_draw_fast_vline
                0x0000000000002f4c      0x158 Output/Debug/Obj/nfc_spk_pca10100/ssd1306_oled.o
                0x0000000000002f4c                ssd1306_draw_fast_vline
 .text.ssd1306_draw_fast_vline_internal
                0x00000000000030a4      0x1d4 Output/Debug/Obj/nfc_spk_pca10100/ssd1306_oled.o
                0x00000000000030a4                ssd1306_draw_fast_vline_internal
 .text.ssd1306_fill_rect
                0x0000000000003278       0x6a Output/Debug/Obj/nfc_spk_pca10100/ssd1306_oled.o
                0x0000000000003278                ssd1306_fill_rect
 *fill*         0x00000000000032e2        0x2 
 .text.ssd1306_draw_char
                0x00000000000032e4      0x240 Output/Debug/Obj/nfc_spk_pca10100/ssd1306_oled.o
                0x00000000000032e4                ssd1306_draw_char
 .text.nrf_drv_twi_tx
                0x0000000000003524       0x40 Output/Debug/Obj/nfc_spk_pca10100/eeprom.o
 .text.nrf_drv_twi_rx
                0x0000000000003564       0x38 Output/Debug/Obj/nfc_spk_pca10100/eeprom.o
 .text.eeprom_init
                0x000000000000359c       0x84 Output/Debug/Obj/nfc_spk_pca10100/eeprom.o
                0x000000000000359c                eeprom_init
 .text.eeprom_read_data
                0x0000000000003620       0xb4 Output/Debug/Obj/nfc_spk_pca10100/eeprom.o
                0x0000000000003620                eeprom_read_data
 .text.nrfx_coredep_delay_us
                0x00000000000036d4       0x30 Output/Debug/Obj/nfc_spk_pca10100/nrf_drv_twi.o
 .text.nrf_gpio_pin_port_decode
                0x0000000000003704       0x4c Output/Debug/Obj/nfc_spk_pca10100/nrf_drv_twi.o
 .text.nrf_gpio_pin_set
                0x0000000000003750       0x28 Output/Debug/Obj/nfc_spk_pca10100/nrf_drv_twi.o
 .text.nrf_gpio_pin_clear
                0x0000000000003778       0x28 Output/Debug/Obj/nfc_spk_pca10100/nrf_drv_twi.o
 .text.nrf_gpio_pin_read
                0x00000000000037a0       0x2a Output/Debug/Obj/nfc_spk_pca10100/nrf_drv_twi.o
 .text.nrf_gpio_port_in_read
                0x00000000000037ca       0x10 Output/Debug/Obj/nfc_spk_pca10100/nrf_drv_twi.o
 .text.nrf_gpio_port_out_set
                0x00000000000037da       0x14 Output/Debug/Obj/nfc_spk_pca10100/nrf_drv_twi.o
 .text.nrf_gpio_port_out_clear
                0x00000000000037ee       0x14 Output/Debug/Obj/nfc_spk_pca10100/nrf_drv_twi.o
 .text.nrf_gpio_pin_present_check
                0x0000000000003802       0x50 Output/Debug/Obj/nfc_spk_pca10100/nrf_drv_twi.o
 .text.twi_clear_bus
                0x0000000000003852       0xde Output/Debug/Obj/nfc_spk_pca10100/nrf_drv_twi.o
 .text.twi_evt_handler
                0x0000000000003930       0x6c Output/Debug/Obj/nfc_spk_pca10100/nrf_drv_twi.o
 .text.nrf_drv_twi_init
                0x000000000000399c       0x68 Output/Debug/Obj/nfc_spk_pca10100/nrf_drv_twi.o
                0x000000000000399c                nrf_drv_twi_init
 .text.uarte_evt_handler
                0x0000000000003a04       0x50 Output/Debug/Obj/nfc_spk_pca10100/nrf_drv_uart.o
 .text.uart_evt_handler
                0x0000000000003a54       0x50 Output/Debug/Obj/nfc_spk_pca10100/nrf_drv_uart.o
 .text.nrf_drv_uart_init
                0x0000000000003aa4       0xc0 Output/Debug/Obj/nfc_spk_pca10100/nrf_drv_uart.o
                0x0000000000003aa4                nrf_drv_uart_init
 .text.__NVIC_EnableIRQ
                0x0000000000003b64       0x34 Output/Debug/Obj/nfc_spk_pca10100/nrfx_gpiote.o
 .text.__NVIC_SetPriority
                0x0000000000003b98       0x50 Output/Debug/Obj/nfc_spk_pca10100/nrfx_gpiote.o
 .text.nrfx_get_irq_number
                0x0000000000003be8       0x10 Output/Debug/Obj/nfc_spk_pca10100/nrfx_gpiote.o
 .text._NRFX_IRQ_PRIORITY_SET
                0x0000000000003bf8       0x40 Output/Debug/Obj/nfc_spk_pca10100/nrfx_gpiote.o
 .text._NRFX_IRQ_ENABLE
                0x0000000000003c38       0x1c Output/Debug/Obj/nfc_spk_pca10100/nrfx_gpiote.o
 .text.nrf_gpiote_event_is_set
                0x0000000000003c54       0x2a Output/Debug/Obj/nfc_spk_pca10100/nrfx_gpiote.o
 .text.nrf_gpiote_event_clear
                0x0000000000003c7e       0x36 Output/Debug/Obj/nfc_spk_pca10100/nrfx_gpiote.o
 .text.nrf_gpiote_event_addr_get
                0x0000000000003cb4       0x1a Output/Debug/Obj/nfc_spk_pca10100/nrfx_gpiote.o
 *fill*         0x0000000000003cce        0x2 
 .text.nrf_gpiote_int_enable
                0x0000000000003cd0       0x18 Output/Debug/Obj/nfc_spk_pca10100/nrfx_gpiote.o
 .text.nrf_gpiote_int_is_enabled
                0x0000000000003ce8       0x18 Output/Debug/Obj/nfc_spk_pca10100/nrfx_gpiote.o
 .text.nrf_gpiote_event_enable
                0x0000000000003d00       0x2c Output/Debug/Obj/nfc_spk_pca10100/nrfx_gpiote.o
 .text.nrf_gpiote_event_configure
                0x0000000000003d2c       0x64 Output/Debug/Obj/nfc_spk_pca10100/nrfx_gpiote.o
 .text.nrf_gpiote_event_pin_get
                0x0000000000003d90       0x20 Output/Debug/Obj/nfc_spk_pca10100/nrfx_gpiote.o
 .text.nrf_gpiote_event_polarity_get
                0x0000000000003db0       0x24 Output/Debug/Obj/nfc_spk_pca10100/nrfx_gpiote.o
 .text.nrf_gpio_pin_port_decode
                0x0000000000003dd4       0x4c Output/Debug/Obj/nfc_spk_pca10100/nrfx_gpiote.o
 .text.nrf_gpio_cfg
                0x0000000000003e20       0x62 Output/Debug/Obj/nfc_spk_pca10100/nrfx_gpiote.o
 .text.nrf_gpio_cfg_input
                0x0000000000003e82       0x2a Output/Debug/Obj/nfc_spk_pca10100/nrfx_gpiote.o
 .text.nrf_gpio_cfg_watcher
                0x0000000000003eac       0x38 Output/Debug/Obj/nfc_spk_pca10100/nrfx_gpiote.o
 .text.nrf_gpio_cfg_sense_set
                0x0000000000003ee4       0x5c Output/Debug/Obj/nfc_spk_pca10100/nrfx_gpiote.o
 .text.nrf_gpio_pin_read
                0x0000000000003f40       0x2a Output/Debug/Obj/nfc_spk_pca10100/nrfx_gpiote.o
 .text.nrf_gpio_pin_sense_get
                0x0000000000003f6a       0x2c Output/Debug/Obj/nfc_spk_pca10100/nrfx_gpiote.o
 .text.nrf_gpio_port_in_read
                0x0000000000003f96       0x10 Output/Debug/Obj/nfc_spk_pca10100/nrfx_gpiote.o
 *fill*         0x0000000000003fa6        0x2 
 .text.nrf_gpio_latches_read_and_clear
                0x0000000000003fa8       0x68 Output/Debug/Obj/nfc_spk_pca10100/nrfx_gpiote.o
 .text.nrf_gpio_pin_latch_clear
                0x0000000000004010       0x28 Output/Debug/Obj/nfc_spk_pca10100/nrfx_gpiote.o
 .text.nrf_gpio_pin_present_check
                0x0000000000004038       0x50 Output/Debug/Obj/nfc_spk_pca10100/nrfx_gpiote.o
 .text.nrf_bitmask_bit_is_set
                0x0000000000004088       0x30 Output/Debug/Obj/nfc_spk_pca10100/nrfx_gpiote.o
 .text.nrf_bitmask_bit_set
                0x00000000000040b8       0x40 Output/Debug/Obj/nfc_spk_pca10100/nrfx_gpiote.o
 .text.pin_in_use_by_te
                0x00000000000040f8       0x3c Output/Debug/Obj/nfc_spk_pca10100/nrfx_gpiote.o
 .text.pin_in_use_by_port
                0x0000000000004134       0x24 Output/Debug/Obj/nfc_spk_pca10100/nrfx_gpiote.o
 .text.pin_in_use_by_gpiote
                0x0000000000004158       0x24 Output/Debug/Obj/nfc_spk_pca10100/nrfx_gpiote.o
 .text.pin_in_use_by_te_set
                0x000000000000417c       0x50 Output/Debug/Obj/nfc_spk_pca10100/nrfx_gpiote.o
 .text.pin_in_use_clear
                0x00000000000041cc       0x1c Output/Debug/Obj/nfc_spk_pca10100/nrfx_gpiote.o
 .text.pin_configured_set
                0x00000000000041e8       0x1c Output/Debug/Obj/nfc_spk_pca10100/nrfx_gpiote.o
 .text.channel_port_get
                0x0000000000004204       0x1c Output/Debug/Obj/nfc_spk_pca10100/nrfx_gpiote.o
 .text.channel_handler_get
                0x0000000000004220       0x18 Output/Debug/Obj/nfc_spk_pca10100/nrfx_gpiote.o
 .text.port_handler_pin_get
                0x0000000000004238       0x28 Output/Debug/Obj/nfc_spk_pca10100/nrfx_gpiote.o
 .text.port_handler_polarity_get
                0x0000000000004260       0x28 Output/Debug/Obj/nfc_spk_pca10100/nrfx_gpiote.o
 .text.channel_port_alloc
                0x0000000000004288       0x7c Output/Debug/Obj/nfc_spk_pca10100/nrfx_gpiote.o
 .text.channel_free
                0x0000000000004304       0x38 Output/Debug/Obj/nfc_spk_pca10100/nrfx_gpiote.o
 .text.nrfx_gpiote_init
                0x000000000000433c       0xc8 Output/Debug/Obj/nfc_spk_pca10100/nrfx_gpiote.o
                0x000000000000433c                nrfx_gpiote_init
 .text.nrfx_gpiote_is_init
                0x0000000000004404       0x18 Output/Debug/Obj/nfc_spk_pca10100/nrfx_gpiote.o
                0x0000000000004404                nrfx_gpiote_is_init
 .text.nrfx_gpiote_in_init
                0x000000000000441c       0xf8 Output/Debug/Obj/nfc_spk_pca10100/nrfx_gpiote.o
                0x000000000000441c                nrfx_gpiote_in_init
 .text.nrfx_gpiote_in_event_enable
                0x0000000000004514      0x108 Output/Debug/Obj/nfc_spk_pca10100/nrfx_gpiote.o
                0x0000000000004514                nrfx_gpiote_in_event_enable
 .text.nrfx_gpiote_in_is_set
                0x000000000000461c       0x3c Output/Debug/Obj/nfc_spk_pca10100/nrfx_gpiote.o
                0x000000000000461c                nrfx_gpiote_in_is_set
 .text.latch_pending_read_and_check
                0x0000000000004658       0x3e Output/Debug/Obj/nfc_spk_pca10100/nrfx_gpiote.o
 *fill*         0x0000000000004696        0x2 
 .text.port_event_handle
                0x0000000000004698       0xe4 Output/Debug/Obj/nfc_spk_pca10100/nrfx_gpiote.o
 .text.GPIOTE_IRQHandler
                0x000000000000477c      0x108 Output/Debug/Obj/nfc_spk_pca10100/nrfx_gpiote.o
                0x000000000000477c                GPIOTE_IRQHandler
 .text.UARTE0_UART0_IRQHandler
                0x0000000000004884       0x24 Output/Debug/Obj/nfc_spk_pca10100/nrfx_prs.o
                0x0000000000004884                UARTE0_UART0_IRQHandler
 .text.prs_box_get
                0x00000000000048a8       0x20 Output/Debug/Obj/nfc_spk_pca10100/nrfx_prs.o
 .text.nrfx_prs_acquire
                0x00000000000048c8       0x74 Output/Debug/Obj/nfc_spk_pca10100/nrfx_prs.o
                0x00000000000048c8                nrfx_prs_acquire
 .text.nrfx_prs_release
                0x000000000000493c       0x3c Output/Debug/Obj/nfc_spk_pca10100/nrfx_prs.o
                0x000000000000493c                nrfx_prs_release
 .text.__NVIC_EnableIRQ
                0x0000000000004978       0x34 Output/Debug/Obj/nfc_spk_pca10100/nrfx_twi.o
 .text.__NVIC_SetPriority
                0x00000000000049ac       0x50 Output/Debug/Obj/nfc_spk_pca10100/nrfx_twi.o
 .text.nrfx_get_irq_number
                0x00000000000049fc       0x10 Output/Debug/Obj/nfc_spk_pca10100/nrfx_twi.o
 .text._NRFX_IRQ_PRIORITY_SET
                0x0000000000004a0c       0x40 Output/Debug/Obj/nfc_spk_pca10100/nrfx_twi.o
 .text._NRFX_IRQ_ENABLE
                0x0000000000004a4c       0x1c Output/Debug/Obj/nfc_spk_pca10100/nrfx_twi.o
 .text.nrf_twi_task_trigger
                0x0000000000004a68       0x1c Output/Debug/Obj/nfc_spk_pca10100/nrfx_twi.o
 .text.nrf_twi_event_clear
                0x0000000000004a84       0x2a Output/Debug/Obj/nfc_spk_pca10100/nrfx_twi.o
 .text.nrf_twi_event_check
                0x0000000000004aae       0x24 Output/Debug/Obj/nfc_spk_pca10100/nrfx_twi.o
 .text.nrf_twi_int_enable
                0x0000000000004ad2       0x14 Output/Debug/Obj/nfc_spk_pca10100/nrfx_twi.o
 .text.nrf_twi_int_disable
                0x0000000000004ae6       0x14 Output/Debug/Obj/nfc_spk_pca10100/nrfx_twi.o
 .text.nrf_twi_enable
                0x0000000000004afa       0x12 Output/Debug/Obj/nfc_spk_pca10100/nrfx_twi.o
 .text.nrf_twi_disable
                0x0000000000004b0c       0x12 Output/Debug/Obj/nfc_spk_pca10100/nrfx_twi.o
 .text.nrf_twi_pins_set
                0x0000000000004b1e       0x1e Output/Debug/Obj/nfc_spk_pca10100/nrfx_twi.o
 .text.nrf_twi_frequency_set
                0x0000000000004b3c       0x14 Output/Debug/Obj/nfc_spk_pca10100/nrfx_twi.o
 .text.nrf_twi_errorsrc_get_and_clear
                0x0000000000004b50       0x1c Output/Debug/Obj/nfc_spk_pca10100/nrfx_twi.o
 .text.nrf_twi_address_set
                0x0000000000004b6c       0x1a Output/Debug/Obj/nfc_spk_pca10100/nrfx_twi.o
 .text.nrf_twi_rxd_get
                0x0000000000004b86       0x12 Output/Debug/Obj/nfc_spk_pca10100/nrfx_twi.o
 .text.nrf_twi_txd_set
                0x0000000000004b98       0x1a Output/Debug/Obj/nfc_spk_pca10100/nrfx_twi.o
 .text.nrf_twi_shorts_set
                0x0000000000004bb2       0x14 Output/Debug/Obj/nfc_spk_pca10100/nrfx_twi.o
 *fill*         0x0000000000004bc6        0x2 
 .text.nrf_gpio_pin_port_decode
                0x0000000000004bc8       0x4c Output/Debug/Obj/nfc_spk_pca10100/nrfx_twi.o
 .text.nrf_gpio_cfg
                0x0000000000004c14       0x62 Output/Debug/Obj/nfc_spk_pca10100/nrfx_twi.o
 .text.nrf_gpio_pin_present_check
                0x0000000000004c76       0x50 Output/Debug/Obj/nfc_spk_pca10100/nrfx_twi.o
 .text.twi_process_error
                0x0000000000004cc6       0x40 Output/Debug/Obj/nfc_spk_pca10100/nrfx_twi.o
 .text.xfer_completeness_check
                0x0000000000004d06       0x2e Output/Debug/Obj/nfc_spk_pca10100/nrfx_twi.o
 .text.nrfx_twi_init
                0x0000000000004d34      0x154 Output/Debug/Obj/nfc_spk_pca10100/nrfx_twi.o
                0x0000000000004d34                nrfx_twi_init
 .text.nrfx_twi_enable
                0x0000000000004e88       0x54 Output/Debug/Obj/nfc_spk_pca10100/nrfx_twi.o
                0x0000000000004e88                nrfx_twi_enable
 .text.twi_send_byte
                0x0000000000004edc       0x72 Output/Debug/Obj/nfc_spk_pca10100/nrfx_twi.o
 .text.twi_receive_byte
                0x0000000000004f4e       0xa6 Output/Debug/Obj/nfc_spk_pca10100/nrfx_twi.o
 .text.twi_transfer
                0x0000000000004ff4      0x19e Output/Debug/Obj/nfc_spk_pca10100/nrfx_twi.o
 *fill*         0x0000000000005192        0x2 
 .text.twi_tx_start_transfer
                0x0000000000005194       0xf4 Output/Debug/Obj/nfc_spk_pca10100/nrfx_twi.o
 .text.twi_rx_start_transfer
                0x0000000000005288      0x108 Output/Debug/Obj/nfc_spk_pca10100/nrfx_twi.o
 .text.twi_xfer
                0x0000000000005390      0x10c Output/Debug/Obj/nfc_spk_pca10100/nrfx_twi.o
 .text.nrfx_twi_xfer
                0x000000000000549c       0x78 Output/Debug/Obj/nfc_spk_pca10100/nrfx_twi.o
                0x000000000000549c                nrfx_twi_xfer
 .text.nrfx_twi_tx
                0x0000000000005514       0x50 Output/Debug/Obj/nfc_spk_pca10100/nrfx_twi.o
                0x0000000000005514                nrfx_twi_tx
 .text.nrfx_twi_rx
                0x0000000000005564       0x44 Output/Debug/Obj/nfc_spk_pca10100/nrfx_twi.o
                0x0000000000005564                nrfx_twi_rx
 .text.twi_irq_handler
                0x00000000000055a8      0x140 Output/Debug/Obj/nfc_spk_pca10100/nrfx_twi.o
 .text.SPIM0_SPIS0_TWIM0_TWIS0_SPI0_TWI0_IRQHandler
                0x00000000000056e8       0x18 Output/Debug/Obj/nfc_spk_pca10100/nrfx_twi.o
                0x00000000000056e8                SPIM0_SPIS0_TWIM0_TWIS0_SPI0_TWI0_IRQHandler
 .text.__NVIC_EnableIRQ
                0x0000000000005700       0x34 Output/Debug/Obj/nfc_spk_pca10100/nrfx_uart.o
 .text.__NVIC_DisableIRQ
                0x0000000000005734       0x44 Output/Debug/Obj/nfc_spk_pca10100/nrfx_uart.o
 .text.__NVIC_SetPriority
                0x0000000000005778       0x50 Output/Debug/Obj/nfc_spk_pca10100/nrfx_uart.o
 .text.nrfx_get_irq_number
                0x00000000000057c8       0x10 Output/Debug/Obj/nfc_spk_pca10100/nrfx_uart.o
 .text._NRFX_IRQ_PRIORITY_SET
                0x00000000000057d8       0x40 Output/Debug/Obj/nfc_spk_pca10100/nrfx_uart.o
 .text._NRFX_IRQ_ENABLE
                0x0000000000005818       0x1c Output/Debug/Obj/nfc_spk_pca10100/nrfx_uart.o
 .text._NRFX_IRQ_DISABLE
                0x0000000000005834       0x1c Output/Debug/Obj/nfc_spk_pca10100/nrfx_uart.o
 .text.nrf_uart_event_clear
                0x0000000000005850       0x2a Output/Debug/Obj/nfc_spk_pca10100/nrfx_uart.o
 .text.nrf_uart_event_check
                0x000000000000587a       0x24 Output/Debug/Obj/nfc_spk_pca10100/nrfx_uart.o
 .text.nrf_uart_int_enable
                0x000000000000589e       0x14 Output/Debug/Obj/nfc_spk_pca10100/nrfx_uart.o
 .text.nrf_uart_int_enable_check
                0x00000000000058b2       0x20 Output/Debug/Obj/nfc_spk_pca10100/nrfx_uart.o
 .text.nrf_uart_int_disable
                0x00000000000058d2       0x14 Output/Debug/Obj/nfc_spk_pca10100/nrfx_uart.o
 .text.nrf_uart_errorsrc_get_and_clear
                0x00000000000058e6       0x1c Output/Debug/Obj/nfc_spk_pca10100/nrfx_uart.o
 .text.nrf_uart_enable
                0x0000000000005902       0x12 Output/Debug/Obj/nfc_spk_pca10100/nrfx_uart.o
 .text.nrf_uart_disable
                0x0000000000005914       0x12 Output/Debug/Obj/nfc_spk_pca10100/nrfx_uart.o
 .text.nrf_uart_txrx_pins_set
                0x0000000000005926       0x1e Output/Debug/Obj/nfc_spk_pca10100/nrfx_uart.o
 .text.nrf_uart_txrx_pins_disconnect
                0x0000000000005944       0x1c Output/Debug/Obj/nfc_spk_pca10100/nrfx_uart.o
 .text.nrf_uart_tx_pin_get
                0x0000000000005960       0x10 Output/Debug/Obj/nfc_spk_pca10100/nrfx_uart.o
 .text.nrf_uart_rx_pin_get
                0x0000000000005970       0x10 Output/Debug/Obj/nfc_spk_pca10100/nrfx_uart.o
 .text.nrf_uart_rts_pin_get
                0x0000000000005980       0x10 Output/Debug/Obj/nfc_spk_pca10100/nrfx_uart.o
 .text.nrf_uart_cts_pin_get
                0x0000000000005990       0x10 Output/Debug/Obj/nfc_spk_pca10100/nrfx_uart.o
 .text.nrf_uart_hwfc_pins_set
                0x00000000000059a0       0x1e Output/Debug/Obj/nfc_spk_pca10100/nrfx_uart.o
 .text.nrf_uart_hwfc_pins_disconnect
                0x00000000000059be       0x1c Output/Debug/Obj/nfc_spk_pca10100/nrfx_uart.o
 .text.nrf_uart_rxd_get
                0x00000000000059da       0x12 Output/Debug/Obj/nfc_spk_pca10100/nrfx_uart.o
 .text.nrf_uart_txd_set
                0x00000000000059ec       0x1a Output/Debug/Obj/nfc_spk_pca10100/nrfx_uart.o
 .text.nrf_uart_task_trigger
                0x0000000000005a06       0x1c Output/Debug/Obj/nfc_spk_pca10100/nrfx_uart.o
 .text.nrf_uart_configure
                0x0000000000005a22       0x2a Output/Debug/Obj/nfc_spk_pca10100/nrfx_uart.o
 .text.nrf_uart_baudrate_set
                0x0000000000005a4c       0x14 Output/Debug/Obj/nfc_spk_pca10100/nrfx_uart.o
 .text.nrf_gpio_pin_port_decode
                0x0000000000005a60       0x4c Output/Debug/Obj/nfc_spk_pca10100/nrfx_uart.o
 .text.nrf_gpio_cfg
                0x0000000000005aac       0x62 Output/Debug/Obj/nfc_spk_pca10100/nrfx_uart.o
 .text.nrf_gpio_cfg_output
                0x0000000000005b0e       0x22 Output/Debug/Obj/nfc_spk_pca10100/nrfx_uart.o
 .text.nrf_gpio_cfg_input
                0x0000000000005b30       0x2a Output/Debug/Obj/nfc_spk_pca10100/nrfx_uart.o
 .text.nrf_gpio_cfg_default
                0x0000000000005b5a       0x22 Output/Debug/Obj/nfc_spk_pca10100/nrfx_uart.o
 .text.nrf_gpio_pin_set
                0x0000000000005b7c       0x28 Output/Debug/Obj/nfc_spk_pca10100/nrfx_uart.o
 .text.nrf_gpio_port_out_set
                0x0000000000005ba4       0x14 Output/Debug/Obj/nfc_spk_pca10100/nrfx_uart.o
 .text.nrf_gpio_pin_present_check
                0x0000000000005bb8       0x50 Output/Debug/Obj/nfc_spk_pca10100/nrfx_uart.o
 .text.apply_config
                0x0000000000005c08       0xc6 Output/Debug/Obj/nfc_spk_pca10100/nrfx_uart.o
 *fill*         0x0000000000005cce        0x2 
 .text.interrupts_enable
                0x0000000000005cd0       0x6c Output/Debug/Obj/nfc_spk_pca10100/nrfx_uart.o
 .text.interrupts_disable
                0x0000000000005d3c       0x30 Output/Debug/Obj/nfc_spk_pca10100/nrfx_uart.o
 .text.pins_to_default
                0x0000000000005d6c       0x8a Output/Debug/Obj/nfc_spk_pca10100/nrfx_uart.o
 *fill*         0x0000000000005df6        0x2 
 .text.nrfx_uart_init
                0x0000000000005df8       0xd4 Output/Debug/Obj/nfc_spk_pca10100/nrfx_uart.o
                0x0000000000005df8                nrfx_uart_init
 .text.nrfx_uart_uninit
                0x0000000000005ecc       0x5c Output/Debug/Obj/nfc_spk_pca10100/nrfx_uart.o
                0x0000000000005ecc                nrfx_uart_uninit
 .text.tx_byte  0x0000000000005f28       0x40 Output/Debug/Obj/nfc_spk_pca10100/nrfx_uart.o
 .text.tx_blocking
                0x0000000000005f68       0x52 Output/Debug/Obj/nfc_spk_pca10100/nrfx_uart.o
 *fill*         0x0000000000005fba        0x2 
 .text.nrfx_uart_tx
                0x0000000000005fbc      0x110 Output/Debug/Obj/nfc_spk_pca10100/nrfx_uart.o
                0x0000000000005fbc                nrfx_uart_tx
 .text.nrfx_uart_tx_in_progress
                0x00000000000060cc       0x2c Output/Debug/Obj/nfc_spk_pca10100/nrfx_uart.o
                0x00000000000060cc                nrfx_uart_tx_in_progress
 .text.rx_byte  0x00000000000060f8       0x4e Output/Debug/Obj/nfc_spk_pca10100/nrfx_uart.o
 .text.rx_done_event
                0x0000000000006146       0x2e Output/Debug/Obj/nfc_spk_pca10100/nrfx_uart.o
 .text.tx_done_event
                0x0000000000006174       0x34 Output/Debug/Obj/nfc_spk_pca10100/nrfx_uart.o
 .text.uart_irq_handler
                0x00000000000061a8      0x1de Output/Debug/Obj/nfc_spk_pca10100/nrfx_uart.o
 *fill*         0x0000000000006386        0x2 
 .text.nrfx_uart_0_irq_handler
                0x0000000000006388       0x18 Output/Debug/Obj/nfc_spk_pca10100/nrfx_uart.o
                0x0000000000006388                nrfx_uart_0_irq_handler
 .text.__NVIC_EnableIRQ
                0x00000000000063a0       0x34 Output/Debug/Obj/nfc_spk_pca10100/nrfx_uarte.o
 .text.__NVIC_DisableIRQ
                0x00000000000063d4       0x44 Output/Debug/Obj/nfc_spk_pca10100/nrfx_uarte.o
 .text.__NVIC_SetPriority
                0x0000000000006418       0x50 Output/Debug/Obj/nfc_spk_pca10100/nrfx_uarte.o
 .text.nrfx_is_in_ram
                0x0000000000006468       0x1c Output/Debug/Obj/nfc_spk_pca10100/nrfx_uarte.o
 .text.nrfx_get_irq_number
                0x0000000000006484       0x10 Output/Debug/Obj/nfc_spk_pca10100/nrfx_uarte.o
 .text._NRFX_IRQ_PRIORITY_SET
                0x0000000000006494       0x40 Output/Debug/Obj/nfc_spk_pca10100/nrfx_uarte.o
 .text._NRFX_IRQ_ENABLE
                0x00000000000064d4       0x1c Output/Debug/Obj/nfc_spk_pca10100/nrfx_uarte.o
 .text._NRFX_IRQ_DISABLE
                0x00000000000064f0       0x1c Output/Debug/Obj/nfc_spk_pca10100/nrfx_uarte.o
 .text.nrf_uarte_event_clear
                0x000000000000650c       0x2a Output/Debug/Obj/nfc_spk_pca10100/nrfx_uarte.o
 .text.nrf_uarte_event_check
                0x0000000000006536       0x24 Output/Debug/Obj/nfc_spk_pca10100/nrfx_uarte.o
 .text.nrf_uarte_shorts_disable
                0x000000000000655a       0x1e Output/Debug/Obj/nfc_spk_pca10100/nrfx_uarte.o
 .text.nrf_uarte_int_enable
                0x0000000000006578       0x14 Output/Debug/Obj/nfc_spk_pca10100/nrfx_uarte.o
 .text.nrf_uarte_int_disable
                0x000000000000658c       0x14 Output/Debug/Obj/nfc_spk_pca10100/nrfx_uarte.o
 .text.nrf_uarte_errorsrc_get_and_clear
                0x00000000000065a0       0x1c Output/Debug/Obj/nfc_spk_pca10100/nrfx_uarte.o
 .text.nrf_uarte_enable
                0x00000000000065bc       0x12 Output/Debug/Obj/nfc_spk_pca10100/nrfx_uarte.o
 .text.nrf_uarte_disable
                0x00000000000065ce       0x12 Output/Debug/Obj/nfc_spk_pca10100/nrfx_uarte.o
 .text.nrf_uarte_txrx_pins_set
                0x00000000000065e0       0x1e Output/Debug/Obj/nfc_spk_pca10100/nrfx_uarte.o
 .text.nrf_uarte_txrx_pins_disconnect
                0x00000000000065fe       0x1c Output/Debug/Obj/nfc_spk_pca10100/nrfx_uarte.o
 .text.nrf_uarte_tx_pin_get
                0x000000000000661a       0x10 Output/Debug/Obj/nfc_spk_pca10100/nrfx_uarte.o
 .text.nrf_uarte_rx_pin_get
                0x000000000000662a       0x10 Output/Debug/Obj/nfc_spk_pca10100/nrfx_uarte.o
 .text.nrf_uarte_rts_pin_get
                0x000000000000663a       0x10 Output/Debug/Obj/nfc_spk_pca10100/nrfx_uarte.o
 .text.nrf_uarte_cts_pin_get
                0x000000000000664a       0x10 Output/Debug/Obj/nfc_spk_pca10100/nrfx_uarte.o
 .text.nrf_uarte_hwfc_pins_set
                0x000000000000665a       0x1e Output/Debug/Obj/nfc_spk_pca10100/nrfx_uarte.o
 .text.nrf_uarte_hwfc_pins_disconnect
                0x0000000000006678       0x1c Output/Debug/Obj/nfc_spk_pca10100/nrfx_uarte.o
 .text.nrf_uarte_task_trigger
                0x0000000000006694       0x1c Output/Debug/Obj/nfc_spk_pca10100/nrfx_uarte.o
 .text.nrf_uarte_configure
                0x00000000000066b0       0x2a Output/Debug/Obj/nfc_spk_pca10100/nrfx_uarte.o
 .text.nrf_uarte_baudrate_set
                0x00000000000066da       0x14 Output/Debug/Obj/nfc_spk_pca10100/nrfx_uarte.o
 .text.nrf_uarte_tx_buffer_set
                0x00000000000066ee       0x1e Output/Debug/Obj/nfc_spk_pca10100/nrfx_uarte.o
 .text.nrf_uarte_tx_amount_get
                0x000000000000670c       0x10 Output/Debug/Obj/nfc_spk_pca10100/nrfx_uarte.o
 .text.nrf_uarte_rx_amount_get
                0x000000000000671c       0x10 Output/Debug/Obj/nfc_spk_pca10100/nrfx_uarte.o
 .text.nrf_gpio_pin_port_decode
                0x000000000000672c       0x4c Output/Debug/Obj/nfc_spk_pca10100/nrfx_uarte.o
 .text.nrf_gpio_cfg
                0x0000000000006778       0x62 Output/Debug/Obj/nfc_spk_pca10100/nrfx_uarte.o
 .text.nrf_gpio_cfg_output
                0x00000000000067da       0x22 Output/Debug/Obj/nfc_spk_pca10100/nrfx_uarte.o
 .text.nrf_gpio_cfg_input
                0x00000000000067fc       0x2a Output/Debug/Obj/nfc_spk_pca10100/nrfx_uarte.o
 .text.nrf_gpio_cfg_default
                0x0000000000006826       0x22 Output/Debug/Obj/nfc_spk_pca10100/nrfx_uarte.o
 .text.nrf_gpio_pin_set
                0x0000000000006848       0x28 Output/Debug/Obj/nfc_spk_pca10100/nrfx_uarte.o
 .text.nrf_gpio_port_out_set
                0x0000000000006870       0x14 Output/Debug/Obj/nfc_spk_pca10100/nrfx_uarte.o
 .text.nrf_gpio_pin_present_check
                0x0000000000006884       0x50 Output/Debug/Obj/nfc_spk_pca10100/nrfx_uarte.o
 .text.apply_config
                0x00000000000068d4       0xc6 Output/Debug/Obj/nfc_spk_pca10100/nrfx_uarte.o
 *fill*         0x000000000000699a        0x2 
 .text.interrupts_enable
                0x000000000000699c       0x98 Output/Debug/Obj/nfc_spk_pca10100/nrfx_uarte.o
 .text.interrupts_disable
                0x0000000000006a34       0x30 Output/Debug/Obj/nfc_spk_pca10100/nrfx_uarte.o
 .text.pins_to_default
                0x0000000000006a64       0x8a Output/Debug/Obj/nfc_spk_pca10100/nrfx_uarte.o
 *fill*         0x0000000000006aee        0x2 
 .text.nrfx_uarte_init
                0x0000000000006af0       0xcc Output/Debug/Obj/nfc_spk_pca10100/nrfx_uarte.o
                0x0000000000006af0                nrfx_uarte_init
 .text.nrfx_uarte_uninit
                0x0000000000006bbc       0xc4 Output/Debug/Obj/nfc_spk_pca10100/nrfx_uarte.o
                0x0000000000006bbc                nrfx_uarte_uninit
 .text.nrfx_uarte_tx
                0x0000000000006c80      0x180 Output/Debug/Obj/nfc_spk_pca10100/nrfx_uarte.o
                0x0000000000006c80                nrfx_uarte_tx
 .text.nrfx_uarte_tx_in_progress
                0x0000000000006e00       0x30 Output/Debug/Obj/nfc_spk_pca10100/nrfx_uarte.o
                0x0000000000006e00                nrfx_uarte_tx_in_progress
 .text.rx_done_event
                0x0000000000006e30       0x2e Output/Debug/Obj/nfc_spk_pca10100/nrfx_uarte.o
 .text.tx_done_event
                0x0000000000006e5e       0x34 Output/Debug/Obj/nfc_spk_pca10100/nrfx_uarte.o
 .text.uarte_irq_handler
                0x0000000000006e92      0x18c Output/Debug/Obj/nfc_spk_pca10100/nrfx_uarte.o
 *fill*         0x000000000000701e        0x2 
 .text.nrfx_uarte_0_irq_handler
                0x0000000000007020       0x18 Output/Debug/Obj/nfc_spk_pca10100/nrfx_uarte.o
                0x0000000000007020                nrfx_uarte_0_irq_handler
 .text.state_get
                0x0000000000007038       0x4c Output/Debug/Obj/nfc_spk_pca10100/app_button.o
 .text.state_set
                0x0000000000007084       0x98 Output/Debug/Obj/nfc_spk_pca10100/app_button.o
 .text.button_get
                0x000000000000711c       0x5c Output/Debug/Obj/nfc_spk_pca10100/app_button.o
 .text.usr_event
                0x0000000000007178       0x44 Output/Debug/Obj/nfc_spk_pca10100/app_button.o
 .text.evt_handle
                0x00000000000071bc      0x19c Output/Debug/Obj/nfc_spk_pca10100/app_button.o
                0x00000000000071bc                evt_handle
 .text.timer_start
                0x0000000000007358       0x28 Output/Debug/Obj/nfc_spk_pca10100/app_button.o
 .text.detection_delay_timeout_handler
                0x0000000000007380       0x8c Output/Debug/Obj/nfc_spk_pca10100/app_button.o
 .text.gpiote_event_handler
                0x000000000000740c       0x6c Output/Debug/Obj/nfc_spk_pca10100/app_button.o
 .text.app_button_init
                0x0000000000007478      0x110 Output/Debug/Obj/nfc_spk_pca10100/app_button.o
                0x0000000000007478                app_button_init
 .text.app_button_enable
                0x0000000000007588       0x58 Output/Debug/Obj/nfc_spk_pca10100/app_button.o
                0x0000000000007588                app_button_enable
 .text.app_error_save_and_stop
                0x00000000000075e0       0x98 Output/Debug/Obj/nfc_spk_pca10100/app_error.o
                0x00000000000075e0                app_error_save_and_stop
 .text.app_error_handler
                0x0000000000007678       0x1c Output/Debug/Obj/nfc_spk_pca10100/app_error_handler_gcc.o
                0x0000000000007678                app_error_handler
 .text.app_error_fault_handler
                0x0000000000007694      0x104 Output/Debug/Obj/nfc_spk_pca10100/app_error_weak.o
                0x0000000000007694                app_error_fault_handler
 .text.get_now  0x0000000000007798       0x64 Output/Debug/Obj/nfc_spk_pca10100/app_timer2.o
 .text.compare_func
                0x00000000000077fc       0x3e Output/Debug/Obj/nfc_spk_pca10100/app_timer2.o
 *fill*         0x000000000000783a        0x2 
 .text.timer_expire
                0x000000000000783c      0x10c Output/Debug/Obj/nfc_spk_pca10100/app_timer2.o
 .text.rtc_schedule
                0x0000000000007948       0xa8 Output/Debug/Obj/nfc_spk_pca10100/app_timer2.o
 .text.sortlist_pop
                0x00000000000079f0       0x1c Output/Debug/Obj/nfc_spk_pca10100/app_timer2.o
 .text.sortlist_peek
                0x0000000000007a0c       0x1c Output/Debug/Obj/nfc_spk_pca10100/app_timer2.o
 .text.sorted_list_stop_all
                0x0000000000007a28       0x2e Output/Debug/Obj/nfc_spk_pca10100/app_timer2.o
 *fill*         0x0000000000007a56        0x2 
 .text.on_overflow_evt
                0x0000000000007a58       0x1c Output/Debug/Obj/nfc_spk_pca10100/app_timer2.o
 .text.on_compare_evt
                0x0000000000007a74       0x58 Output/Debug/Obj/nfc_spk_pca10100/app_timer2.o
 .text.on_compare1_evt
                0x0000000000007acc       0x20 Output/Debug/Obj/nfc_spk_pca10100/app_timer2.o
 .text.rtc_update
                0x0000000000007aec       0xf4 Output/Debug/Obj/nfc_spk_pca10100/app_timer2.o
 .text.timer_req_process
                0x0000000000007be0       0xc4 Output/Debug/Obj/nfc_spk_pca10100/app_timer2.o
 .text.rtc_irq  0x0000000000007ca4       0x52 Output/Debug/Obj/nfc_spk_pca10100/app_timer2.o
 *fill*         0x0000000000007cf6        0x2 
 .text.timer_request_proc_trigger
                0x0000000000007cf8       0x10 Output/Debug/Obj/nfc_spk_pca10100/app_timer2.o
 .text.timer_req_schedule
                0x0000000000007d08       0x58 Output/Debug/Obj/nfc_spk_pca10100/app_timer2.o
 .text.app_timer_init
                0x0000000000007d60       0x7c Output/Debug/Obj/nfc_spk_pca10100/app_timer2.o
                0x0000000000007d60                app_timer_init
 .text.app_timer_create
                0x0000000000007ddc       0x74 Output/Debug/Obj/nfc_spk_pca10100/app_timer2.o
                0x0000000000007ddc                app_timer_create
 .text.app_timer_start
                0x0000000000007e50       0xa0 Output/Debug/Obj/nfc_spk_pca10100/app_timer2.o
                0x0000000000007e50                app_timer_start
 .text.app_timer_cnt_diff_compute
                0x0000000000007ef0       0x16 Output/Debug/Obj/nfc_spk_pca10100/app_timer2.o
                0x0000000000007ef0                app_timer_cnt_diff_compute
 *fill*         0x0000000000007f06        0x2 
 .text.app_timer_cnt_get
                0x0000000000007f08       0x14 Output/Debug/Obj/nfc_spk_pca10100/app_timer2.o
                0x0000000000007f08                app_timer_cnt_get
 .text.app_util_disable_irq
                0x0000000000007f1c       0x18 Output/Debug/Obj/nfc_spk_pca10100/app_util_platform.o
                0x0000000000007f1c                app_util_disable_irq
 .text.app_util_enable_irq
                0x0000000000007f34       0x20 Output/Debug/Obj/nfc_spk_pca10100/app_util_platform.o
                0x0000000000007f34                app_util_enable_irq
 .text.app_util_critical_region_enter
                0x0000000000007f54       0x28 Output/Debug/Obj/nfc_spk_pca10100/app_util_platform.o
                0x0000000000007f54                app_util_critical_region_enter
 .text.app_util_critical_region_exit
                0x0000000000007f7c       0x2c Output/Debug/Obj/nfc_spk_pca10100/app_util_platform.o
                0x0000000000007f7c                app_util_critical_region_exit
 .text.privilege_level_get
                0x0000000000007fa8       0x3a Output/Debug/Obj/nfc_spk_pca10100/app_util_platform.o
                0x0000000000007fa8                privilege_level_get
 *fill*         0x0000000000007fe2        0x2 
 .text.__NVIC_EnableIRQ
                0x0000000000007fe4       0x34 Output/Debug/Obj/nfc_spk_pca10100/drv_rtc.o
 .text.__NVIC_SetPendingIRQ
                0x0000000000008018       0x38 Output/Debug/Obj/nfc_spk_pca10100/drv_rtc.o
 .text.__NVIC_SetPriority
                0x0000000000008050       0x50 Output/Debug/Obj/nfc_spk_pca10100/drv_rtc.o
 .text._NRFX_IRQ_PRIORITY_SET
                0x00000000000080a0       0x40 Output/Debug/Obj/nfc_spk_pca10100/drv_rtc.o
 .text._NRFX_IRQ_ENABLE
                0x00000000000080e0       0x1c Output/Debug/Obj/nfc_spk_pca10100/drv_rtc.o
 .text.nrfx_coredep_delay_us
                0x00000000000080fc       0x30 Output/Debug/Obj/nfc_spk_pca10100/drv_rtc.o
 .text.nrf_rtc_cc_set
                0x000000000000812c       0x1c Output/Debug/Obj/nfc_spk_pca10100/drv_rtc.o
 .text.nrf_rtc_cc_get
                0x0000000000008148       0x18 Output/Debug/Obj/nfc_spk_pca10100/drv_rtc.o
 .text.nrf_rtc_int_enable
                0x0000000000008160       0x14 Output/Debug/Obj/nfc_spk_pca10100/drv_rtc.o
 .text.nrf_rtc_int_disable
                0x0000000000008174       0x14 Output/Debug/Obj/nfc_spk_pca10100/drv_rtc.o
 .text.nrf_rtc_event_pending
                0x0000000000008188       0x1a Output/Debug/Obj/nfc_spk_pca10100/drv_rtc.o
 .text.nrf_rtc_event_clear
                0x00000000000081a2       0x2a Output/Debug/Obj/nfc_spk_pca10100/drv_rtc.o
 .text.nrf_rtc_counter_get
                0x00000000000081cc       0x10 Output/Debug/Obj/nfc_spk_pca10100/drv_rtc.o
 .text.nrf_rtc_prescaler_set
                0x00000000000081dc       0x30 Output/Debug/Obj/nfc_spk_pca10100/drv_rtc.o
 .text.nrf_rtc_task_trigger
                0x000000000000820c       0x1e Output/Debug/Obj/nfc_spk_pca10100/drv_rtc.o
 .text.nrf_rtc_event_enable
                0x000000000000822a       0x14 Output/Debug/Obj/nfc_spk_pca10100/drv_rtc.o
 .text.nrf_rtc_event_disable
                0x000000000000823e       0x14 Output/Debug/Obj/nfc_spk_pca10100/drv_rtc.o
 *fill*         0x0000000000008252        0x2 
 .text.drv_rtc_init
                0x0000000000008254       0xfc Output/Debug/Obj/nfc_spk_pca10100/drv_rtc.o
                0x0000000000008254                drv_rtc_init
 .text.drv_rtc_start
                0x0000000000008350       0x2c Output/Debug/Obj/nfc_spk_pca10100/drv_rtc.o
                0x0000000000008350                drv_rtc_start
 .text.drv_rtc_stop
                0x000000000000837c       0x2c Output/Debug/Obj/nfc_spk_pca10100/drv_rtc.o
                0x000000000000837c                drv_rtc_stop
 .text.drv_rtc_compare_set
                0x00000000000083a8       0xa0 Output/Debug/Obj/nfc_spk_pca10100/drv_rtc.o
                0x00000000000083a8                drv_rtc_compare_set
 .text.evt_enable
                0x0000000000008448       0x48 Output/Debug/Obj/nfc_spk_pca10100/drv_rtc.o
 .text.evt_disable
                0x0000000000008490       0x3c Output/Debug/Obj/nfc_spk_pca10100/drv_rtc.o
 .text.evt_pending
                0x00000000000084cc       0x54 Output/Debug/Obj/nfc_spk_pca10100/drv_rtc.o
 .text.ticks_sub
                0x0000000000008520       0x16 Output/Debug/Obj/nfc_spk_pca10100/drv_rtc.o
 *fill*         0x0000000000008536        0x2 
 .text.drv_rtc_windowed_compare_set
                0x0000000000008538      0x174 Output/Debug/Obj/nfc_spk_pca10100/drv_rtc.o
                0x0000000000008538                drv_rtc_windowed_compare_set
 .text.drv_rtc_overflow_enable
                0x00000000000086ac       0x22 Output/Debug/Obj/nfc_spk_pca10100/drv_rtc.o
                0x00000000000086ac                drv_rtc_overflow_enable
 .text.drv_rtc_overflow_pending
                0x00000000000086ce       0x1a Output/Debug/Obj/nfc_spk_pca10100/drv_rtc.o
                0x00000000000086ce                drv_rtc_overflow_pending
 .text.drv_rtc_compare_disable
                0x00000000000086e8       0x22 Output/Debug/Obj/nfc_spk_pca10100/drv_rtc.o
                0x00000000000086e8                drv_rtc_compare_disable
 .text.drv_rtc_compare_pending
                0x000000000000870a       0x2a Output/Debug/Obj/nfc_spk_pca10100/drv_rtc.o
                0x000000000000870a                drv_rtc_compare_pending
 .text.drv_rtc_compare_get
                0x0000000000008734       0x1e Output/Debug/Obj/nfc_spk_pca10100/drv_rtc.o
                0x0000000000008734                drv_rtc_compare_get
 .text.drv_rtc_counter_get
                0x0000000000008752       0x1a Output/Debug/Obj/nfc_spk_pca10100/drv_rtc.o
                0x0000000000008752                drv_rtc_counter_get
 .text.drv_rtc_irq_trigger
                0x000000000000876c       0x1a Output/Debug/Obj/nfc_spk_pca10100/drv_rtc.o
                0x000000000000876c                drv_rtc_irq_trigger
 *fill*         0x0000000000008786        0x2 
 .text.RTC1_IRQHandler
                0x0000000000008788       0x1c Output/Debug/Obj/nfc_spk_pca10100/drv_rtc.o
                0x0000000000008788                RTC1_IRQHandler
 .text.HardFault_Handler
                0x00000000000087a4       0x38 Output/Debug/Obj/nfc_spk_pca10100/hardfault_handler_gcc.o
                0x00000000000087a4                HardFault_Handler
 .text.__NVIC_SystemReset
                0x00000000000087dc       0x28 Output/Debug/Obj/nfc_spk_pca10100/hardfault_implementation.o
 .text.HardFault_process
                0x0000000000008804        0xa Output/Debug/Obj/nfc_spk_pca10100/hardfault_implementation.o
                0x0000000000008804                HardFault_process
 *fill*         0x000000000000880e        0x2 
 .text.HardFault_c_handler
                0x0000000000008810      0x1ac Output/Debug/Obj/nfc_spk_pca10100/hardfault_implementation.o
                0x0000000000008810                HardFault_c_handler
 .text.assert_nrf_callback
                0x00000000000089bc       0x2c Output/Debug/Obj/nfc_spk_pca10100/nrf_assert.o
                0x00000000000089bc                assert_nrf_callback
 .text.nrf_atfifo_wspace_req
                0x00000000000089e8       0x54 Output/Debug/Obj/nfc_spk_pca10100/nrf_atfifo.o
 .text.nrf_atfifo_wspace_close
                0x0000000000008a3c       0x20 Output/Debug/Obj/nfc_spk_pca10100/nrf_atfifo.o
 .text.nrf_atfifo_rspace_req
                0x0000000000008a5c       0x56 Output/Debug/Obj/nfc_spk_pca10100/nrf_atfifo.o
 .text.nrf_atfifo_rspace_close
                0x0000000000008ab2       0x20 Output/Debug/Obj/nfc_spk_pca10100/nrf_atfifo.o
 .text.nrf_atfifo_init
                0x0000000000008ad2       0x66 Output/Debug/Obj/nfc_spk_pca10100/nrf_atfifo.o
                0x0000000000008ad2                nrf_atfifo_init
 .text.nrf_atfifo_item_alloc
                0x0000000000008b38       0x32 Output/Debug/Obj/nfc_spk_pca10100/nrf_atfifo.o
                0x0000000000008b38                nrf_atfifo_item_alloc
 .text.nrf_atfifo_item_put
                0x0000000000008b6a       0x28 Output/Debug/Obj/nfc_spk_pca10100/nrf_atfifo.o
                0x0000000000008b6a                nrf_atfifo_item_put
 .text.nrf_atfifo_item_get
                0x0000000000008b92       0x32 Output/Debug/Obj/nfc_spk_pca10100/nrf_atfifo.o
                0x0000000000008b92                nrf_atfifo_item_get
 .text.nrf_atfifo_item_free
                0x0000000000008bc4       0x28 Output/Debug/Obj/nfc_spk_pca10100/nrf_atfifo.o
                0x0000000000008bc4                nrf_atfifo_item_free
 .text.nrf_atomic_u32_fetch_store
                0x0000000000008bec       0x2e Output/Debug/Obj/nfc_spk_pca10100/nrf_atomic.o
                0x0000000000008bec                nrf_atomic_u32_fetch_store
 .text.nrf_atomic_u32_or
                0x0000000000008c1a       0x30 Output/Debug/Obj/nfc_spk_pca10100/nrf_atomic.o
                0x0000000000008c1a                nrf_atomic_u32_or
 .text.nrf_atomic_u32_fetch_and
                0x0000000000008c4a       0x30 Output/Debug/Obj/nfc_spk_pca10100/nrf_atomic.o
                0x0000000000008c4a                nrf_atomic_u32_fetch_and
 .text.nrf_atomic_u32_add
                0x0000000000008c7a       0x30 Output/Debug/Obj/nfc_spk_pca10100/nrf_atomic.o
                0x0000000000008c7a                nrf_atomic_u32_add
 .text.nrf_atomic_u32_sub
                0x0000000000008caa       0x30 Output/Debug/Obj/nfc_spk_pca10100/nrf_atomic.o
                0x0000000000008caa                nrf_atomic_u32_sub
 .text.nrf_atomic_flag_set
                0x0000000000008cda       0x18 Output/Debug/Obj/nfc_spk_pca10100/nrf_atomic.o
                0x0000000000008cda                nrf_atomic_flag_set
 .text.nrf_atomic_flag_clear_fetch
                0x0000000000008cf2       0x18 Output/Debug/Obj/nfc_spk_pca10100/nrf_atomic.o
                0x0000000000008cf2                nrf_atomic_flag_clear_fetch
 *fill*         0x0000000000008d0a        0x2 
 .text.nrf_balloc_idx2block
                0x0000000000008d0c       0x38 Output/Debug/Obj/nfc_spk_pca10100/nrf_balloc.o
 .text.nrf_balloc_block2idx
                0x0000000000008d44       0x34 Output/Debug/Obj/nfc_spk_pca10100/nrf_balloc.o
 .text.nrf_balloc_init
                0x0000000000008d78       0xb8 Output/Debug/Obj/nfc_spk_pca10100/nrf_balloc.o
                0x0000000000008d78                nrf_balloc_init
 .text.nrf_balloc_alloc
                0x0000000000008e30       0x84 Output/Debug/Obj/nfc_spk_pca10100/nrf_balloc.o
                0x0000000000008e30                nrf_balloc_alloc
 .text.nrf_balloc_free
                0x0000000000008eb4       0x58 Output/Debug/Obj/nfc_spk_pca10100/nrf_balloc.o
                0x0000000000008eb4                nrf_balloc_free
 .text.nrf_fprintf_buffer_flush
                0x0000000000008f0c       0x44 Output/Debug/Obj/nfc_spk_pca10100/nrf_fprintf.o
                0x0000000000008f0c                nrf_fprintf_buffer_flush
 .text.nrf_fprintf
                0x0000000000008f50       0x74 Output/Debug/Obj/nfc_spk_pca10100/nrf_fprintf.o
                0x0000000000008f50                nrf_fprintf
 .text.buffer_add
                0x0000000000008fc4       0x4c Output/Debug/Obj/nfc_spk_pca10100/nrf_fprintf_format.o
 .text.string_print
                0x0000000000009010       0xc2 Output/Debug/Obj/nfc_spk_pca10100/nrf_fprintf_format.o
 *fill*         0x00000000000090d2        0x2 
 .text.unsigned_print
                0x00000000000090d4      0x130 Output/Debug/Obj/nfc_spk_pca10100/nrf_fprintf_format.o
 .text.int_print
                0x0000000000009204      0x11c Output/Debug/Obj/nfc_spk_pca10100/nrf_fprintf_format.o
 .text.nrf_fprintf_fmt
                0x0000000000009320      0x388 Output/Debug/Obj/nfc_spk_pca10100/nrf_fprintf_format.o
                0x0000000000009320                nrf_fprintf_fmt
 .text.nrf_memobj_pool_init
                0x00000000000096a8       0x16 Output/Debug/Obj/nfc_spk_pca10100/nrf_memobj.o
                0x00000000000096a8                nrf_memobj_pool_init
 .text.nrf_memobj_alloc
                0x00000000000096be       0xae Output/Debug/Obj/nfc_spk_pca10100/nrf_memobj.o
                0x00000000000096be                nrf_memobj_alloc
 .text.nrf_memobj_free
                0x000000000000976c       0x74 Output/Debug/Obj/nfc_spk_pca10100/nrf_memobj.o
                0x000000000000976c                nrf_memobj_free
 .text.nrf_memobj_get
                0x00000000000097e0       0x1e Output/Debug/Obj/nfc_spk_pca10100/nrf_memobj.o
                0x00000000000097e0                nrf_memobj_get
 .text.nrf_memobj_put
                0x00000000000097fe       0x34 Output/Debug/Obj/nfc_spk_pca10100/nrf_memobj.o
                0x00000000000097fe                nrf_memobj_put
 *fill*         0x0000000000009832        0x2 
 .text.memobj_op
                0x0000000000009834      0x124 Output/Debug/Obj/nfc_spk_pca10100/nrf_memobj.o
 .text.nrf_memobj_write
                0x0000000000009958       0x3c Output/Debug/Obj/nfc_spk_pca10100/nrf_memobj.o
                0x0000000000009958                nrf_memobj_write
 .text.nrf_memobj_read
                0x0000000000009994       0x40 Output/Debug/Obj/nfc_spk_pca10100/nrf_memobj.o
                0x0000000000009994                nrf_memobj_read
 .text.nrf_ringbuf_init
                0x00000000000099d4       0x3a Output/Debug/Obj/nfc_spk_pca10100/nrf_ringbuf.o
                0x00000000000099d4                nrf_ringbuf_init
 *fill*         0x0000000000009a0e        0x2 
 .text.nrf_sortlist_add
                0x0000000000009a10       0x74 Output/Debug/Obj/nfc_spk_pca10100/nrf_sortlist.o
                0x0000000000009a10                nrf_sortlist_add
 .text.nrf_sortlist_pop
                0x0000000000009a84       0x44 Output/Debug/Obj/nfc_spk_pca10100/nrf_sortlist.o
                0x0000000000009a84                nrf_sortlist_pop
 .text.nrf_sortlist_peek
                0x0000000000009ac8       0x28 Output/Debug/Obj/nfc_spk_pca10100/nrf_sortlist.o
                0x0000000000009ac8                nrf_sortlist_peek
 .text.nrf_sortlist_remove
                0x0000000000009af0       0x6c Output/Debug/Obj/nfc_spk_pca10100/nrf_sortlist.o
                0x0000000000009af0                nrf_sortlist_remove
 .text.nrf_strerror_get
                0x0000000000009b5c       0x28 Output/Debug/Obj/nfc_spk_pca10100/nrf_strerror.o
                0x0000000000009b5c                nrf_strerror_get
 .text.nrf_strerror_find
                0x0000000000009b84       0x68 Output/Debug/Obj/nfc_spk_pca10100/nrf_strerror.o
                0x0000000000009b84                nrf_strerror_find
 .text.nrf_drv_uart_uninit
                0x0000000000009bec       0x44 Output/Debug/Obj/nfc_spk_pca10100/nrf_log_backend_uart.o
 .text.nrf_drv_uart_tx
                0x0000000000009c30       0x64 Output/Debug/Obj/nfc_spk_pca10100/nrf_log_backend_uart.o
 .text.uart_evt_handler
                0x0000000000009c94       0x18 Output/Debug/Obj/nfc_spk_pca10100/nrf_log_backend_uart.o
 .text.uart_init
                0x0000000000009cac       0x88 Output/Debug/Obj/nfc_spk_pca10100/nrf_log_backend_uart.o
 .text.nrf_log_backend_uart_init
                0x0000000000009d34       0x1c Output/Debug/Obj/nfc_spk_pca10100/nrf_log_backend_uart.o
                0x0000000000009d34                nrf_log_backend_uart_init
 .text.serial_tx
                0x0000000000009d50       0x6c Output/Debug/Obj/nfc_spk_pca10100/nrf_log_backend_uart.o
 .text.nrf_log_backend_uart_put
                0x0000000000009dbc       0x28 Output/Debug/Obj/nfc_spk_pca10100/nrf_log_backend_uart.o
 .text.nrf_log_backend_uart_flush
                0x0000000000009de4        0xa Output/Debug/Obj/nfc_spk_pca10100/nrf_log_backend_uart.o
 *fill*         0x0000000000009dee        0x2 
 .text.nrf_log_backend_uart_panic_set
                0x0000000000009df0       0x20 Output/Debug/Obj/nfc_spk_pca10100/nrf_log_backend_uart.o
 .text.nrf_log_backend_enable
                0x0000000000009e10       0x12 Output/Debug/Obj/nfc_spk_pca10100/nrf_log_default_backends.o
 *fill*         0x0000000000009e22        0x2 
 .text.nrf_log_default_backends_init
                0x0000000000009e24       0x3c Output/Debug/Obj/nfc_spk_pca10100/nrf_log_default_backends.o
                0x0000000000009e24                nrf_log_default_backends_init
 .text.nrf_log_backend_put
                0x0000000000009e60       0x1c Output/Debug/Obj/nfc_spk_pca10100/nrf_log_frontend.o
 .text.nrf_log_backend_panic_set
                0x0000000000009e7c       0x18 Output/Debug/Obj/nfc_spk_pca10100/nrf_log_frontend.o
 .text.nrf_log_backend_flush
                0x0000000000009e94       0x18 Output/Debug/Obj/nfc_spk_pca10100/nrf_log_frontend.o
 .text.nrf_log_backend_id_set
                0x0000000000009eac       0x1a Output/Debug/Obj/nfc_spk_pca10100/nrf_log_frontend.o
 .text.nrf_log_backend_id_get
                0x0000000000009ec6       0x10 Output/Debug/Obj/nfc_spk_pca10100/nrf_log_frontend.o
 .text.nrf_log_backend_enable
                0x0000000000009ed6       0x12 Output/Debug/Obj/nfc_spk_pca10100/nrf_log_frontend.o
 .text.nrf_log_backend_is_enabled
                0x0000000000009ee8       0x10 Output/Debug/Obj/nfc_spk_pca10100/nrf_log_frontend.o
 .text.nrf_log_init
                0x0000000000009ef8       0x50 Output/Debug/Obj/nfc_spk_pca10100/nrf_log_frontend.o
                0x0000000000009ef8                nrf_log_init
 .text.nrf_log_module_cnt_get
                0x0000000000009f48       0x14 Output/Debug/Obj/nfc_spk_pca10100/nrf_log_frontend.o
                0x0000000000009f48                nrf_log_module_cnt_get
 .text.module_idx_get
                0x0000000000009f5c       0x64 Output/Debug/Obj/nfc_spk_pca10100/nrf_log_frontend.o
 .text.nrf_log_module_name_get
                0x0000000000009fc0       0x40 Output/Debug/Obj/nfc_spk_pca10100/nrf_log_frontend.o
                0x0000000000009fc0                nrf_log_module_name_get
 .text.nrf_log_color_id_get
                0x000000000000a000       0x70 Output/Debug/Obj/nfc_spk_pca10100/nrf_log_frontend.o
                0x000000000000a000                nrf_log_color_id_get
 .text.invalid_packets_omit
                0x000000000000a070       0x6e Output/Debug/Obj/nfc_spk_pca10100/nrf_log_frontend.o
 *fill*         0x000000000000a0de        0x2 
 .text.log_skip
                0x000000000000a0e0      0x118 Output/Debug/Obj/nfc_spk_pca10100/nrf_log_frontend.o
 .text.dropped_sat16_get
                0x000000000000a1f8       0x28 Output/Debug/Obj/nfc_spk_pca10100/nrf_log_frontend.o
 .text.std_header_set
                0x000000000000a220       0xb4 Output/Debug/Obj/nfc_spk_pca10100/nrf_log_frontend.o
 .text.log_pending_hook
                0x000000000000a2d4        0x4 Output/Debug/Obj/nfc_spk_pca10100/nrf_log_frontend.o
                0x000000000000a2d4                log_pending_hook
 .text.buf_prealloc
                0x000000000000a2d8      0x128 Output/Debug/Obj/nfc_spk_pca10100/nrf_log_frontend.o
 .text.std_n    0x000000000000a400       0x94 Output/Debug/Obj/nfc_spk_pca10100/nrf_log_frontend.o
 .text.nrf_log_frontend_std_0
                0x000000000000a494       0x1c Output/Debug/Obj/nfc_spk_pca10100/nrf_log_frontend.o
                0x000000000000a494                nrf_log_frontend_std_0
 .text.nrf_log_frontend_std_1
                0x000000000000a4b0       0x22 Output/Debug/Obj/nfc_spk_pca10100/nrf_log_frontend.o
                0x000000000000a4b0                nrf_log_frontend_std_1
 .text.nrf_log_frontend_std_2
                0x000000000000a4d2       0x28 Output/Debug/Obj/nfc_spk_pca10100/nrf_log_frontend.o
                0x000000000000a4d2                nrf_log_frontend_std_2
 .text.nrf_log_frontend_std_3
                0x000000000000a4fa       0x2c Output/Debug/Obj/nfc_spk_pca10100/nrf_log_frontend.o
                0x000000000000a4fa                nrf_log_frontend_std_3
 .text.nrf_log_frontend_std_4
                0x000000000000a526       0x30 Output/Debug/Obj/nfc_spk_pca10100/nrf_log_frontend.o
                0x000000000000a526                nrf_log_frontend_std_4
 .text.nrf_log_frontend_std_5
                0x000000000000a556       0x34 Output/Debug/Obj/nfc_spk_pca10100/nrf_log_frontend.o
                0x000000000000a556                nrf_log_frontend_std_5
 *fill*         0x000000000000a58a        0x2 
 .text.nrf_log_frontend_hexdump
                0x000000000000a58c      0x148 Output/Debug/Obj/nfc_spk_pca10100/nrf_log_frontend.o
                0x000000000000a58c                nrf_log_frontend_hexdump
 .text.buffer_is_empty
                0x000000000000a6d4       0x1c Output/Debug/Obj/nfc_spk_pca10100/nrf_log_frontend.o
                0x000000000000a6d4                buffer_is_empty
 .text.nrf_log_frontend_dequeue
                0x000000000000a6f0      0x3a0 Output/Debug/Obj/nfc_spk_pca10100/nrf_log_frontend.o
                0x000000000000a6f0                nrf_log_frontend_dequeue
 .text.backend_id_assign
                0x000000000000aa90       0x68 Output/Debug/Obj/nfc_spk_pca10100/nrf_log_frontend.o
 .text.nrf_log_backend_add
                0x000000000000aaf8       0x70 Output/Debug/Obj/nfc_spk_pca10100/nrf_log_frontend.o
                0x000000000000aaf8                nrf_log_backend_add
 .text.nrf_log_panic
                0x000000000000ab68       0x3c Output/Debug/Obj/nfc_spk_pca10100/nrf_log_frontend.o
                0x000000000000ab68                nrf_log_panic
 .text.timestamp_print
                0x000000000000aba4        0xc Output/Debug/Obj/nfc_spk_pca10100/nrf_log_str_formatter.o
 .text.prefix_process
                0x000000000000abb0       0xb0 Output/Debug/Obj/nfc_spk_pca10100/nrf_log_str_formatter.o
 .text.postfix_process
                0x000000000000ac60       0x60 Output/Debug/Obj/nfc_spk_pca10100/nrf_log_str_formatter.o
 .text.nrf_log_std_entry_process
                0x000000000000acc0      0x144 Output/Debug/Obj/nfc_spk_pca10100/nrf_log_str_formatter.o
                0x000000000000acc0                nrf_log_std_entry_process
 .text.nrf_log_hexdump_entry_process
                0x000000000000ae04       0xf0 Output/Debug/Obj/nfc_spk_pca10100/nrf_log_str_formatter.o
                0x000000000000ae04                nrf_log_hexdump_entry_process
 .text.nrf_log_backend_serial_put
                0x000000000000aef4      0x124 Output/Debug/Obj/nfc_spk_pca10100/nrf_log_backend_serial.o
                0x000000000000aef4                nrf_log_backend_serial_put
 .text.nfc_ndef_msg_record_add
                0x000000000000b018       0x38 Output/Debug/Obj/nfc_spk_pca10100/nfc_ndef_msg.o
                0x000000000000b018                nfc_ndef_msg_record_add
 .text.ndef_msg_parser
                0x000000000000b050       0x3c Output/Debug/Obj/nfc_spk_pca10100/nfc_ndef_msg_parser.o
                0x000000000000b050                ndef_msg_parser
 .text.ndef_msg_printout
                0x000000000000b08c       0x60 Output/Debug/Obj/nfc_spk_pca10100/nfc_ndef_msg_parser.o
                0x000000000000b08c                ndef_msg_printout
 .text.internal_ndef_msg_parser
                0x000000000000b0ec       0xee Output/Debug/Obj/nfc_spk_pca10100/nfc_ndef_msg_parser_local.o
                0x000000000000b0ec                internal_ndef_msg_parser
 *fill*         0x000000000000b1da        0x2 
 .text.ndef_parser_memo_resolve
                0x000000000000b1dc       0x94 Output/Debug/Obj/nfc_spk_pca10100/nfc_ndef_msg_parser_local.o
                0x000000000000b1dc                ndef_parser_memo_resolve
 .text.nfc_ndef_bin_payload_memcopy
                0x000000000000b270       0x42 Output/Debug/Obj/nfc_spk_pca10100/nfc_ndef_record.o
                0x000000000000b270                nfc_ndef_bin_payload_memcopy
 .text.uint32_big_decode
                0x000000000000b2b2       0x2c Output/Debug/Obj/nfc_spk_pca10100/nfc_ndef_record_parser.o
 *fill*         0x000000000000b2de        0x2 
 .text.ndef_record_parser
                0x000000000000b2e0      0x170 Output/Debug/Obj/nfc_spk_pca10100/nfc_ndef_record_parser.o
                0x000000000000b2e0                ndef_record_parser
 .text.ndef_record_printout
                0x000000000000b450      0x134 Output/Debug/Obj/nfc_spk_pca10100/nfc_ndef_record_parser.o
                0x000000000000b450                ndef_record_printout
 .text.uint16_big_decode
                0x000000000000b584       0x20 Output/Debug/Obj/nfc_spk_pca10100/nfc_t2t_parser.o
 .text.uint32_big_decode
                0x000000000000b5a4       0x2c Output/Debug/Obj/nfc_spk_pca10100/nfc_t2t_parser.o
 .text.type_2_tag_tlv_block_insert
                0x000000000000b5d0       0x40 Output/Debug/Obj/nfc_spk_pca10100/nfc_t2t_parser.o
 .text.tlv_block_is_data_length_correct
                0x000000000000b610       0x4a Output/Debug/Obj/nfc_spk_pca10100/nfc_t2t_parser.o
 .text.type_2_tag_is_end_reached
                0x000000000000b65a       0x24 Output/Debug/Obj/nfc_spk_pca10100/nfc_t2t_parser.o
 .text.type_2_tag_is_version_supported
                0x000000000000b67e       0x18 Output/Debug/Obj/nfc_spk_pca10100/nfc_t2t_parser.o
 .text.type_2_tag_is_field_within_data_range
                0x000000000000b696       0x4a Output/Debug/Obj/nfc_spk_pca10100/nfc_t2t_parser.o
 .text.type_2_tag_type_extract
                0x000000000000b6e0       0x50 Output/Debug/Obj/nfc_spk_pca10100/nfc_t2t_parser.o
 .text.type_2_tag_length_extract
                0x000000000000b730       0xb6 Output/Debug/Obj/nfc_spk_pca10100/nfc_t2t_parser.o
 .text.type_2_tag_value_ptr_extract
                0x000000000000b7e6       0x64 Output/Debug/Obj/nfc_spk_pca10100/nfc_t2t_parser.o
 .text.type_2_tag_tlv_block_extract
                0x000000000000b84a       0x8a Output/Debug/Obj/nfc_spk_pca10100/nfc_t2t_parser.o
 .text.type_2_tag_is_bcc_correct
                0x000000000000b8d4       0x80 Output/Debug/Obj/nfc_spk_pca10100/nfc_t2t_parser.o
 .text.type_2_tag_internal_parse
                0x000000000000b954       0x9c Output/Debug/Obj/nfc_spk_pca10100/nfc_t2t_parser.o
 .text.type_2_tag_cc_parse
                0x000000000000b9f0       0x6c Output/Debug/Obj/nfc_spk_pca10100/nfc_t2t_parser.o
 .text.type_2_tag_tlv_parse
                0x000000000000ba5c       0x90 Output/Debug/Obj/nfc_spk_pca10100/nfc_t2t_parser.o
 .text.type_2_tag_clear
                0x000000000000baec       0x2e Output/Debug/Obj/nfc_spk_pca10100/nfc_t2t_parser.o
                0x000000000000baec                type_2_tag_clear
 .text.type_2_tag_parse
                0x000000000000bb1a       0x96 Output/Debug/Obj/nfc_spk_pca10100/nfc_t2t_parser.o
                0x000000000000bb1a                type_2_tag_parse
 .text.type_2_tag_printout
                0x000000000000bbb0      0x1b8 Output/Debug/Obj/nfc_spk_pca10100/nfc_t2t_parser.o
                0x000000000000bbb0                type_2_tag_printout
 .text.nfc_t4t_resp_apdu_clear
                0x000000000000bd68       0x18 Output/Debug/Obj/nfc_spk_pca10100/nfc_t4t_apdu.o
 .text.uint16_big_decode
                0x000000000000bd80       0x20 Output/Debug/Obj/nfc_spk_pca10100/nfc_t4t_apdu.o
 .text.nfc_t4t_comm_apdu_size_calc
                0x000000000000bda0       0x70 Output/Debug/Obj/nfc_spk_pca10100/nfc_t4t_apdu.o
 .text.nfc_t4t_comm_apdu_args_validate
                0x000000000000be10       0x3a Output/Debug/Obj/nfc_spk_pca10100/nfc_t4t_apdu.o
 .text.nfc_t4t_comm_apdu_encode
                0x000000000000be4a      0x148 Output/Debug/Obj/nfc_spk_pca10100/nfc_t4t_apdu.o
                0x000000000000be4a                nfc_t4t_comm_apdu_encode
 .text.nfc_t4t_resp_apdu_args_validate
                0x000000000000bf92       0x30 Output/Debug/Obj/nfc_spk_pca10100/nfc_t4t_apdu.o
 .text.nfc_t4t_resp_apdu_decode
                0x000000000000bfc2       0x6e Output/Debug/Obj/nfc_spk_pca10100/nfc_t4t_apdu.o
                0x000000000000bfc2                nfc_t4t_resp_apdu_decode
 .text.nfc_t4t_resp_apdu_printout
                0x000000000000c030       0x90 Output/Debug/Obj/nfc_spk_pca10100/nfc_t4t_apdu.o
                0x000000000000c030                nfc_t4t_resp_apdu_printout
 .text.uint16_big_decode
                0x000000000000c0c0       0x20 Output/Debug/Obj/nfc_spk_pca10100/nfc_t4t_cc_file.o
 .text.nfc_t4t_cc_args_validate
                0x000000000000c0e0       0x50 Output/Debug/Obj/nfc_spk_pca10100/nfc_t4t_cc_file.o
 .text.nfc_t4t_cc_file_validate
                0x000000000000c130       0x3a Output/Debug/Obj/nfc_spk_pca10100/nfc_t4t_cc_file.o
 .text.nfc_t4t_cc_file_clear
                0x000000000000c16a       0x10 Output/Debug/Obj/nfc_spk_pca10100/nfc_t4t_cc_file.o
 .text.nfc_t4t_tlv_block_insert
                0x000000000000c17a       0x50 Output/Debug/Obj/nfc_spk_pca10100/nfc_t4t_cc_file.o
 .text.nfc_t4t_cc_file_parse
                0x000000000000c1ca      0x118 Output/Debug/Obj/nfc_spk_pca10100/nfc_t4t_cc_file.o
                0x000000000000c1ca                nfc_t4t_cc_file_parse
 .text.nfc_t4t_file_content_get
                0x000000000000c2e2       0x6c Output/Debug/Obj/nfc_spk_pca10100/nfc_t4t_cc_file.o
                0x000000000000c2e2                nfc_t4t_file_content_get
 .text.nfc_t4t_file_content_set
                0x000000000000c34e       0x40 Output/Debug/Obj/nfc_spk_pca10100/nfc_t4t_cc_file.o
                0x000000000000c34e                nfc_t4t_file_content_set
 *fill*         0x000000000000c38e        0x2 
 .text.nfc_t4t_cc_file_printout
                0x000000000000c390      0x10c Output/Debug/Obj/nfc_spk_pca10100/nfc_t4t_cc_file.o
                0x000000000000c390                nfc_t4t_cc_file_printout
 .text.nfc_t4t_comm_apdu_clear
                0x000000000000c49c       0x18 Output/Debug/Obj/nfc_spk_pca10100/nfc_t4t_hl_detection_procedures.o
 .text.uint16_big_decode
                0x000000000000c4b4       0x20 Output/Debug/Obj/nfc_spk_pca10100/nfc_t4t_hl_detection_procedures.o
 .text.uint16_big_encode
                0x000000000000c4d4       0x2c Output/Debug/Obj/nfc_spk_pca10100/nfc_t4t_hl_detection_procedures.o
 .text.nfc_t4t_apdu_exchange
                0x000000000000c500       0xae Output/Debug/Obj/nfc_spk_pca10100/nfc_t4t_hl_detection_procedures.o
 .text.nfc_t4t_apdu_default_exchange
                0x000000000000c5ae       0x3e Output/Debug/Obj/nfc_spk_pca10100/nfc_t4t_hl_detection_procedures.o
 .text.nfc_t4t_file_chunk_save
                0x000000000000c5ec       0x66 Output/Debug/Obj/nfc_spk_pca10100/nfc_t4t_hl_detection_procedures.o
 .text.nfc_t4t_file_len_update
                0x000000000000c652       0x2e Output/Debug/Obj/nfc_spk_pca10100/nfc_t4t_hl_detection_procedures.o
 .text.nfc_t4t_ndef_tag_app_select
                0x000000000000c680       0x84 Output/Debug/Obj/nfc_spk_pca10100/nfc_t4t_hl_detection_procedures.o
                0x000000000000c680                nfc_t4t_ndef_tag_app_select
 .text.nfc_t4t_file_select
                0x000000000000c704       0xac Output/Debug/Obj/nfc_spk_pca10100/nfc_t4t_hl_detection_procedures.o
                0x000000000000c704                nfc_t4t_file_select
 .text.nfc_t4t_cc_select
                0x000000000000c7b0       0x34 Output/Debug/Obj/nfc_spk_pca10100/nfc_t4t_hl_detection_procedures.o
                0x000000000000c7b0                nfc_t4t_cc_select
 .text.nfc_t4t_cc_read
                0x000000000000c7e4      0x170 Output/Debug/Obj/nfc_spk_pca10100/nfc_t4t_hl_detection_procedures.o
                0x000000000000c7e4                nfc_t4t_cc_read
 .text.nfc_t4t_ndef_read
                0x000000000000c954      0x1dc Output/Debug/Obj/nfc_spk_pca10100/nfc_t4t_hl_detection_procedures.o
                0x000000000000c954                nfc_t4t_ndef_read
 .text.uint16_big_decode
                0x000000000000cb30       0x20 Output/Debug/Obj/nfc_spk_pca10100/nfc_t4t_tlv_block.o
 .text.uint32_big_decode
                0x000000000000cb50       0x2c Output/Debug/Obj/nfc_spk_pca10100/nfc_t4t_tlv_block.o
 .text.nfc_t4t_file_control_tl_validate
                0x000000000000cb7c       0x52 Output/Debug/Obj/nfc_spk_pca10100/nfc_t4t_tlv_block.o
 .text.nfc_t4t_file_control_value_parse
                0x000000000000cbce      0x124 Output/Debug/Obj/nfc_spk_pca10100/nfc_t4t_tlv_block.o
 .text.nfc_t4t_file_control_tlv_parse
                0x000000000000ccf2       0xce Output/Debug/Obj/nfc_spk_pca10100/nfc_t4t_tlv_block.o
                0x000000000000ccf2                nfc_t4t_file_control_tlv_parse
 .text.nfc_t4t_file_control_tlv_printout
                0x000000000000cdc0      0x1c8 Output/Debug/Obj/nfc_spk_pca10100/nfc_t4t_tlv_block.o
                0x000000000000cdc0                nfc_t4t_file_control_tlv_printout
 .text.libc.putchar
                0x000000000000cf88        0xe C:/Program Files/SEGGER/SEGGER Embedded Studio for ARM 7.10/lib/libc_v7em_fpv4_sp_d16_hard_t_le_eabi_balanced.a(fileops.o)
                0x000000000000cf88                putchar
 .text.libc.fputc
                0x000000000000cf96       0x22 C:/Program Files/SEGGER/SEGGER Embedded Studio for ARM 7.10/lib/libc_v7em_fpv4_sp_d16_hard_t_le_eabi_balanced.a(fileops.o)
                0x000000000000cf96                fputc
 .text.libc.puts
                0x000000000000cfb8       0x30 C:/Program Files/SEGGER/SEGGER Embedded Studio for ARM 7.10/lib/libc_v7em_fpv4_sp_d16_hard_t_le_eabi_balanced.a(fileops.o)
                0x000000000000cfb8                puts
 .text.libc.fwrite
                0x000000000000cfe8       0x2e C:/Program Files/SEGGER/SEGGER Embedded Studio for ARM 7.10/lib/libc_v7em_fpv4_sp_d16_hard_t_le_eabi_balanced.a(fileops.o)
                0x000000000000cfe8                fwrite
 *fill*         0x000000000000d016        0x2 
 .text.libc.__aeabi_uldivmod
                0x000000000000d018      0x130 C:/Program Files/SEGGER/SEGGER Embedded Studio for ARM 7.10/lib/libc_v7em_fpv4_sp_d16_hard_t_le_eabi_balanced.a(intasmops_arm.o)
                0x000000000000d018                __aeabi_uldivmod
 .text.libc.__SEGGER_RTL_current_locale
                0x000000000000d148       0x1a C:/Program Files/SEGGER/SEGGER Embedded Studio for ARM 7.10/lib/libc_v7em_fpv4_sp_d16_hard_t_le_eabi_balanced.a(mbops.o)
                0x000000000000d148                __SEGGER_RTL_current_locale
 .text.libc.__SEGGER_RTL_ascii_mbtowc
                0x000000000000d162       0x30 C:/Program Files/SEGGER/SEGGER Embedded Studio for ARM 7.10/lib/libc_v7em_fpv4_sp_d16_hard_t_le_eabi_balanced.a(mbops.o)
                0x000000000000d162                __SEGGER_RTL_ascii_mbtowc
 .text.libc.__SEGGER_RTL_ascii_wctomb
                0x000000000000d192        0xe C:/Program Files/SEGGER/SEGGER Embedded Studio for ARM 7.10/lib/libc_v7em_fpv4_sp_d16_hard_t_le_eabi_balanced.a(mbops.o)
                0x000000000000d192                __SEGGER_RTL_ascii_wctomb
 .text.libc.__SEGGER_RTL_isctype
                0x000000000000d1a0       0x20 C:/Program Files/SEGGER/SEGGER Embedded Studio for ARM 7.10/lib/libc_v7em_fpv4_sp_d16_hard_t_le_eabi_balanced.a(mbops.o)
 .text.libc.isprint
                0x000000000000d1c0        0x6 C:/Program Files/SEGGER/SEGGER Embedded Studio for ARM 7.10/lib/libc_v7em_fpv4_sp_d16_hard_t_le_eabi_balanced.a(mbops.o)
                0x000000000000d1c0                isprint
 .text.libc.__SEGGER_RTL_ascii_isctype
                0x000000000000d1c6       0x20 C:/Program Files/SEGGER/SEGGER Embedded Studio for ARM 7.10/lib/libc_v7em_fpv4_sp_d16_hard_t_le_eabi_balanced.a(mbops.o)
 .text.libc.__SEGGER_RTL_ascii_toupper
                0x000000000000d1e6        0xc C:/Program Files/SEGGER/SEGGER Embedded Studio for ARM 7.10/lib/libc_v7em_fpv4_sp_d16_hard_t_le_eabi_balanced.a(mbops.o)
 .text.libc.__SEGGER_RTL_ascii_tolower
                0x000000000000d1f2        0xc C:/Program Files/SEGGER/SEGGER Embedded Studio for ARM 7.10/lib/libc_v7em_fpv4_sp_d16_hard_t_le_eabi_balanced.a(mbops.o)
 .text.libc.__SEGGER_RTL_ascii_iswctype
                0x000000000000d1fe       0x20 C:/Program Files/SEGGER/SEGGER Embedded Studio for ARM 7.10/lib/libc_v7em_fpv4_sp_d16_hard_t_le_eabi_balanced.a(mbops.o)
 .text.libc.__SEGGER_RTL_ascii_towupper
                0x000000000000d21e        0xc C:/Program Files/SEGGER/SEGGER Embedded Studio for ARM 7.10/lib/libc_v7em_fpv4_sp_d16_hard_t_le_eabi_balanced.a(mbops.o)
 .text.libc.__SEGGER_RTL_ascii_towlower
                0x000000000000d22a        0xc C:/Program Files/SEGGER/SEGGER Embedded Studio for ARM 7.10/lib/libc_v7em_fpv4_sp_d16_hard_t_le_eabi_balanced.a(mbops.o)
 *fill*         0x000000000000d236        0x2 
 .text.libc.strlen
                0x000000000000d238       0x60 C:/Program Files/SEGGER/SEGGER Embedded Studio for ARM 7.10/lib/libc_v7em_fpv4_sp_d16_hard_t_le_eabi_balanced.a(strasmops_arm.o)
                0x000000000000d238                strlen
 .text.libc.memcpy
                0x000000000000d298       0x64 C:/Program Files/SEGGER/SEGGER Embedded Studio for ARM 7.10/lib/libc_v7em_fpv4_sp_d16_hard_t_le_eabi_balanced.a(strasmops_arm.o)
                0x000000000000d298                __aeabi_memcpy
                0x000000000000d298                memcpy
                0x000000000000d2ba                __aeabi_memcpy8
                0x000000000000d2ba                __aeabi_memcpy4
 .text.libc.__aeabi_memclr
                0x000000000000d2fc       0x68 C:/Program Files/SEGGER/SEGGER Embedded Studio for ARM 7.10/lib/libc_v7em_fpv4_sp_d16_hard_t_le_eabi_balanced.a(strasmops_arm.o)
                0x000000000000d2fc                __aeabi_memclr8
                0x000000000000d2fc                __aeabi_memclr
                0x000000000000d2fc                __aeabi_memclr4
                0x000000000000d2fe                __aeabi_memset4
                0x000000000000d2fe                __aeabi_memset8
                0x000000000000d2fe                __aeabi_memset
                0x000000000000d304                memset
 .text.libc.memcmp